
node:internal/modules/run_main:107
    triggerUncaughtException(
    ^

AssertionError [ERR_ASSERTION]: The input did not match the regular expression /data-rw-stage="UNDERSTAND"/. Input:

'<!doctype html>\n' +
  '<html lang="en">\n' +
  '<head>\n' +
  '  <meta charset="utf-8">\n' +
  '  <meta name="robots" content="index,follow">\n' +
  '  <meta name="viewport" content="width=device-width,initial-scale=1">\n' +
  '  <meta name="description" content="My Reality brings current reality, perspectives, reading, navigation, observation, review and continuity into one governed customer workspace.">\n' +
  '  <title>My Reality — PHI OS</title>\n' +
  '  <link rel="canonical" href="/reality/">\n' +
  '  <link rel="stylesheet" href="/assets/customer-ui/tokens.css">\n' +
  '  <link rel="stylesheet" href="/assets/customer-ui/base.css">\n' +
  '  <link rel="stylesheet" href="/assets/customer-ui/typography.css">\n' +
  '  <link rel="stylesheet" href="/assets/customer-ui/layout.css">\n' +
  '  <link rel="stylesheet" href="/assets/customer-ui/components.css">\n' +
  '  <link rel="stylesheet" href="/assets/customer-ui/motion.css">\n' +
  '  <link rel="stylesheet" href="/assets/customer-ui/utilities.css">\n' +
  '  <link rel="stylesheet" href="/assets/customer-ui/surfaces/p1.css">\n' +
  '  <link rel="stylesheet" href="/assets/customer-ui/surfaces/my-reality.css">\n' +
  '<link rel="stylesheet" href="/assets/customer-ui/surfaces/public-index.css">\n' +
  '<meta property="og:title" content="My Reality — PHI OS"><meta property="og:description" content="My Reality is a place to return to your situation over time. Start with what is happening, consider a manageable next step, then revisit what changed. A report or method interpretation can support reflection, but it should remain connected to your own observations. Sign in only when you want to use the account features available to you."><meta property="og:type" content="website"><meta property="og:url" content="https://www.getphios.com/reality/">\n' +
  '<script type="application/ld+json" data-pis-schema>{"@context":"https://schema.org","@type":"WebPage","name":"My Reality — PHI OS","url":"https://www.getphios.com/reality/","description":"My Reality brings current reality, perspectives, reading, navigation, observation, review and continuity into one governed customer workspace.","isPartOf":{"@type":"WebSite","name":"PHI OS","url":"https://www.getphios.com/"}}</script>\n' +
  '<meta property="og:image" content="https://pub-1967bc5812ee4164b19a806fb1427021.r2.dev/images/hero/PHIOS-HERO-REALITY-NAVIGATION-v1.webp">\n' +
  '<link rel="stylesheet" href="/assets/customer-ui/surfaces/reality-structure.css">\n' +
  '<link rel="stylesheet" href="/assets/customer-ui/surfaces/reality-navigation-network.css"></head>\n' +
  '<body class="cx-my-reality" data-cx-surface="MY_REALITY" data-cx-nav="MY_REALITY">\n' +
  '  <a class="cx-skip" href="#main">Skip to content</a>\n' +
  '  <div data-cx-header></div>\n' +
  '  <main id="main" class="cx-p1-main">\n' +
  '    <section class="cx-p1-hero cx-my-reality__hero">\n' +
  '      <div class="cx-container cx-network-hero">\n' +
  '        <div class="cx-stack">\n' +
  '          <p class="cx-eyebrow" data-cx-en="MY REALITY" data-cx-zh="我的现实">MY REALITY</p>\n' +
  '          <h1 class="cx-display" data-cx-en="See the connections. Understand your position." data-cx-zh="看见现实中的连接，理解自己所在的位置。">See where you are. Keep what changes connected.</h1>\n' +
  '          <p class="cx-lead" data-cx-en="Current situation, perspectives, reading, possible directions, observation and review stay in one workspace without being collapsed into one answer." data-cx-zh="当前处境、不同视角、读取、可能方向、观察与复核都留在同一个工作区，但不会被揉成一个答案。">Current situation, perspectives, reading, possible directions, observation and review stay in one workspace without being collapsed into one answer.</p>\n' +
  '          <div class="cx-p1-actions"><button class="cx-button cx-button--primary" type="button" data-cx-start-reality><span data-cx-en="Start with what is happening" data-cx-zh="从正在发生的事情开始">Start with what is happening</span></button><a class="cx-button cx-button--secondary" href="#navigation-network-principles"><span data-cx-en="Explore how navigation forms" data-cx-zh="了解导航能力如何形成">Explore how navigation forms</span></a></div>\n' +
  '          <p class="cx-p1-note" data-cx-en="Nothing is saved automatically. A perspective, calculation or reading remains what it is; appearing here does not turn it into a Reality fact." data-cx-zh="这里不会自动保存资料。视角、计算或读取仍保持原来的性质；出现在这里，不会自动变成 Reality 事实。">Nothing is saved automatically. A perspective, calculation or reading remains what it is; appearing here does not turn it into a Reality fact.</p>\n' +
  '        </div>\n' +
  '        \n' +
  '      </div>\n' +
  '    </section>\n' +
  '\n' +
  '    <section class="cx-section--tight"><div class="cx-container"><div class="cx-network-workspace" data-reality-network></div></div></section>\n' +
  '    <section class="cx-my-reality__context" aria-label="Current Reality summary" data-cx-context-summary>\n' +
  '      <div class="cx-container cx-my-reality__context-grid">\n' +
  '        <article><small data-cx-en="What is happening now" data-cx-zh="现在正在发生什么">What is happening now</small><strong data-cx-summary-happening>Not established</strong></article>\n' +
  '        <article><small data-cx-en="What has been established" data-cx-zh="已经建立了什么">What has been established</small><strong data-cx-summary-established>0 items</strong></article>\n' +
  '        <article><small data-cx-en="What remains unknown" data-cx-zh="仍然未知什么">What remains unknown</small><strong data-cx-summary-unknown>0 open items</strong></article>\n' +
  '        <article><small data-cx-en="Current stage" data-cx-zh="当前阶段">Current stage</small><strong data-cx-summary-stage>Not established</strong></article>\n' +
  '        <article><small data-cx-en="Possible next directions" data-cx-zh="可能的下一方向">Possible next directions</small><strong data-cx-summary-next>None established</strong></article>\n' +
  '      </div>\n' +
  '    </section>\n' +
  '\n' +
  '    <section class="cx-section--tight">\n' +
  '      <div class="cx-container">\n' +
  '        <div class="cx-p1-workspace cx-my-reality__workspace" data-cx-workspace>\n' +
  '          <aside class="cx-p1-rail cx-my-reality__rail"><nav aria-label="My Reality sections" data-cx-tablist>\n' +
  '            <button class="cx-p1-tab" type="button" data-cx-tab="overview" aria-selected="true" data-cx-en="Overview" data-cx-zh="总览">Overview</button>\n' +
  '            <button class="cx-p1-tab" type="button" data-cx-tab="current" data-cx-en="Current Reality" data-cx-zh="当前现实">Current Reality</button>\n' +
  '            <button class="cx-p1-tab" type="button" data-cx-tab="perspectives" data-cx-en="Perspectives" data-cx-zh="视角">Perspectives</button>\n' +
  '            <button class="cx-p1-tab" type="button" data-cx-tab="reading" data-cx-en="Reading" data-cx-zh="读取">Reading</button>\n' +
  '            <button class="cx-p1-tab" type="button" data-cx-tab="navigation" data-cx-en="Directions" data-cx-zh="方向">Directions</button>\n' +
  '            <button class="cx-p1-tab" type="button" data-cx-tab="actions" data-cx-en="Actions" data-cx-zh="行动">Actions</button>\n' +
  '            <button class="cx-p1-tab" type="button" data-cx-tab="observe" data-cx-en="Observe" data-cx-zh="观察">Observe</button>\n' +
  '            <button class="cx-p1-tab" type="button" data-cx-tab="review" data-cx-en="Review" data-cx-zh="复核">Review</button>\n' +
  '            <button class="cx-p1-tab" type="button" data-cx-tab="history" data-cx-en="History" data-cx-zh="历史">History</button>\n' +
  '            <button class="cx-p1-tab" type="button" data-cx-tab="reports" data-cx-en="Reports" data-cx-zh="报告">Reports</button>\n' +
  '            <button class="cx-p1-tab" type="button" data-cx-tab="continuity" data-cx-en="Continue" data-cx-zh="继续">Continue</button>\n' +
  '          </nav></aside>\n' +
  '\n' +
  '          <div class="cx-my-reality__main" data-cx-main-content>\n' +
  '            <section class="cx-p1-panel" data-cx-panel="overview"><div class="cx-p1-section-head"><p class="cx-eyebrow">OVERVIEW</p><div class="cx-p1-surface-title"><h2 class="cx-title" data-cx-en="Your current view" data-cx-zh="你的当前视图">Your current view</h2><span class="cx-status cx-status--unknown" data-cx-reality-state>EMPTY</span></div><p class="cx-lead" data-cx-reality-summary></p></div><div class="cx-my-reality__overview" data-cx-overview-cards></div></section>\n' +
  '            <section class="cx-p1-panel" data-cx-panel="current" hidden><div class="cx-p1-section-head"><p class="cx-eyebrow">CURRENT REALITY</p><h2 class="cx-title" data-cx-en="What is present now" data-cx-zh="现在有哪些现实内容">What is present now</h2><p class="cx-body cx-muted" data-cx-en="Facts, findings, evidence and unknowns stay distinguishable." data-cx-zh="事实、发现、证据与未知会保持彼此可区分。">Facts, findings, evidence and unknowns stay distinguishable.</p></div><div class="cx-stack" data-cx-current-reality></div></section>\n' +
  '            <section class="cx-p1-panel" data-cx-panel="perspectives" hidden><div class="cx-p1-section-head"><p class="cx-eyebrow">PERSPECTIVES</p><h2 class="cx-title" data-cx-en="Lenses you chose to bring in" data-cx-zh="你选择带进来的视角">Lenses you chose to bring in</h2></div><div class="cx-stack" data-cx-reality-perspectives></div></section>\n' +
  '            <section class="cx-p1-panel" data-cx-panel="reading" hidden><div class="cx-p1-section-head"><p class="cx-eyebrow">READING</p><h2 class="cx-title" data-cx-en="What the current material says — within its limits" data-cx-zh="当前材料显示什么——并保留它的边界">What the current material says — within its limits</h2></div><div class="cx-stack" data-cx-reality-reading></div></section>\n' +
  '            <section class="cx-p1-panel" data-cx-panel="navigation" hidden><div class="cx-p1-section-head"><p class="cx-eyebrow">POSSIBLE DIRECTIONS</p><h2 class="cx-title" data-cx-en="Compare directions without automatic choice" data-cx-zh="比较不同方向，但不会替你自动选择">Compare directions without automatic choice</h2></div><div class="cx-stack" data-cx-reality-navigation></div></section>\n' +
  '            <section class="cx-p1-panel" data-cx-panel="actions" hidden><div class="cx-p1-section-head"><p class="cx-eyebrow">ACTIONS</p><h2 class="cx-title" data-cx-en="Only confirmed actions belong here" data-cx-zh="这里只放已经确认的行动">Only confirmed actions belong here</h2><p class="cx-body cx-muted" data-cx-en="PHI OS does not turn a possible direction into an action for you." data-cx-zh="PHI OS 不会把一个可能方向自动变成你的行动。">PHI OS does not turn a possible direction into an action for you.</p></div><div data-cx-reality-actions></div></section>\n' +
  '            <section class="cx-p1-panel'... 23309 more characters

    at file:///C:/phios/scripts/check-reality-workspace-canonical-current.mjs:36:52
    at ModuleJob.run (node:internal/modules/esm/module_job:439:25)
    at async node:internal/modules/esm/loader:643:26
    at async asyncRunEntryPointWithESMLoader (node:internal/modules/run_main:101:5) {
  generatedMessage: true,
  code: 'ERR_ASSERTION',
  actual: '<!doctype html>\n' +
    '<html lang="en">\n' +
    '<head>\n' +
    '  <meta charset="utf-8">\n' +
    '  <meta name="robots" content="index,follow">\n' +
    '  <meta name="viewport" content="width=device-width,initial-scale=1">\n' +
    '  <meta name="description" content="My Reality brings current reality, perspectives, reading, navigation, observation, review and continuity into one governed customer workspace.">\n' +
    '  <title>My Reality — PHI OS</title>\n' +
    '  <link rel="canonical" href="/reality/">\n' +
    '  <link rel="stylesheet" href="/assets/customer-ui/tokens.css">\n' +
    '  <link rel="stylesheet" href="/assets/customer-ui/base.css">\n' +
    '  <link rel="stylesheet" href="/assets/customer-ui/typography.css">\n' +
    '  <link rel="stylesheet" href="/assets/customer-ui/layout.css">\n' +
    '  <link rel="stylesheet" href="/assets/customer-ui/components.css">\n' +
    '  <link rel="stylesheet" href="/assets/customer-ui/motion.css">\n' +
    '  <link rel="stylesheet" href="/assets/customer-ui/utilities.css">\n' +
    '  <link rel="stylesheet" href="/assets/customer-ui/surfaces/p1.css">\n' +
    '  <link rel="stylesheet" href="/assets/customer-ui/surfaces/my-reality.css">\n' +
    '<link rel="stylesheet" href="/assets/customer-ui/surfaces/public-index.css">\n' +
    '<meta property="og:title" content="My Reality — PHI OS"><meta property="og:description" content="My Reality is a place to return to your situation over time. Start with what is happening, consider a manageable next step, then revisit what changed. A report or method interpretation can support reflection, but it should remain connected to your own observations. Sign in only when you want to use the account features available to you."><meta property="og:type" content="website"><meta property="og:url" content="https://www.getphios.com/reality/">\n' +
    '<script type="application/ld+json" data-pis-schema>{"@context":"https://schema.org","@type":"WebPage","name":"My Reality — PHI OS","url":"https://www.getphios.com/reality/","description":"My Reality brings current reality, perspectives, reading, navigation, observation, review and continuity into one governed customer workspace.","isPartOf":{"@type":"WebSite","name":"PHI OS","url":"https://www.getphios.com/"}}</script>\n' +
    '<meta property="og:image" content="https://pub-1967bc5812ee4164b19a806fb1427021.r2.dev/images/hero/PHIOS-HERO-REALITY-NAVIGATION-v1.webp">\n' +
    '<link rel="stylesheet" href="/assets/customer-ui/surfaces/reality-structure.css">\n' +
    '<link rel="stylesheet" href="/assets/customer-ui/surfaces/reality-navigation-network.css"></head>\n' +
    '<body class="cx-my-reality" data-cx-surface="MY_REALITY" data-cx-nav="MY_REALITY">\n' +
    '  <a class="cx-skip" href="#main">Skip to content</a>\n' +
    '  <div data-cx-header></div>\n' +
    '  <main id="main" class="cx-p1-main">\n' +
    '    <section class="cx-p1-hero cx-my-reality__hero">\n' +
    '      <div class="cx-container cx-network-hero">\n' +
    '        <div class="cx-stack">\n' +
    '          <p class="cx-eyebrow" data-cx-en="MY REALITY" data-cx-zh="我的现实">MY REALITY</p>\n' +
    '          <h1 class="cx-display" data-cx-en="See the connections. Understand your position." data-cx-zh="看见现实中的连接，理解自己所在的位置。">See where you are. Keep what changes connected.</h1>\n' +
    '          <p class="cx-lead" data-cx-en="Current situation, perspectives, reading, possible directions, observation and review stay in one workspace without being collapsed into one answer." data-cx-zh="当前处境、不同视角、读取、可能方向、观察与复核都留在同一个工作区，但不会被揉成一个答案。">Current situation, perspectives, reading, possible directions, observation and review stay in one workspace without being collapsed into one answer.</p>\n' +
    '          <div class="cx-p1-actions"><button class="cx-button cx-button--primary" type="button" data-cx-start-reality><span data-cx-en="Start with what is happening" data-cx-zh="从正在发生的事情开始">Start with what is happening</span></button><a class="cx-button cx-button--secondary" href="#navigation-network-principles"><span data-cx-en="Explore how navigation forms" data-cx-zh="了解导航能力如何形成">Explore how navigation forms</span></a></div>\n' +
    '          <p class="cx-p1-note" data-cx-en="Nothing is saved automatically. A perspective, calculation or reading remains what it is; appearing here does not turn it into a Reality fact." data-cx-zh="这里不会自动保存资料。视角、计算或读取仍保持原来的性质；出现在这里，不会自动变成 Reality 事实。">Nothing is saved automatically. A perspective, calculation or reading remains what it is; appearing here does not turn it into a Reality fact.</p>\n' +
    '        </div>\n' +
    '        \n' +
    '      </div>\n' +
    '    </section>\n' +
    '\n' +
    '    <section class="cx-section--tight"><div class="cx-container"><div class="cx-network-workspace" data-reality-network></div></div></section>\n' +
    '    <section class="cx-my-reality__context" aria-label="Current Reality summary" data-cx-context-summary>\n' +
    '      <div class="cx-container cx-my-reality__context-grid">\n' +
    '        <article><small data-cx-en="What is happening now" data-cx-zh="现在正在发生什么">What is happening now</small><strong data-cx-summary-happening>Not established</strong></article>\n' +
    '        <article><small data-cx-en="What has been established" data-cx-zh="已经建立了什么">What has been established</small><strong data-cx-summary-established>0 items</strong></article>\n' +
    '        <article><small data-cx-en="What remains unknown" data-cx-zh="仍然未知什么">What remains unknown</small><strong data-cx-summary-unknown>0 open items</strong></article>\n' +
    '        <article><small data-cx-en="Current stage" data-cx-zh="当前阶段">Current stage</small><strong data-cx-summary-stage>Not established</strong></article>\n' +
    '        <article><small data-cx-en="Possible next directions" data-cx-zh="可能的下一方向">Possible next directions</small><strong data-cx-summary-next>None established</strong></article>\n' +
    '      </div>\n' +
    '    </section>\n' +
    '\n' +
    '    <section class="cx-section--tight">\n' +
    '      <div class="cx-container">\n' +
    '        <div class="cx-p1-workspace cx-my-reality__workspace" data-cx-workspace>\n' +
    '          <aside class="cx-p1-rail cx-my-reality__rail"><nav aria-label="My Reality sections" data-cx-tablist>\n' +
    '            <button class="cx-p1-tab" type="button" data-cx-tab="overview" aria-selected="true" data-cx-en="Overview" data-cx-zh="总览">Overview</button>\n' +
    '            <button class="cx-p1-tab" type="button" data-cx-tab="current" data-cx-en="Current Reality" data-cx-zh="当前现实">Current Reality</button>\n' +
    '            <button class="cx-p1-tab" type="button" data-cx-tab="perspectives" data-cx-en="Perspectives" data-cx-zh="视角">Perspectives</button>\n' +
    '            <button class="cx-p1-tab" type="button" data-cx-tab="reading" data-cx-en="Reading" data-cx-zh="读取">Reading</button>\n' +
    '            <button class="cx-p1-tab" type="button" data-cx-tab="navigation" data-cx-en="Directions" data-cx-zh="方向">Directions</button>\n' +
    '            <button class="cx-p1-tab" type="button" data-cx-tab="actions" data-cx-en="Actions" data-cx-zh="行动">Actions</button>\n' +
    '            <button class="cx-p1-tab" type="button" data-cx-tab="observe" data-cx-en="Observe" data-cx-zh="观察">Observe</button>\n' +
    '            <button class="cx-p1-tab" type="button" data-cx-tab="review" data-cx-en="Review" data-cx-zh="复核">Review</button>\n' +
    '            <button class="cx-p1-tab" type="button" data-cx-tab="history" data-cx-en="History" data-cx-zh="历史">History</button>\n' +
    '            <button class="cx-p1-tab" type="button" data-cx-tab="reports" data-cx-en="Reports" data-cx-zh="报告">Reports</button>\n' +
    '            <button class="cx-p1-tab" type="button" data-cx-tab="continuity" data-cx-en="Continue" data-cx-zh="继续">Continue</button>\n' +
    '          </nav></aside>\n' +
    '\n' +
    '          <div class="cx-my-reality__main" data-cx-main-content>\n' +
    '            <section class="cx-p1-panel" data-cx-panel="overview"><div class="cx-p1-section-head"><p class="cx-eyebrow">OVERVIEW</p><div class="cx-p1-surface-title"><h2 class="cx-title" data-cx-en="Your current view" data-cx-zh="你的当前视图">Your current view</h2><span class="cx-status cx-status--unknown" data-cx-reality-state>EMPTY</span></div><p class="cx-lead" data-cx-reality-summary></p></div><div class="cx-my-reality__overview" data-cx-overview-cards></div></section>\n' +
    '            <section class="cx-p1-panel" data-cx-panel="current" hidden><div class="cx-p1-section-head"><p class="cx-eyebrow">CURRENT REALITY</p><h2 class="cx-title" data-cx-en="What is present now" data-cx-zh="现在有哪些现实内容">What is present now</h2><p class="cx-body cx-muted" data-cx-en="Facts, findings, evidence and unknowns stay distinguishable." data-cx-zh="事实、发现、证据与未知会保持彼此可区分。">Facts, findings, evidence and unknowns stay distinguishable.</p></div><div class="cx-stack" data-cx-current-reality></div></section>\n' +
    '            <section class="cx-p1-panel" data-cx-panel="perspectives" hidden><div class="cx-p1-section-head"><p class="cx-eyebrow">PERSPECTIVES</p><h2 class="cx-title" data-cx-en="Lenses you chose to bring in" data-cx-zh="你选择带进来的视角">Lenses you chose to bring in</h2></div><div class="cx-stack" data-cx-reality-perspectives></div></section>\n' +
    '            <section class="cx-p1-panel" data-cx-panel="reading" hidden><div class="cx-p1-section-head"><p class="cx-eyebrow">READING</p><h2 class="cx-title" data-cx-en="What the current material says — within its limits" data-cx-zh="当前材料显示什么——并保留它的边界">What the current material says — within its limits</h2></div><div class="cx-stack" data-cx-reality-reading></div></section>\n' +
    '            <section class="cx-p1-panel" data-cx-panel="navigation" hidden><div class="cx-p1-section-head"><p class="cx-eyebrow">POSSIBLE DIRECTIONS</p><h2 class="cx-title" data-cx-en="Compare directions without automatic choice" data-cx-zh="比较不同方向，但不会替你自动选择">Compare directions without automatic choice</h2></div><div class="cx-stack" data-cx-reality-navigation></div></section>\n' +
    '            <section class="cx-p1-panel" data-cx-panel="actions" hidden><div class="cx-p1-section-head"><p class="cx-eyebrow">ACTIONS</p><h2 class="cx-title" data-cx-en="Only confirmed actions belong here" data-cx-zh="这里只放已经确认的行动">Only confirmed actions belong here</h2><p class="cx-body cx-muted" data-cx-en="PHI OS does not turn a possible direction into an action for you." data-cx-zh="PHI OS 不会把一个可能方向自动变成你的行动。">PHI OS does not turn a possible direction into an action for you.</p></div><div data-cx-reality-actions></div></section>\n' +
    '            <section class="cx-p1-panel'... 23309 more characters,
  expected: /data-rw-stage="UNDERSTAND"/,
  operator: 'match',
  diff: 'simple'
}

Node.js v24.18.0
