
> check:paid-method-lifecycle-integration
> node scripts/run-zero-cost-regression.mjs check:paid-method-lifecycle-integration

{
  "status": "PASS",
  "methods": 12,
  "fixtureCalls": 84,
  "realProviderCalls": 0,
  "realPayments": 0,
  "productionMigration": false,
  "results": [
    {
      "method": "BZR",
      "productId": "COM-REPORT-BAZI-FULL",
      "status": "PASS",
      "sqlReopen": true,
      "primaryAndRepair": true,
      "bilingualFixtureValidated": true,
      "immutableMaterialRequired": true,
      "fourAnswersSaved": true,
      "replayCalls": 0,
      "fifthDenied": true,
      "crossOwnerAndEnvironmentDenied": true,
      "costPool": "EXISTING_PRODUCT_COST_ENVELOPE",
      "spentFixtureUSD": 0.00014,
      "productionProducerAndRenderer": "NOT_PROVEN_BY_FIXTURE"
    },
    {
      "method": "ZWR",
      "productId": "COM-REPORT-ZIWEI-FULL",
      "status": "PASS",
      "sqlReopen": true,
      "primaryAndRepair": true,
      "bilingualFixtureValidated": true,
      "immutableMaterialRequired": true,
      "fourAnswersSaved": true,
      "replayCalls": 0,
      "fifthDenied": true,
      "crossOwnerAndEnvironmentDenied": true,
      "costPool": "EXISTING_PRODUCT_COST_ENVELOPE",
      "spentFixtureUSD": 0.00014,
      "productionProducerAndRenderer": "NOT_PROVEN_BY_FIXTURE"
    },
    {
      "method": "AST",
      "productId": "COM-REPORT-ASTROLOGY-FULL",
      "status": "PASS",
      "sqlReopen": true,
      "primaryAndRepair": true,
      "bilingualFixtureValidated": true,
      "immutableMaterialRequired": true,
      "fourAnswersSaved": true,
      "replayCalls": 0,
      "fifthDenied": true,
      "crossOwnerAndEnvironmentDenied": true,
      "costPool": "EXISTING_PRODUCT_COST_ENVELOPE",
      "spentFixtureUSD": 0.00014,
      "productionProducerAndRenderer": "NOT_PROVEN_BY_FIXTURE"
    },
    {
      "method": "PROFILE",
      "productId": "COM-REPORT-PROFILE-FULL",
      "status": "PASS",
      "sqlReopen": true,
      "primaryAndRepair": true,
      "bilingualFixtureValidated": true,
      "immutableMaterialRequired": true,
      "fourAnswersSaved": true,
      "replayCalls": 0,
      "fifthDenied": true,
      "crossOwnerAndEnvironmentDenied": true,
      "costPool": "EXISTING_PRODUCT_COST_ENVELOPE",
      "spentFixtureUSD": 0.00014,
      "productionProducerAndRenderer": "NOT_PROVEN_BY_FIXTURE"
    },
    {
      "method": "HD",
      "productId": "COM-REPORT-HD-FULL",
      "status": "PASS",
      "sqlReopen": true,
      "primaryAndRepair": true,
      "bilingualFixtureValidated": true,
      "immutableMaterialRequired": true,
      "fourAnswersSaved": true,
      "replayCalls": 0,
      "fifthDenied": true,
      "crossOwnerAndEnvironmentDenied": true,
      "costPool": "EXISTING_PRODUCT_COST_ENVELOPE",
      "spentFixtureUSD": 0.00014,
      "productionProducerAndRenderer": "NOT_PROVEN_BY_FIXTURE"
    },
    {
      "method": "ECR",
      "productId": "COM-REPORT-ECR-FULL",
      "status": "PASS",
      "sqlReopen": true,
      "primaryAndRepair": true,
      "bilingualFixtureValidated": true,
      "immutableMaterialRequired": true,
      "fourAnswersSaved": true,
      "replayCalls": 0,
      "fifthDenied": true,
      "crossOwnerAndEnvironmentDenied": true,
      "costPool": "EXISTING_PRODUCT_COST_ENVELOPE",
      "spentFixtureUSD": 0.00014,
      "productionProducerAndRenderer": "NOT_PROVEN_BY_FIXTURE"
    },
    {
      "method": "NUM",
      "productId": "COM-REPORT-NUMEROLOGY-FULL",
      "status": "PASS",
      "sqlReopen": true,
      "primaryAndRepair": true,
      "bilingualFixtureValidated": true,
      "immutableMaterialRequired": true,
      "fourAnswersSaved": true,
      "replayCalls": 0,
      "fifthDenied": true,
      "crossOwnerAndEnvironmentDenied": true,
      "costPool": "EXISTING_PRODUCT_COST_ENVELOPE",
      "spentFixtureUSD": 0.00014,
      "productionProducerAndRenderer": "NOT_PROVEN_BY_FIXTURE"
    },
    {
      "method": "CROSS",
      "productId": "COM-REPORT-CROSS-FULL",
      "status": "PASS",
      "sqlReopen": true,
      "primaryAndRepair": true,
      "bilingualFixtureValidated": true,
      "immutableMaterialRequired": true,
      "fourAnswersSaved": true,
      "replayCalls": 0,
      "fifthDenied": true,
      "crossOwnerAndEnvironmentDenied": true,
      "costPool": "EXISTING_PRODUCT_COST_ENVELOPE",
      "spentFixtureUSD": 0.00014,
      "productionProducerAndRenderer": "NOT_PROVEN_BY_FIXTURE"
    },
    {
      "method": "TAROT",
      "productId": "COM-READING-TAROT-FULL",
      "status": "PASS",
      "sqlReopen": true,
      "primaryAndRepair": true,
      "bilingualFixtureValidated": true,
      "immutableMaterialRequired": true,
      "fourAnswersSaved": true,
      "replayCalls": 0,
      "fifthDenied": true,
      "crossOwnerAndEnvironmentDenied": true,
      "costPool": "EXISTING_PRODUCT_COST_ENVELOPE",
      "spentFixtureUSD": 0.00014,
      "productionProducerAndRenderer": "NOT_PROVEN_BY_FIXTURE"
    },
    {
      "method": "ICHING",
      "productId": "COM-READING-ICHING-FULL",
      "status": "PASS",
      "sqlReopen": true,
      "primaryAndRepair": true,
      "bilingualFixtureValidated": true,
      "immutableMaterialRequired": true,
      "fourAnswersSaved": true,
      "replayCalls": 0,
      "fifthDenied": true,
      "crossOwnerAndEnvironmentDenied": true,
      "costPool": "EXISTING_PRODUCT_COST_ENVELOPE",
      "spentFixtureUSD": 0.00014,
      "productionProducerAndRenderer": "NOT_PROVEN_BY_FIXTURE"
    },
    {
      "method": "FINANCIAL",
      "productId": "COM-REPORT-FINANCIAL-FULL",
      "status": "PASS",
      "sqlReopen": true,
      "primaryAndRepair": true,
      "bilingualFixtureValidated": true,
      "immutableMaterialRequired": true,
      "fourAnswersSaved": true,
      "replayCalls": 0,
      "fifthDenied": true,
      "crossOwnerAndEnvironmentDenied": true,
      "costPool": "EXISTING_PRODUCT_COST_ENVELOPE",
      "spentFixtureUSD": 0.00014,
      "productionProducerAndRenderer": "NOT_PROVEN_BY_FIXTURE"
    },
    {
      "method": "WILL",
      "productId": "COM-WILL-WRITING",
      "status": "PASS",
      "sqlReopen": true,
      "primaryAndRepair": true,
      "bilingualFixtureValidated": true,
      "immutableMaterialRequired": true,
      "fourAnswersSaved": true,
      "replayCalls": 0,
      "fifthDenied": true,
      "crossOwnerAndEnvironmentDenied": true,
      "costPool": "EXISTING_PRODUCT_COST_ENVELOPE",
      "spentFixtureUSD": 0.00014,
      "productionProducerAndRenderer": "NOT_PROVEN_BY_FIXTURE"
    }
  ]
}
