
> check:commerce-stripe
> node scripts/run-zero-cost-regression.mjs check:commerce-stripe

{"component":"commerce","event":"CHECKOUT_CREATED","order_id":"ord_6c07f2d4a0564b30a699970eb5c2ac68","checkout_session_id":"cs_test_fixture9","product_id":"COM-REPORT-BUNDLE-2","amount_minor":9900,"currency":"MYR"}
{"component":"commerce","event":"STRIPE_EVENT_RECEIVED","stripe_event_id":"evt_fixture1"}
{"component":"commerce","event":"STRIPE_EVENT_RECEIVED","stripe_event_id":"evt_duplicate"}
{"component":"commerce","event":"ENTITLEMENT_GRANTED","order_id":"ord_6c07f2d4a0564b30a699970eb5c2ac68","product_id":"COM-REPORT-BUNDLE-2"}
{"component":"commerce","event":"PAYMENT_CONFIRMED","order_id":"ord_6c07f2d4a0564b30a699970eb5c2ac68","stripe_event_id":"evt_duplicate","product_id":"COM-REPORT-BUNDLE-2"}
{"component":"commerce","event":"STRIPE_EVENT_RECEIVED","stripe_event_id":"evt_duplicate"}
{"component":"commerce","event":"ENTITLEMENT_SKIPPED_DUPLICATE","stripe_event_id":"evt_duplicate"}
{"component":"commerce","event":"STRIPE_EVENT_RECEIVED","stripe_event_id":"evt_fixture2"}
{"component":"commerce","event":"ENTITLEMENT_SKIPPED_DUPLICATE","order_id":"ord_6c07f2d4a0564b30a699970eb5c2ac68","product_id":"COM-REPORT-BUNDLE-2"}
{"component":"commerce","event":"PAYMENT_CONFIRMED","order_id":"ord_6c07f2d4a0564b30a699970eb5c2ac68","stripe_event_id":"evt_fixture2","product_id":"COM-REPORT-BUNDLE-2"}
{"component":"commerce","event":"STRIPE_EVENT_RECEIVED","stripe_event_id":"evt_fixture3"}
{"component":"commerce","event":"ENTITLEMENT_SKIPPED_DUPLICATE","order_id":"ord_6c07f2d4a0564b30a699970eb5c2ac68","product_id":"COM-REPORT-BUNDLE-2"}
{"component":"commerce","event":"PAYMENT_CONFIRMED","order_id":"ord_6c07f2d4a0564b30a699970eb5c2ac68","stripe_event_id":"evt_fixture3","product_id":"COM-REPORT-BUNDLE-2"}
{"component":"commerce","event":"STRIPE_EVENT_RECEIVED","stripe_event_id":"evt_fixture4"}
{"component":"commerce","event":"STRIPE_EVENT_RECEIVED","stripe_event_id":"evt_received"}
{"component":"commerce","event":"ENTITLEMENT_SKIPPED_DUPLICATE","order_id":"ord_6c07f2d4a0564b30a699970eb5c2ac68","product_id":"COM-REPORT-BUNDLE-2"}
{"component":"commerce","event":"PAYMENT_CONFIRMED","order_id":"ord_6c07f2d4a0564b30a699970eb5c2ac68","stripe_event_id":"evt_received","product_id":"COM-REPORT-BUNDLE-2"}
{"component":"commerce","event":"CHECKOUT_CREATED","order_id":"ord_7a4d5c6f40494fa0a2ddb8443c4ad8c7","checkout_session_id":"cs_test_fixture14","product_id":"COM-SERVICE-NATURAL-HEALER","amount_minor":10000,"currency":"MYR"}
{"component":"commerce","event":"STRIPE_EVENT_RECEIVED","stripe_event_id":"evt_fixture5"}
{"component":"commerce","event":"FULFILLMENT_CREATED","order_id":"ord_7a4d5c6f40494fa0a2ddb8443c4ad8c7","product_id":"COM-SERVICE-NATURAL-HEALER"}
{"component":"commerce","event":"PAYMENT_CONFIRMED","order_id":"ord_7a4d5c6f40494fa0a2ddb8443c4ad8c7","stripe_event_id":"evt_fixture5","product_id":"COM-SERVICE-NATURAL-HEALER"}
{"component":"commerce","event":"CHECKOUT_CREATED","order_id":"ord_108cf08047f54bbb8b6345c73b55772d","checkout_session_id":"cs_test_fixture16","product_id":"COM-SERVICE-CASH-FLOW-GAME","amount_minor":10000,"currency":"MYR"}
{"component":"commerce","event":"STRIPE_EVENT_RECEIVED","stripe_event_id":"evt_fixture6"}
{"component":"commerce","event":"FULFILLMENT_CREATED","order_id":"ord_108cf08047f54bbb8b6345c73b55772d","product_id":"COM-SERVICE-CASH-FLOW-GAME"}
{"component":"commerce","event":"PAYMENT_CONFIRMED","order_id":"ord_108cf08047f54bbb8b6345c73b55772d","stripe_event_id":"evt_fixture6","product_id":"COM-SERVICE-CASH-FLOW-GAME"}
{"component":"commerce","event":"CHECKOUT_CREATED","order_id":"ord_0341506122034ab08bc302bfc8f83820","checkout_session_id":"cs_test_fixture18","product_id":"COM-SERVICE-FINANCIAL-CONSULTATION","amount_minor":10000,"currency":"MYR"}
{"component":"commerce","event":"STRIPE_EVENT_RECEIVED","stripe_event_id":"evt_fixture7"}
{"component":"commerce","event":"FULFILLMENT_CREATED","order_id":"ord_0341506122034ab08bc302bfc8f83820","product_id":"COM-SERVICE-FINANCIAL-CONSULTATION"}
{"component":"commerce","event":"PAYMENT_CONFIRMED","order_id":"ord_0341506122034ab08bc302bfc8f83820","stripe_event_id":"evt_fixture7","product_id":"COM-SERVICE-FINANCIAL-CONSULTATION"}
{"component":"commerce","event":"CHECKOUT_CREATED","order_id":"ord_04cdf2bff2d7442f94afa5b86558bae0","checkout_session_id":"cs_test_fixture20","product_id":"COM-SUBSCRIPTION-MONTHLY","amount_minor":1900,"currency":"MYR"}
{"component":"commerce","event":"STRIPE_EVENT_RECEIVED","stripe_event_id":"evt_fixture8"}
{"component":"commerce","event":"PAYMENT_CONFIRMED","order_id":"ord_04cdf2bff2d7442f94afa5b86558bae0","stripe_event_id":"evt_fixture8","product_id":"COM-SUBSCRIPTION-MONTHLY"}
{"component":"commerce","event":"CHECKOUT_CREATED","order_id":"ord_e3849032dac24ff8979f14b544b93c15","checkout_session_id":"cs_test_fixture22","product_id":"COM-WILL-WRITING","amount_minor":2900,"currency":"MYR"}
{"component":"commerce","event":"STRIPE_EVENT_RECEIVED","stripe_event_id":"evt_fixture9"}
{"component":"commerce","event":"FULFILLMENT_CREATED","order_id":"ord_e3849032dac24ff8979f14b544b93c15","product_id":"COM-WILL-WRITING"}
{"component":"commerce","event":"PAYMENT_CONFIRMED","order_id":"ord_e3849032dac24ff8979f14b544b93c15","stripe_event_id":"evt_fixture9","product_id":"COM-WILL-WRITING"}
{"component":"commerce","event":"CHECKOUT_CREATED","order_id":"ord_fbf212ff539744c890b87c0378b73e44","checkout_session_id":"cs_test_fixture24","product_id":"COM-REPORT-FINANCIAL-FULL","amount_minor":15900,"currency":"MYR"}
{"component":"commerce","event":"STRIPE_EVENT_RECEIVED","stripe_event_id":"evt_fixture10"}
{"component":"commerce","event":"FULFILLMENT_CREATED","order_id":"ord_fbf212ff539744c890b87c0378b73e44","product_id":"COM-REPORT-FINANCIAL-FULL"}
{"component":"commerce","event":"PAYMENT_CONFIRMED","order_id":"ord_fbf212ff539744c890b87c0378b73e44","stripe_event_id":"evt_fixture10","product_id":"COM-REPORT-FINANCIAL-FULL"}
{"component":"commerce","event":"CHECKOUT_CREATED","order_id":"ord_7e8696d955a54a398f652f8e44ec737a","checkout_session_id":"cs_test_fixture26","product_id":"COM-REPORT-ECR-FULL","amount_minor":12900,"currency":"MYR"}
{"component":"commerce","event":"STRIPE_EVENT_RECEIVED","stripe_event_id":"evt_fixture11"}
{"component":"commerce","event":"ENTITLEMENT_GRANTED","order_id":"ord_7e8696d955a54a398f652f8e44ec737a","product_id":"COM-REPORT-ECR-FULL"}
{"component":"commerce","event":"PAYMENT_CONFIRMED","order_id":"ord_7e8696d955a54a398f652f8e44ec737a","stripe_event_id":"evt_fixture11","product_id":"COM-REPORT-ECR-FULL"}
{"component":"commerce","event":"CHECKOUT_CREATED","order_id":"ord_da9976d30f494f95b253128ecab23223","checkout_session_id":"cs_test_fixture28","product_id":"COM-REPORT-CROSS-FULL","amount_minor":29900,"currency":"MYR"}
{"component":"commerce","event":"STRIPE_EVENT_RECEIVED","stripe_event_id":"evt_fixture12"}
{"component":"commerce","event":"ENTITLEMENT_GRANTED","order_id":"ord_da9976d30f494f95b253128ecab23223","product_id":"COM-REPORT-CROSS-FULL"}
{"component":"commerce","event":"PAYMENT_CONFIRMED","order_id":"ord_da9976d30f494f95b253128ecab23223","stripe_event_id":"evt_fixture12","product_id":"COM-REPORT-CROSS-FULL"}
{"component":"commerce","event":"CHECKOUT_CREATED","order_id":"ord_d5cdd4ba79e44b62b82ace18de47b808","checkout_session_id":"cs_test_fixture30","product_id":"COM-REPORT-HD-FULL","amount_minor":12900,"currency":"MYR"}
{"component":"commerce","event":"STRIPE_EVENT_RECEIVED","stripe_event_id":"evt_fixture13"}
{"component":"commerce","event":"ENTITLEMENT_GRANTED","order_id":"ord_d5cdd4ba79e44b62b82ace18de47b808","product_id":"COM-REPORT-HD-FULL"}
{"component":"commerce","event":"PAYMENT_CONFIRMED","order_id":"ord_d5cdd4ba79e44b62b82ace18de47b808","stripe_event_id":"evt_fixture13","product_id":"COM-REPORT-HD-FULL"}
{"component":"commerce","event":"CHECKOUT_CREATED","order_id":"ord_18c00c32e2684ac9adc909718a481187","checkout_session_id":"cs_test_fixture32","product_id":"COM-REPORT-PROFILE-FULL","amount_minor":12900,"currency":"MYR"}
{"component":"commerce","event":"STRIPE_EVENT_RECEIVED","stripe_event_id":"evt_fixture14"}
{"component":"commerce","event":"ENTITLEMENT_GRANTED","order_id":"ord_18c00c32e2684ac9adc909718a481187","product_id":"COM-REPORT-PROFILE-FULL"}
{"component":"commerce","event":"PAYMENT_CONFIRMED","order_id":"ord_18c00c32e2684ac9adc909718a481187","stripe_event_id":"evt_fixture14","product_id":"COM-REPORT-PROFILE-FULL"}
{"component":"commerce","event":"CHECKOUT_CREATED","order_id":"ord_56a0868befe44578be220a9a00392960","checkout_session_id":"cs_test_fixture34","product_id":"COM-REPORT-NUMEROLOGY-FULL","amount_minor":3900,"currency":"MYR"}
{"component":"commerce","event":"STRIPE_EVENT_RECEIVED","stripe_event_id":"evt_fixture15"}
{"component":"commerce","event":"ENTITLEMENT_GRANTED","order_id":"ord_56a0868befe44578be220a9a00392960","product_id":"COM-REPORT-NUMEROLOGY-FULL"}
{"component":"commerce","event":"PAYMENT_CONFIRMED","order_id":"ord_56a0868befe44578be220a9a00392960","stripe_event_id":"evt_fixture15","product_id":"COM-REPORT-NUMEROLOGY-FULL"}
{"component":"commerce","event":"CHECKOUT_CREATED","order_id":"ord_3ad11094824a4dec882c3a2574597180","checkout_session_id":"cs_test_fixture36","product_id":"COM-REPORT-ASTROLOGY-FULL","amount_minor":5900,"currency":"MYR"}
{"component":"commerce","event":"STRIPE_EVENT_RECEIVED","stripe_event_id":"evt_fixture16"}
{"component":"commerce","event":"ENTITLEMENT_GRANTED","order_id":"ord_3ad11094824a4dec882c3a2574597180","product_id":"COM-REPORT-ASTROLOGY-FULL"}
{"component":"commerce","event":"PAYMENT_CONFIRMED","order_id":"ord_3ad11094824a4dec882c3a2574597180","stripe_event_id":"evt_fixture16","product_id":"COM-REPORT-ASTROLOGY-FULL"}
{"component":"commerce","event":"CHECKOUT_CREATED","order_id":"ord_54a26645de8642609459933591db2b34","checkout_session_id":"cs_test_fixture38","product_id":"COM-REPORT-ZIWEI-FULL","amount_minor":5900,"currency":"MYR"}
{"component":"commerce","event":"STRIPE_EVENT_RECEIVED","stripe_event_id":"evt_fixture17"}
{"component":"commerce","event":"ENTITLEMENT_GRANTED","order_id":"ord_54a26645de8642609459933591db2b34","product_id":"COM-REPORT-ZIWEI-FULL"}
{"component":"commerce","event":"PAYMENT_CONFIRMED","order_id":"ord_54a26645de8642609459933591db2b34","stripe_event_id":"evt_fixture17","product_id":"COM-REPORT-ZIWEI-FULL"}
{"component":"commerce","event":"CHECKOUT_CREATED","order_id":"ord_dae215fb5540470c98193901250432b7","checkout_session_id":"cs_test_fixture40","product_id":"COM-REPORT-BAZI-FULL","amount_minor":5900,"currency":"MYR"}
{"component":"commerce","event":"STRIPE_EVENT_RECEIVED","stripe_event_id":"evt_fixture18"}
{"component":"commerce","event":"ENTITLEMENT_GRANTED","order_id":"ord_dae215fb5540470c98193901250432b7","product_id":"COM-REPORT-BAZI-FULL"}
{"component":"commerce","event":"PAYMENT_CONFIRMED","order_id":"ord_dae215fb5540470c98193901250432b7","stripe_event_id":"evt_fixture18","product_id":"COM-REPORT-BAZI-FULL"}
{"component":"commerce","event":"CHECKOUT_CREATED","order_id":"ord_98425e715035489d955bee8fde8d8302","checkout_session_id":"cs_test_fixture42","product_id":"COM-BOOK-06","amount_minor":5900,"currency":"MYR"}
{"component":"commerce","event":"STRIPE_EVENT_RECEIVED","stripe_event_id":"evt_fixture19"}
{"component":"commerce","event":"ENTITLEMENT_GRANTED","order_id":"ord_98425e715035489d955bee8fde8d8302","product_id":"COM-BOOK-06"}
{"component":"commerce","event":"PAYMENT_CONFIRMED","order_id":"ord_98425e715035489d955bee8fde8d8302","stripe_event_id":"evt_fixture19","product_id":"COM-BOOK-06"}
{"component":"commerce","event":"CHECKOUT_CREATED","order_id":"ord_a25c32579e6147ffa91a03fb40e794a3","checkout_session_id":"cs_test_fixture44","product_id":"COM-BOOK-05","amount_minor":10900,"currency":"MYR"}
{"component":"commerce","event":"STRIPE_EVENT_RECEIVED","stripe_event_id":"evt_fixture20"}
{"component":"commerce","event":"ENTITLEMENT_GRANTED","order_id":"ord_a25c32579e6147ffa91a03fb40e794a3","product_id":"COM-BOOK-05"}
{"component":"commerce","event":"PAYMENT_CONFIRMED","order_id":"ord_a25c32579e6147ffa91a03fb40e794a3","stripe_event_id":"evt_fixture20","product_id":"COM-BOOK-05"}
{"component":"commerce","event":"CHECKOUT_CREATED","order_id":"ord_f4b995c7e5d24f4aaf2da1952ee26534","checkout_session_id":"cs_test_fixture46","product_id":"COM-BOOK-04","amount_minor":8900,"currency":"MYR"}
{"component":"commerce","event":"STRIPE_EVENT_RECEIVED","stripe_event_id":"evt_fixture21"}
{"component":"commerce","event":"ENTITLEMENT_GRANTED","order_id":"ord_f4b995c7e5d24f4aaf2da1952ee26534","product_id":"COM-BOOK-04"}
{"component":"commerce","event":"PAYMENT_CONFIRMED","order_id":"ord_f4b995c7e5d24f4aaf2da1952ee26534","stripe_event_id":"evt_fixture21","product_id":"COM-BOOK-04"}
{"component":"commerce","event":"CHECKOUT_CREATED","order_id":"ord_27ea624293c047c2b6eb251a1d64d8b0","checkout_session_id":"cs_test_fixture48","product_id":"COM-BOOK-03","amount_minor":8900,"currency":"MYR"}
{"component":"commerce","event":"STRIPE_EVENT_RECEIVED","stripe_event_id":"evt_fixture22"}
{"component":"commerce","event":"ENTITLEMENT_GRANTED","order_id":"ord_27ea624293c047c2b6eb251a1d64d8b0","product_id":"COM-BOOK-03"}
{"component":"commerce","event":"PAYMENT_CONFIRMED","order_id":"ord_27ea624293c047c2b6eb251a1d64d8b0","stripe_event_id":"evt_fixture22","product_id":"COM-BOOK-03"}
{"component":"commerce","event":"CHECKOUT_CREATED","order_id":"ord_8f165f8713b34ff6b41f9b5c5d0711ca","checkout_session_id":"cs_test_fixture50","product_id":"COM-BOOK-02","amount_minor":8900,"currency":"MYR"}
{"component":"commerce","event":"STRIPE_EVENT_RECEIVED","stripe_event_id":"evt_fixture23"}
{"component":"commerce","event":"ENTITLEMENT_GRANTED","order_id":"ord_8f165f8713b34ff6b41f9b5c5d0711ca","product_id":"COM-BOOK-02"}
{"component":"commerce","event":"PAYMENT_CONFIRMED","order_id":"ord_8f165f8713b34ff6b41f9b5c5d0711ca","stripe_event_id":"evt_fixture23","product_id":"COM-BOOK-02"}
{"component":"commerce","event":"CHECKOUT_CREATED","order_id":"ord_5f716f6fff874d2c911a4f9657811ce9","checkout_session_id":"cs_test_fixture52","product_id":"COM-BOOK-01","amount_minor":8900,"currency":"MYR"}
{"component":"commerce","event":"STRIPE_EVENT_RECEIVED","stripe_event_id":"evt_fixture24"}
{"component":"commerce","event":"ENTITLEMENT_GRANTED","order_id":"ord_5f716f6fff874d2c911a4f9657811ce9","product_id":"COM-BOOK-01"}
{"component":"commerce","event":"PAYMENT_CONFIRMED","order_id":"ord_5f716f6fff874d2c911a4f9657811ce9","stripe_event_id":"evt_fixture24","product_id":"COM-BOOK-01"}
{"component":"commerce","event":"CHECKOUT_CREATED","order_id":"ord_4af6fd80c7034c79aa791309e55d33c4","checkout_session_id":"cs_test_fixture54","product_id":"COM-READING-TAROT-FULL","amount_minor":1900,"currency":"MYR"}
{"component":"commerce","event":"STRIPE_EVENT_RECEIVED","stripe_event_id":"evt_fixture25"}
{"component":"commerce","event":"ENTITLEMENT_GRANTED","order_id":"ord_4af6fd80c7034c79aa791309e55d33c4","product_id":"COM-READING-TAROT-FULL"}
{"component":"commerce","event":"PAYMENT_CONFIRMED","order_id":"ord_4af6fd80c7034c79aa791309e55d33c4","stripe_event_id":"evt_fixture25","product_id":"COM-READING-TAROT-FULL"}
{"component":"commerce","event":"CHECKOUT_CREATED","order_id":"ord_c4fc0f722ba1418ebbb3739e7c244814","checkout_session_id":"cs_test_fixture56","product_id":"COM-READING-ICHING-FULL","amount_minor":3900,"currency":"MYR"}
{"component":"commerce","event":"STRIPE_EVENT_RECEIVED","stripe_event_id":"evt_fixture26"}
{"component":"commerce","event":"ENTITLEMENT_GRANTED","order_id":"ord_c4fc0f722ba1418ebbb3739e7c244814","product_id":"COM-READING-ICHING-FULL"}
{"component":"commerce","event":"PAYMENT_CONFIRMED","order_id":"ord_c4fc0f722ba1418ebbb3739e7c244814","stripe_event_id":"evt_fixture26","product_id":"COM-READING-ICHING-FULL"}
{"component":"commerce","event":"CHECKOUT_CREATED","order_id":"ord_db3a1254dfb64bbd9444d462495dd8f6","checkout_session_id":"cs_test_fixture58","product_id":"COM-BOOK-CONFIGURATION","amount_minor":10900,"currency":"MYR"}
{"component":"commerce","event":"STRIPE_EVENT_RECEIVED","stripe_event_id":"evt_fixture27"}
{"component":"commerce","event":"ENTITLEMENT_GRANTED","order_id":"ord_db3a1254dfb64bbd9444d462495dd8f6","product_id":"COM-BOOK-CONFIGURATION"}
{"component":"commerce","event":"PAYMENT_CONFIRMED","order_id":"ord_db3a1254dfb64bbd9444d462495dd8f6","stripe_event_id":"evt_fixture27","product_id":"COM-BOOK-CONFIGURATION"}
{"component":"commerce","event":"STRIPE_EVENT_RECEIVED","stripe_event_id":"evt_fixture28"}
{"component":"commerce","event":"SUBSCRIPTION_UPDATED","order_id":"ord_04cdf2bff2d7442f94afa5b86558bae0","stripe_event_id":"evt_fixture28","status":"active"}
{"component":"commerce","event":"STRIPE_EVENT_RECEIVED","stripe_event_id":"evt_fixture29"}
{"component":"commerce","event":"SUBSCRIPTION_UPDATED","order_id":"ord_04cdf2bff2d7442f94afa5b86558bae0","stripe_event_id":"evt_fixture29","status":"active"}
{"component":"commerce","event":"STRIPE_EVENT_RECEIVED","stripe_event_id":"evt_fixture30"}
{"component":"commerce","event":"SUBSCRIPTION_UPDATED","order_id":"ord_04cdf2bff2d7442f94afa5b86558bae0","stripe_event_id":"evt_fixture30","status":"past_due"}
{"component":"commerce","event":"STRIPE_EVENT_RECEIVED","stripe_event_id":"evt_fixture31"}
{"component":"commerce","event":"SUBSCRIPTION_UPDATED","order_id":"ord_04cdf2bff2d7442f94afa5b86558bae0","stripe_event_id":"evt_fixture31","status":"unpaid"}
{"component":"commerce","event":"STRIPE_EVENT_RECEIVED","stripe_event_id":"evt_fixture32"}
{"component":"commerce","event":"SUBSCRIPTION_UPDATED","order_id":"ord_04cdf2bff2d7442f94afa5b86558bae0","stripe_event_id":"evt_fixture32","status":"canceled"}
{"component":"commerce","event":"STRIPE_EVENT_RECEIVED","stripe_event_id":"evt_fixture33"}
{"component":"commerce","event":"REFUND_RECORDED","order_id":"ord_6c07f2d4a0564b30a699970eb5c2ac68","stripe_event_id":"evt_fixture33"}
{"component":"commerce","event":"STRIPE_EVENT_RECEIVED","stripe_event_id":"evt_fixture34"}
{"component":"commerce","event":"REFUND_RECORDED","order_id":"ord_6c07f2d4a0564b30a699970eb5c2ac68","stripe_event_id":"evt_fixture34"}
{"component":"commerce","event":"CHECKOUT_CREATED","order_id":"ord_6821bc28ef56436aac79d030e116283a","checkout_session_id":"cs_test_fixture60","product_id":"COM-REPORT-BUNDLE-3","amount_minor":14900,"currency":"MYR"}
{"component":"commerce","event":"STRIPE_EVENT_RECEIVED","stripe_event_id":"evt_fixture35"}
{"component":"commerce","event":"CHECKOUT_CREATED","order_id":"ord_67d2f02e2bd745a9980c68c2cc912448","checkout_session_id":"cs_test_fixture63","product_id":"COM-REPORT-HD-FULL","amount_minor":12900,"currency":"MYR"}
{"component":"commerce","event":"STRIPE_EVENT_RECEIVED","stripe_event_id":"evt_retrydb"}
{"component":"commerce","event":"STRIPE_EVENT_RECEIVED","stripe_event_id":"evt_retrydb"}
{"component":"commerce","event":"ENTITLEMENT_GRANTED","order_id":"ord_67d2f02e2bd745a9980c68c2cc912448","product_id":"COM-REPORT-HD-FULL"}
{"component":"commerce","event":"PAYMENT_CONFIRMED","order_id":"ord_67d2f02e2bd745a9980c68c2cc912448","stripe_event_id":"evt_retrydb","product_id":"COM-REPORT-HD-FULL"}
{"component":"commerce","event":"CHECKOUT_CREATED","order_id":"ord_f36e2f80959049d197c179885baa93bb","checkout_session_id":"cs_test_fixture65","product_id":"COM-REPORT-ECR-FULL","amount_minor":12900,"currency":"MYR"}
{"component":"commerce","event":"STRIPE_EVENT_RECEIVED","stripe_event_id":"evt_fixture36"}
{"component":"commerce","event":"STRIPE_EVENT_RECEIVED","stripe_event_id":"evt_fixture37"}
{"component":"commerce","event":"PAYMENT_FAILED","order_id":"ord_f36e2f80959049d197c179885baa93bb","status":"PAYMENT_FAILED"}
{"component":"commerce","event":"STRIPE_EVENT_RECEIVED","stripe_event_id":"evt_fixture38"}
{"component":"commerce","event":"CHECKOUT_CREATED","order_id":"ord_0a6b76a6569e49d99adec11287933c5e","checkout_session_id":"cs_test_fixture69","product_id":"COM-REPORT-BUNDLE-2","amount_minor":10900,"currency":"MYR"}
{"component":"commerce","event":"STRIPE_EVENT_RECEIVED","stripe_event_id":"evt_fixture39"}
{"component":"commerce","event":"ENTITLEMENT_GRANTED","order_id":"ord_0a6b76a6569e49d99adec11287933c5e","product_id":"COM-REPORT-BUNDLE-2"}
{"component":"commerce","event":"PAYMENT_CONFIRMED","order_id":"ord_0a6b76a6569e49d99adec11287933c5e","stripe_event_id":"evt_fixture39","product_id":"COM-REPORT-BUNDLE-2"}
{"component":"commerce","event":"CHECKOUT_CREATED","order_id":"ord_b72930865c1641f6bd260346dbe31364","checkout_session_id":"cs_test_fixture71","product_id":"COM-REPORT-BUNDLE-3","amount_minor":15900,"currency":"MYR"}
{"component":"commerce","event":"STRIPE_EVENT_RECEIVED","stripe_event_id":"evt_fixture40"}
{"component":"commerce","event":"ENTITLEMENT_GRANTED","order_id":"ord_b72930865c1641f6bd260346dbe31364","product_id":"COM-REPORT-BUNDLE-3"}
{"component":"commerce","event":"PAYMENT_CONFIRMED","order_id":"ord_b72930865c1641f6bd260346dbe31364","stripe_event_id":"evt_fixture40","product_id":"COM-REPORT-BUNDLE-3"}
{"component":"commerce","event":"CHECKOUT_CREATED","order_id":"ord_538a6023b73a4a68ab5a837e3c7fddef","checkout_session_id":"cs_test_fixture73","product_id":"COM-REPORT-HD-FULL","amount_minor":13900,"currency":"MYR"}
{"component":"commerce","event":"STRIPE_EVENT_RECEIVED","stripe_event_id":"evt_fixture41"}
{"component":"commerce","event":"CHECKOUT_CREATED","order_id":"ord_ed375984eec1422c90e848c2205f448e","checkout_session_id":"cs_test_fixture75","product_id":"COM-REPORT-BUNDLE-2","amount_minor":9900,"currency":"MYR"}
{"component":"commerce","event":"CHECKOUT_CREATED","order_id":"ord_67f25b81e6814026834c42fc66c8e99b","checkout_session_id":"cs_test_fixture77","product_id":"COM-REPORT-BUNDLE-2","amount_minor":10900,"currency":"MYR"}
{"component":"commerce","event":"CHECKOUT_CREATED","order_id":"ord_07325bd40770441994a94d2fb2c1bdb5","checkout_session_id":"cs_test_fixture79","product_id":"COM-REPORT-BUNDLE-3","amount_minor":14900,"currency":"MYR"}
{"component":"commerce","event":"CHECKOUT_CREATED","order_id":"ord_2c443343979d4152b73e5f6fce2dbbdf","checkout_session_id":"cs_test_fixture81","product_id":"COM-REPORT-BUNDLE-3","amount_minor":15900,"currency":"MYR"}
COM-STRIPE-R1: 17 machine groups PASS (local fixtures; provider E2E NOT_RUN).
