Resuming unchanged check pipeline at npm run check:ecr-mandala

> check:ecr-mandala
> node scripts/check-ecr-mandala-w0-w3.mjs && node scripts/check-ecr-mandala-w4-w5.mjs && node scripts/check-ecr-mandala-w6-w8.mjs && node scripts/check-ecr-mandala-w9-w18.mjs && node scripts/check-ecr-mandala-w19-w23.mjs && node scripts/check-ecr-mandala-w24-w27.mjs && node scripts/check-ecr-mandala-w28-w29.mjs && node scripts/check-ecr-mandala-r2-w0-w17.mjs && npm run check:ecr-topic-r1

✓ ECR PHI Mandala W0–W3 passed.
  Baseline 1189c05 critical ECR authorities reconcile 11/11; legacy Mandala remains topology-only.
  The registered ECR icon supersedes the historical LOGO-001 placeholder through the current shared owner.
  Customer Mandala projection consumes Reading IR + existing ontology/spec only; CC/G/Q/R/D/M/H/A are not recalculated by the renderer path.
✓ ECR PHI Mandala W4–W5 passed.
  Geometry is ordinal/count/radius based and contains no longitude→semantic mapping.
  Interactive SVG renders 12 CC + 16 G + 16 Q + 9 R + 12 D + 8 M + 64 H + 8 A with keyboard/focus parity.
  Selected CC08/G11/Q11/R7+R5/D8/M6/ECR-H41/A1 are projection-owned; the browser renderer performs presentation only.
✓ ECR PHI Mandala W6–W8 passed.
  W6 adds a selected-coordinate spine for CC/G/Q/R/D/M/H/A continuity.
  W7 adds the governed G1–G16 × Q1–Q16 living relationship diagram with the current pair highlighted.
  W8 adds a readable Q16 × R9 capability network while preserving the no-recalculation boundary.
✓ ECR PHI Mandala W9–W18 passed.
  D12 profile, M8/H64 structure, A8 phase arc, calculation story, customer-language translation, report IA, interpretation language, product projection and specialist orchestration are live.
✓ ECR Mandala authority gate passed: W19–W23 reuse the frozen ECR calculation/ontology authorities and the canonical customer projection path.
✓ ECR Mandala projection gate passed: canonical 225.3515625° fixture resolves CC08/G11/Q11/R7+R5/D8/M6/ECR-H41/A1 with backend-owned driver values.
✓ ECR Mandala renderer gate passed: the current 11-section product IA is reachable, section 10 remains deferred to Current Reality, scoped CSS owns styling, and browser renderers remain presentation-only.
✓ ECR Mandala customer-language gate passed: human labels lead, technical codes remain secondary, and governance jargon is not the customer headline.
✓ ECR Mandala accessibility/responsive gate passed: keyboard parity, non-color selection markers, mobile expandable Mandala, focus, reduced-motion and forced-color support are present.
✓ ECR Mandala brand/scoped-CSS gate passed: the registered ECR method icon remains authoritative and the specialist stylesheet does not create a global design layer.
✓ ECR PHI Mandala W19–W23 aggregate acceptance passed.
✓ ECR PHI Mandala W24 visual acceptance passed.
  1440/1280/1024/768/430/390 + print are recorded with zero page/text overflow and manual rendered visual acceptance.
✓ ECR PHI Mandala W25 customer-language acceptance passed.
  Human label + plain-language explanation precede current technical codes; governance/internal rule names stay out of default customer copy.
✓ ECR PHI Mandala W26 technical disclosure acceptance passed.
  Technical lineage is available in a default-collapsed appendix with calculation engine/spec, projection, meaning and composition refs.
✓ ECR PHI Mandala W27 PPR-R3 boundary regression passed.
  Historical cross-method digests remain audit evidence; current AST/BZR/NUM/ZWR ownership is checked by their wider gates, while ECR stays method-owned through PPR_R3_ECR_PRODUCT_V1.
✓ ECR PHI Mandala W24–W27 aggregate acceptance passed.
✓ ECR PHI Mandala W28–W29 truthfulness gate passed.
  ECR W0–W27 is accepted; FULL PRODUCTION remains intentionally blocked until aggregate PPR-R3 and final npm run check pass in a real Git checkout.
✓ ECR-MANDALA-R2 W0–W17 successor machine gate passed.
  W0–W15 are implemented without changing ECR truth; W16 is review-ready and W17 is conversion-pilot-ready without fabricating human or commercial acceptance.

> check:ecr-topic-r1
> node scripts/check-ecr-topic-r1-w0-w19.mjs

✓ ECR-TOPIC-R1 W0–W19 production admission gate passed
  W0–W16 implemented: governed topic taxonomy, owner matrix, intersection-only runtime, Mandala lens, Free/Paid boundary.
  W17 benchmark: 72/72 machine cases passed (6 topics × 12).
  W18 human acceptance recorded 72/72; W19 PRODUCTION_ADMITTED with Free Preview default and Paid entitlement gate.

> check:ecr-r3
> node scripts/check-ecr-product-r3-w0-w3.mjs && node scripts/check-ecr-product-r3-w4.mjs && node scripts/check-ecr-product-r3-w5.mjs && node scripts/check-ecr-product-r3-w6.mjs && node scripts/check-ecr-product-r3-w7.mjs && node scripts/check-ecr-product-r3-w8.mjs

✓ ECR-R3 W0 Reading Payload Integrity Regression passed: scalar governed reading/flow/tension copy survives full-report → product → renderer.
✓ ECR-R3 W1 PHI OS Reading Scalar Renderer Repair passed: scalar and array mapper outputs are normalized without changing meaning authority.
✓ ECR-R3 W2 Reading ↔ PHI Card Semantic Lineage passed: all six deterministic card presentations have reciprocal report links and inherited interpretationUnitId lineage.
✓ ECR-R3 W3 PHI Card Contrast / CSS Authority Repair passed: specialist spread header owns dark-surface contrast while card interiors and print remain readable.
✓ Generic Human Design boundary explainer is now rendered visibly before collapsed calculation detail; personal ECR × Human Design comparison is still correctly deferred to the later governed comparison layer.
✓ ECR-R3-W4 Confirmed Human Design Context Transport passed.
  Confirmed XPF is digest-validated, rebuilt server-side, returned as governed humanDesignContext, and admitted to cross input as non-voting context only.
  ECR × Human Design semantic comparison remains intentionally unopened for W5/W6.
✓ ECR-R3-W5 ECR × Human Design Comparison IR passed.
  Five governed comparison dimensions preserve shared domains, complementary lenses and explicit non-equivalence without field-to-field mapping.
  ECR remains PHI OS native; Human Design remains confirmed external context; no agreement score, method vote, reality evidence or customer renderer is created in W5.
✓ ECR-R3-W6 Customer Comparison Renderer passed.
  Governed W5 comparison statements, source units, confirmed Human Design claims and observation questions are rendered inside the ECR specialist reading before PHI Cards.
  Partial confirmed charts stay partial; no field equivalence, compatibility score, second Human Design calculation or Current Reality conclusion is created by the renderer.
✓ ECR-R3-W7 Reality Bridge passed.
  Five governed comparison questions now become explicit observation controls in section 10, between ECR × Human Design comparison and PHI Cards.
  Only customer-selected responses cross the consented My Reality handoff, where they remain USER_REPORTED_CONTEXT; contradiction stays visible and no evidence, conclusion, fact, persistence or method recalculation is created.
✓ ECR-R3-W8 Checker + Customer Acceptance passed 12/12.
  Customer-route acceptance covers zh-Hans/en, rich/partial confirmed Human Design, all four observation outcomes, fail-closed boundaries, consent and My Reality handoff classification.
  This is machine-verified customer-route acceptance; no human-review approval is claimed.

> check:ecr-full-r1
> node scripts/check-ecr-full-r1.mjs

PASS ECR-FULL-R1: 64 structural cases / 128 bilingual executions; free/paid payload isolation, shared lineage, PHI Card/Mandala consistency, draft Commerce. Human acceptance PENDING.

> check:ecr-full-r1a
> node scripts/check-ecr-full-r1a.mjs

PASS ECR-FULL-R1A: 96 contextual cases; 36 focused human cases prepared when --write-review is used. No contextual production admission.

> check:profile
> npm run check:profile:final && npm run check:profile:onet-live && npm run check:profile:customer-full-production && npm run check:profile:pfig-authority


> check:profile:final
> npm run check:profile:w0-w10f && npm run check:profile:w11-progressive-profile-ux && npm run check:profile:w12-machine && npm run check:profile:w12-human-review && npm run check:profile:w12-production-admission && node scripts/check-profile-prf-final.mjs


> check:profile:w0-w10f
> npm run check:profile:w0-w10 && npm run check:profile:w10a-w10f


> check:profile:w0-w10
> npm run check:profile:w0-w6 && npm run check:profile:w7-w10


> check:profile:w0-w6
> node scripts/check-profile-prf-w0-w6.mjs ALL

✓ PRF-W0 source-class contract + A0 authority reconciliation passed.
✓ PRF-W1 external Profile import preserves provider identity and explicit customer provenance.
✓ PRF-W2 provider capability registry fails closed on testing, scoring and relationship comparison.
✓ PRF-W3 Self-Assessment v2: 6 domains × 5 facets, bilingual and explicitly non-diagnostic.
✓ PRF-W4 scoring requires explicit/sensitive consent and produces bounded self-report indices — no quotient or diagnosis.
✓ PRF-W5 reasoning-task contract is separate, raw-only and closed until an original/admitted production task bank exists.
✓ PRF-W6 canonical ProfileSignalEnvelope passed: 11 fixture signals preserve source class + deterministic lineage.
✓ PRF-W0–W6 Profile foundation machine gate passed. Customer publication remains closed until PRF-W12.

> check:profile:w7-w10
> node scripts/check-profile-prf-w7-w10.mjs ALL

✓ PRF-W7 Profile × Current Reality correlation passed: explicit customer comparison, open-by-default, date disclosed, no truth conversion.
✓ PRF-W8 Cross-Source Perspective passed: explicit admitted rules, source classes preserved, disagreement/open retained, no scientific-validation conversion.
✓ PRF-W9 Relationship Profile Evidence lane passed: A/B remain distinct, admitted same-lane rules only, no REL-W4 merge, score, mind-reading or outcome prediction.
✓ PRF-W10 Academic Bridge registry passed: IPIP bridge bounded, raw reasoning separate, RIASEC/OECD successors fail closed until separate admission.
✓ PRF-W7–W10 Profile context tranche machine gate passed. Customer publication remains closed until PRF-W12 human admission + freeze.

> check:profile:w10a-w10f
> node scripts/check-profile-prf-w10a-w10f.mjs ALL

✓ PRF-W10A academic status model passed: availability, norming and scoring provenance remain orthogonal.
✓ PRF-W10B IPIP passed: 50 + 120 item banks, bilingual candidate, keyed scoring, no invented percentile or diagnosis.
✓ PRF-W10C original reasoning bank passed: 25 original items, five families/tier coverage, raw performance renderer only.
✓ PRF-W10D O*NET adapter passed: v2 X-API-Key, 30/60 forms, external RIASEC scoring, attribution and career bridge boundaries.
✓ PRF-W10E OECD/INFE-adapted financial capability passed: CC BY admission, bilingual adaptation, separated knowledge/self-report scoring, no official OECD-score claim.
✓ PRF-W10F unified ProfileSignalEnvelope integration passed: 21 signals, source classes preserved, no master-score flattening.
✓ PRF-W10A–W10F academic bridge full-activation tranche passed; customer cutover remains closed pending PRF-W11/W12.

> check:profile:w11-progressive-profile-ux
> node scripts/check-profile-prf-w11.mjs

✓ PRF-W11 customer full-production successor passed: seven optional Profile modes are visible and production-routable.
  IPIP Big Five + Financial Capability + O*NET are now customer-surface consumers; Profile remains optional and source-aware.

> check:profile:w12-machine
> node scripts/check-profile-prf-w12-machine.mjs

✓ PRF-W12 machine campaign passed 24/24 across source-only, mixed/conflict, stale-date, A/B, relationship and Current Reality coverage.
  The campaign itself remains historical non-publishable evidence; current production authority comes from the separate 24/24 human admission + freeze promotion.

> check:profile:w12-human-review
> node scripts/check-profile-prf-w12-human-review.mjs

✓ PRF-W12 human review is 24/24 accepted.

> check:profile:w12-production-admission
> node scripts/check-profile-prf-w12-production-admission.mjs

✓ PRF-W12 production promotion gate passed: 24/24 human acceptance -> 8/8 active freezes -> customer cutover eligible/not executed.
✓ PRF-W12 Production Admission passed: 24/24 human accepted, 8/8 required freezes active, Profile production authority admitted.
  Customer Profile cutover is executed: route is indexable, Perspectives navigation is visible, and seven optional modes are production-routable.

> check:profile:onet-live
> node scripts/check-profile-onet-live-activation.mjs ALL

✓ PRF-ONET W0 credential authority passed: approved provider, server-only X-API-Key secret, no credential material in repo.
✓ PRF-ONET W1 questions passed: Mini-IP 30 live evidence admitted; Quick 30 + Deeper 60 runtime pagination machine-verified.
✓ PRF-ONET W2 RIASEC passed: external scoring preserved as standardized self-report; synthetic balanced smoke is not interpreted as customer evidence.
✓ PRF-ONET W3 career matching + Job Zones passed: raw provider fit retained; PHI OS labels remain exploration language, not job-fit authority.
✓ PRF-ONET W4 career detail normalization passed: occupational content preserved without employment recommendation authority.
✓ PRF-ONET W5 ProfileSignalEnvelope passed: six RIASEC signals preserve source class, provider provenance and career-interest boundaries.
✓ PRF-ONET W6 customer UX passed: optional Career Interests mode, Quick 30 / Deeper 60, source-aware results and no client credential exposure.
✓ PRF-ONET W7 Current Reality + Cross-Source passed: explicit contradiction stays open evidence, source classes remain separate, no proof transfer.
✓ PRF-ONET W8 live activation freeze passed: user-observed provider evidence admitted; production execution remains fail-closed until the Cloudflare secret is bound; Short 60 limitation explicit.
✓ PRF-ONET-LIVE-ACTIVATION W0-W8 passed.

> check:profile:customer-full-production
> node scripts/check-profile-customer-full-production.mjs

✓ Profile customer full-production campaign passed: 7/7 customer modes, 8 governed runtime result variants (including both IPIP forms).
  Quick/Full self-assessment, reasoning, external import, IPIP 50/120, O*NET RIASEC and Financial Capability all produce source-preserving Profile views.

> check:profile:pfig-authority
> node scripts/check-profile-ppr-all-pfig-visual-authority.mjs

✓ Profile/PPR all-PFIG visual authority admission passed.
  9/9 PFIG IDs are authority-allowed; PVP remains projection-only and W7 Projection IR is the next gate.

> check:backend-frontend-full-production
> node scripts/check-backend-frontend-full-production.mjs

✓ Backend → Frontend current production parity passed: 23/23 governed capabilities have explicit customer consumers or explicit conditional gates after P1 physical legacy deletion.
  Personal methods, seven Profile modes, Cross/Reality, paid/relationship narrative, I Ching/Tarot and Continuity boundaries are visible without flattening authority.

> check:hd-rel-r1
> node scripts/check-hd-rel-r1.mjs

✓ HD-REL-R1 W0 source + school + ontology reconciliation passed.
✓ HD-REL-R1 W1 A/B confirmed-chart composite structure IR passed across four classes + gate companionship + fail-closed inconsistency.
✓ HD-REL-R1 W2 Electromagnetic / Dominance / Compromise / Companionship semantic admission passed in shadow.
✓ HD-REL-R1 W3 corpus current: 144 channel interaction + 64 gate companionship = 208.
✓ HD-REL-R1 W3 relationship semantic claim corpus passed: 208 shadow claims.
✓ HD-REL-R1 W4 Channel > Gate > Center ownership and dedup passed.
✓ HD-REL-R1 W5 semantic-owner Reality Composition passed across all four interaction classes.
✓ HD-REL-R1 W6 current: 24/24 paired PASS; 144/144 channel-class probes; 64/64 gate companionship probes.
✓ HD-REL-R1 W6 24/24 machine campaign + 208 atomic semantic probes passed.
✓ HD-REL-R1 W7 review pack current: 24 cases, 24 accepted, 0 pending.
✓ HD-REL-R1 W7 Human admission passed: 24/24 accepted; no inheritance from individual HD R3 review.
✓ Current admitted method-composition v2 passed: legacy BZR/ZWR/ECR freeze is reused and HD-REL-R1 is now Human-admitted / REL-W5-eligible without semantic mutation.
✓ REL-W4 all-method current reconciliation passed: AST/NUM/BZR/ZWR/ECR/HD are 144/144 Human-admitted; REL-W5 is unblocked but the full relationship product is not yet customer-published.
✓ REL-W4 all-method current freeze passed: 12 current artifacts match digests; 144/144 Human acceptance frozen before REL-W5.
✓ HD-REL-R1 W8 production admission is active after 24/24 Human acceptance; REL-W4-HD is admitted and REL-W5 is now eligible.
✓ HD-REL-R1 W0-W8 aggregate passed: 24/24 Human accepted, REL-W4-HD production-admitted, and the six-method REL-W4 current authority is reconciled for REL-W5.

> check:ppr-r2-final
> node scripts/check-ppr-r2-final.mjs


> check:ppr-r2:w67-unified-final-pack
> node scripts/check-ppr-r2-w67-unified-final-pack.mjs

✓ W67 Unified Final Checker Pack registered 29 required domains.
  check:ppr-r2-final is wired into npm run check and includes Profile, Relationship, Narrative, Customer Surface, Privacy, ownership, stability and E2E successors.

> check:mfp-r
> npm run check:mfp-r:w0-gap-harvest && npm run check:mfp-r:w1-gap-owner-map && npm run check:mfp-r:ast-001-machine && npm run check:mfp-r:w2-selective-fp-closure && npm run check:mfp-r:w3-r2-regeneration && npm run check:mfp-r:pre-current-reality-freeze


> check:mfp-r:w0-gap-harvest
> node scripts/check-mfp-r-w0-gap-harvest.mjs

✓ MFP-R-W0 gap harvest passed: 17 benchmark tickets reconciled to current products; 1 MATERIAL method gap admitted, 16 stale/non-product-blocking tickets retired, 0 speculative gaps.

> check:mfp-r:w1-gap-owner-map
> node scripts/check-mfp-r-w1-gap-owner-map.mjs

✓ MFP-R-W1 owner map passed: every admitted gap returns to its method Full Production owner; PPR/SMR/Cross/renderer compensation is forbidden.

> check:mfp-r:ast-001-machine
> node scripts/build-mfp-r-ast-001-machine-review.mjs && node scripts/check-mfp-r-ast-001-machine.mjs

AST MFP-R machine/review artifacts generated: 240/240 machine PASS; human 24/24 accepted; production admitted=true.
✓ MFP-R-AST-001 production successor passed: 240/240 deterministic machine cases + 24/24 human accepted + production admission; base machine candidates remain non-customer, while the method-owned admitted wrapper enables runtime use without renderer meaning.

> check:mfp-r:w2-selective-fp-closure
> node scripts/check-mfp-r-w2-selective-fp-closure.mjs

✓ MFP-R-W2 selective Full Production closure passed: AST-001 is 240/240 machine verified, 24/24 human accepted, PRODUCTION_ADMITTED and CLOSED; 16 stale benchmark tickets remain CLOSED_NOT_PRODUCT_BLOCKING.

> check:mfp-r:w3-r2-regeneration
> node scripts/build-mfp-r-w3-r2-regeneration.mjs && node scripts/check-mfp-r-w3-r2-regeneration.mjs

✓ MFP-R-W3 regeneration built: AST claims 3→6; semantic owners 2→5; 3 Planet×Sign explanations add information gain; first-screen priority stable; 0 repeated paragraphs.
✓ MFP-R-W3 R2 regeneration passed: AST before→after is IMPROVED through the existing Envelope→Claim→Theme→Dedup→Information Gain→Narrative→Customer Reading chain; priority, contradiction, timing and renderer boundaries do not regress.

> check:mfp-r:pre-current-reality-freeze
> node scripts/check-mfp-r-w4-pre-current-reality-freeze.mjs

✓ MFP-R-W4 Pre-Current-Reality Freeze passed: AST/BZR/ZWR/NUM/ECR + Cross are customer-publishable, AST recovery is 24/24 human-accepted + production-admitted + R2-regeneration IMPROVED, no BLOCKING/MATERIAL gap remains, currentRealityEntryAllowed=true.

> check:ppr-r5
> node scripts/check-ppr-r5-editorial-successor.mjs

✓ PPR-R5 editorial successor passed.
  Reality Compression → Many Interfaces → Method Taxonomy → PHI OS Governance is present before the existing product selector.
  8 interface cards are explicit; Human Design remains customer-supplied context; I Ching and Tarot remain separate question experiences.
  PPR-R5 editorial authority remains historical and intact; current shared files follow the admitted PPR-R4 v2 → HD-PRO-R2 → HD CUSTOMER_PUBLISHED successor chain.

> check:ppr-r2:w47-w66
> npm run check:ppr-r2:w47-w54 && npm run check:ppr-narrative:w54n0-brief-contract && npm run check:ppr-narrative:w54n1-w54n8 && npm run check:relationship:w0-w8 && npm run check:ppr-r2:w55-w66


> check:ppr-r2:w47-w54
> node scripts/check-ppr-r2-w47-w54.mjs

✓ W47 section registry v2 passed: 32 candidate sections across 7 governed groups; no filler and no hard section count.
✓ W48 section evidence contract passed: Profile/Assessment, Cross, Current Reality and whyThisAppears lineage are explicit.
✓ W49 governed composer passed 24/24 deterministic cases: profile 12, cross 20, Current Reality 16, HD 8.
✓ W50 governed synthesis quality passed: six content units plus deterministic Narrative Brief input arrays; no paid-writer paragraph constraint.
✓ W51 report IR v2 passed: one semantic IR for Web/Print/PDF with 6 method refs.
✓ W52 executive reading passed: 3–5 core themes, optional Profile signal, current/tension/support/open fields, opening seed and 3 curiosity questions.
✓ W53 evidence-aware factual verification passed across method, cross, Reality, Profile, reasoning and mixed-source classes.
✓ W54 unsupported factual claim guard passed: diagnosis/future/unsupported life-event/relationship fact/hidden-state/compatibility/destiny/scientific-validation claims fail closed.
✓ PPR-R2 W47–W54 Governed Personal Reading aggregate passed.

> check:ppr-narrative:w54n0-brief-contract
> node scripts/check-ppr-narrative-w54n0-brief-contract.mjs

✓ W54N0 Generic Narrative Brief passed 24/24; deterministic replay PASS_24_OF_24.
  Profile 12/12; Reality 16/8; Cross 20; customer-context 6; method coverage 1–6.
  Raw registries/calculation bypass, source-class erasure, unsupported fact expansion and provider/model inputs remain fail-closed.

> check:ppr-narrative:w54n1-w54n8
> node scripts/check-ppr-narrative-w54n1-n8.mjs ALL

✓ W54N1–W54N8 shared AI Narrative infrastructure passed (ALL).
  24/24 generation cases; personal 12, relationship 12; repair cases 15; cache 24/24; Ask 12/12.
  Writer remains narrative-only; W53/W54 verifier is factual authority; targeted repair is local; Web/Print/PDF reuse one stored NarrativeReadingIR.
  Commerce requires server-verified payment; client success page has no payment authority; Ask quota remains entitlement-driven.

> check:relationship:w0-w8
> npm run check:relationship:w0-w6 && npm run check:relationship:w7-narrative-brief && npm run check:ppr-narrative:w54n1-w54n8 && npm run check:relationship:w8-paid-narrative


> check:relationship:w0-w6
> node scripts/check-rel-w0-w6-foundation.mjs

✓ REL-W0 Relationship Intent Contract passed: explicit self/specific modes, 1–3 focus areas, explicit purpose/consent, and no inferred relationship type/outcome/compatibility authority.
✓ REL-W1 Shared Person-B Input passed: one shared birth record, explicit precision, no fabricated noon, derived timezone lineage, NUM/HD extensions, and third-party no-account/no-hidden-persistence boundary.
✓ REL-W2 Method Capability Matrix passed after REL-W4 current-authority reconciliation: AST structural relation + NUM D8 multi-factor relationship structure supported; BZR/ZWR remain contextual partial; ECR authority-pending; HD dual-chart is a machine-verified PARTIAL candidate with Human admission still pending; Person-B input never auto-grants relationship composition.
✓ REL-W3 A/B Independent Reading Freeze passed: accepted envelopes remain participant-scoped; AST and current-admitted NUM are relationship-eligible from reconciled REL-W2; partial/pending/missing pairs fail closed; deterministic freeze creates zero relationship meaning.
✓ REL-W0–W3 foundation aggregate passed. REL-W4 relationship meaning remains a separate successor gate.
{
  "status": "PASS",
  "work": "REL-W4",
  "ast": {
    "cases": 24,
    "acceptedOutcomes": 24,
    "composed": 16,
    "suppressedPrecision": 7,
    "noRuleHit": 1,
    "claims": 1056
  },
  "num": {
    "cases": 24,
    "acceptedOutcomes": 24,
    "composed": 24,
    "claims": 91,
    "connectionClaims": 19,
    "openClaims": 72
  },
  "suppressed": {
    "BZR": "CONTEXT_ONLY",
    "ZWR": "CONTEXT_ONLY",
    "ECR": "AUTHORITY_PENDING"
  },
  "customerPublicationAllowed": false,
  "humanAdmission": "PENDING"
}
✓ REL-W4 Human admission passed: 48/48 ACCEPT; AST + NUM method-level W4 wording admitted; full relationship product remains closed.
✓ REL BZR/ZWR/ECR Human admission passed: 72/72 accepted; method scopes promoted without HD or compatibility authority drift.
✓ REL-W4 all-method current reconciliation passed: AST/NUM/BZR/ZWR/ECR/HD are 144/144 Human-admitted; REL-W5 is unblocked but the full relationship product is not yet customer-published.
✓ REL-W4 all-method current freeze passed: 12 current artifacts match digests; 144/144 Human acceptance frozen before REL-W5.
✓ REL-W5 Relationship Current Reality passed.
  Current authority universe: AST, BZR, ECR, HD, NUM, ZWR (six methods Human-admitted); actual cases may omit unavailable/precision-blocked methods.
  24/24 machine cases passed; Current Reality remains customer-controlled and cannot prove/disprove a method.
✓ REL-W6 Cross-Evidence Relationship Synthesis passed.
  24/24 complete relationship cases passed across 2 / 3 / 4+ methods, Profile optionality, unavailable methods, Person-B time uncertainty, Reality support/contradiction/open/no-Reality.
  Symbolic, Profile/Assessment, and Current Reality lanes remain separate; no lane proves another and true disagreement remains NON_CONVERGENCE.
✓ REL-W0–W6 relationship foundation aggregate passed.

> check:relationship:w7-narrative-brief
> node scripts/check-rel-w7-relationship-narrative-brief.mjs

✓ REL-W7 Relationship Narrative Brief passed.
  24/24 deterministic briefs passed: 20 specific-person + 4 self-relationship-pattern cases; methods 2–6; Profile source classes preserved; Reality support/partial/contradiction/open/no-comparison covered.
  A/B remain distinct, Person B is never invented, non-convergence/counter-evidence/precision remain visible, and the brief extends W54N0 without creating a second Writer/provider authority.

> check:ppr-narrative:w54n1-w54n8
> node scripts/check-ppr-narrative-w54n1-n8.mjs ALL

✓ W54N1–W54N8 shared AI Narrative infrastructure passed (ALL).
  24/24 generation cases; personal 12, relationship 12; repair cases 15; cache 24/24; Ask 12/12.
  Writer remains narrative-only; W53/W54 verifier is factual authority; targeted repair is local; Web/Print/PDF reuse one stored NarrativeReadingIR.
  Commerce requires server-verified payment; client success page has no payment authority; Ask quota remains entitlement-driven.

> check:relationship:w8-paid-narrative
> node scripts/check-rel-w8-paid-relationship-narrative.mjs

✓ REL-W8 Paid Relationship Narrative passed 24/24.
  Specific-person 20; self-pattern 4; cache 24/24; reopen/print/PDF/reload 96/96; Ask 12/12.
  REL-W8 reuses W54N1–W54N8 Writer/Verifier/Repair/IR/Preview/Commerce/Cache/Ask; no second provider, verifier, Stripe/payment, entitlement, or cache authority.

> check:ppr-r2:w55-w66
> node scripts/check-ppr-r2-w55-w66.mjs

✓ W55–W66 Customer Experience / Boundary / Precision passed 24/24.
  Profile 12; Relationship 16; Cross 19; HD 6; low-precision cases 1.
  One semantic IR across Web/Print/PDF, explicit My Reality handoff, sensitive consent and narrative precision boundaries are fail-closed.

> check:cross-final-production-admission
> node scripts/check-cross-final-production-admission.mjs

✓ R2-W21/W21A Cross input freeze passed: 5/5 CUSTOMER_PUBLISHABLE methods; XPF confirmed context optional; HDR internal-only; SMR prose backfeed rejected.
✓ R2-W22 Cross semantic foundation passed: 16 shared dimensions; 20/20 current CUSTOMER_PUBLISHABLE claims mapped; XPF context stays contextual; currentRealityRefs remain empty.
✓ R2-W23 Cross composition passed: 10 governed cross claims; support types {"COMMON":1,"COMPLEMENTARY":4,"TENSION":0,"CONTEXT_DEPENDENT":5,"OPEN":0}; every claim has >=2 distinct CUSTOMER_PUBLISHABLE method refs; no voting/percentage/proof language.
✓ R2-W21–W23 Cross-pre + semantic foundation + governed composition aggregate passed; customer Cross cutover remains closed.
✓ R2-W24 Cross machine campaign passed: 64/64; 8 canonical inputs × 8 method sets; reading digests 64/64 unique; unmapped claims 0.
✓ R2-W25 Cross human admission passed: 36/36 accepted, 0 rejected, 0 pending; explicit founder declaration recorded and machine acceptance cannot substitute for it.
✓ R2-W26 Cross final production gate passed: W24 64/64 machine + W25 36/36 human; 2–5 method production builder deterministic; customer combinedReading API + governed renderer cutover active; Current Reality remains separately gated.
✓ PPR Successor W42–W46 Current Reality passed.
  W42 explicit opt-in/purpose/minimal collection + separate sensitive consent enforced.
  W43 progressive 8-question entry; no long questionnaire.
  W44 customer observations remain CUSTOMER / SELF_REPORTED and never become diagnosis/fact.
  W45/W46 explicit customer comparison uses four governed states; agreement never becomes proof.

> check:profile:final
> npm run check:profile:w0-w10f && npm run check:profile:w11-progressive-profile-ux && npm run check:profile:w12-machine && npm run check:profile:w12-human-review && npm run check:profile:w12-production-admission && node scripts/check-profile-prf-final.mjs


> check:profile:w0-w10f
> npm run check:profile:w0-w10 && npm run check:profile:w10a-w10f


> check:profile:w0-w10
> npm run check:profile:w0-w6 && npm run check:profile:w7-w10


> check:profile:w0-w6
> node scripts/check-profile-prf-w0-w6.mjs ALL

✓ PRF-W0 source-class contract + A0 authority reconciliation passed.
✓ PRF-W1 external Profile import preserves provider identity and explicit customer provenance.
✓ PRF-W2 provider capability registry fails closed on testing, scoring and relationship comparison.
✓ PRF-W3 Self-Assessment v2: 6 domains × 5 facets, bilingual and explicitly non-diagnostic.
✓ PRF-W4 scoring requires explicit/sensitive consent and produces bounded self-report indices — no quotient or diagnosis.
✓ PRF-W5 reasoning-task contract is separate, raw-only and closed until an original/admitted production task bank exists.
✓ PRF-W6 canonical ProfileSignalEnvelope passed: 11 fixture signals preserve source class + deterministic lineage.
✓ PRF-W0–W6 Profile foundation machine gate passed. Customer publication remains closed until PRF-W12.

> check:profile:w7-w10
> node scripts/check-profile-prf-w7-w10.mjs ALL

✓ PRF-W7 Profile × Current Reality correlation passed: explicit customer comparison, open-by-default, date disclosed, no truth conversion.
✓ PRF-W8 Cross-Source Perspective passed: explicit admitted rules, source classes preserved, disagreement/open retained, no scientific-validation conversion.
✓ PRF-W9 Relationship Profile Evidence lane passed: A/B remain distinct, admitted same-lane rules only, no REL-W4 merge, score, mind-reading or outcome prediction.
✓ PRF-W10 Academic Bridge registry passed: IPIP bridge bounded, raw reasoning separate, RIASEC/OECD successors fail closed until separate admission.
✓ PRF-W7–W10 Profile context tranche machine gate passed. Customer publication remains closed until PRF-W12 human admission + freeze.

> check:profile:w10a-w10f
> node scripts/check-profile-prf-w10a-w10f.mjs ALL

✓ PRF-W10A academic status model passed: availability, norming and scoring provenance remain orthogonal.
✓ PRF-W10B IPIP passed: 50 + 120 item banks, bilingual candidate, keyed scoring, no invented percentile or diagnosis.
✓ PRF-W10C original reasoning bank passed: 25 original items, five families/tier coverage, raw performance renderer only.
✓ PRF-W10D O*NET adapter passed: v2 X-API-Key, 30/60 forms, external RIASEC scoring, attribution and career bridge boundaries.
✓ PRF-W10E OECD/INFE-adapted financial capability passed: CC BY admission, bilingual adaptation, separated knowledge/self-report scoring, no official OECD-score claim.
✓ PRF-W10F unified ProfileSignalEnvelope integration passed: 21 signals, source classes preserved, no master-score flattening.
✓ PRF-W10A–W10F academic bridge full-activation tranche passed; customer cutover remains closed pending PRF-W11/W12.

> check:profile:w11-progressive-profile-ux
> node scripts/check-profile-prf-w11.mjs

✓ PRF-W11 customer full-production successor passed: seven optional Profile modes are visible and production-routable.
  IPIP Big Five + Financial Capability + O*NET are now customer-surface consumers; Profile remains optional and source-aware.

> check:profile:w12-machine
> node scripts/check-profile-prf-w12-machine.mjs

✓ PRF-W12 machine campaign passed 24/24 across source-only, mixed/conflict, stale-date, A/B, relationship and Current Reality coverage.
  The campaign itself remains historical non-publishable evidence; current production authority comes from the separate 24/24 human admission + freeze promotion.

> check:profile:w12-human-review
> node scripts/check-profile-prf-w12-human-review.mjs

✓ PRF-W12 human review is 24/24 accepted.

> check:profile:w12-production-admission
> node scripts/check-profile-prf-w12-production-admission.mjs

✓ PRF-W12 production promotion gate passed: 24/24 human acceptance -> 8/8 active freezes -> customer cutover eligible/not executed.
✓ PRF-W12 Production Admission passed: 24/24 human accepted, 8/8 required freezes active, Profile production authority admitted.
  Customer Profile cutover is executed: route is indexable, Perspectives navigation is visible, and seven optional modes are production-routable.

> check:relationship:w0-w8
> npm run check:relationship:w0-w6 && npm run check:relationship:w7-narrative-brief && npm run check:ppr-narrative:w54n1-w54n8 && npm run check:relationship:w8-paid-narrative


> check:relationship:w0-w6
> node scripts/check-rel-w0-w6-foundation.mjs

✓ REL-W0 Relationship Intent Contract passed: explicit self/specific modes, 1–3 focus areas, explicit purpose/consent, and no inferred relationship type/outcome/compatibility authority.
✓ REL-W1 Shared Person-B Input passed: one shared birth record, explicit precision, no fabricated noon, derived timezone lineage, NUM/HD extensions, and third-party no-account/no-hidden-persistence boundary.
✓ REL-W2 Method Capability Matrix passed after REL-W4 current-authority reconciliation: AST structural relation + NUM D8 multi-factor relationship structure supported; BZR/ZWR remain contextual partial; ECR authority-pending; HD dual-chart is a machine-verified PARTIAL candidate with Human admission still pending; Person-B input never auto-grants relationship composition.
✓ REL-W3 A/B Independent Reading Freeze passed: accepted envelopes remain participant-scoped; AST and current-admitted NUM are relationship-eligible from reconciled REL-W2; partial/pending/missing pairs fail closed; deterministic freeze creates zero relationship meaning.
✓ REL-W0–W3 foundation aggregate passed. REL-W4 relationship meaning remains a separate successor gate.
{
  "status": "PASS",
  "work": "REL-W4",
  "ast": {
    "cases": 24,
    "acceptedOutcomes": 24,
    "composed": 16,
    "suppressedPrecision": 7,
    "noRuleHit": 1,
    "claims": 1056
  },
  "num": {
    "cases": 24,
    "acceptedOutcomes": 24,
    "composed": 24,
    "claims": 91,
    "connectionClaims": 19,
    "openClaims": 72
  },
  "suppressed": {
    "BZR": "CONTEXT_ONLY",
    "ZWR": "CONTEXT_ONLY",
    "ECR": "AUTHORITY_PENDING"
  },
  "customerPublicationAllowed": false,
  "humanAdmission": "PENDING"
}
✓ REL-W4 Human admission passed: 48/48 ACCEPT; AST + NUM method-level W4 wording admitted; full relationship product remains closed.
✓ REL BZR/ZWR/ECR Human admission passed: 72/72 accepted; method scopes promoted without HD or compatibility authority drift.
✓ REL-W4 all-method current reconciliation passed: AST/NUM/BZR/ZWR/ECR/HD are 144/144 Human-admitted; REL-W5 is unblocked but the full relationship product is not yet customer-published.
✓ REL-W4 all-method current freeze passed: 12 current artifacts match digests; 144/144 Human acceptance frozen before REL-W5.
✓ REL-W5 Relationship Current Reality passed.
  Current authority universe: AST, BZR, ECR, HD, NUM, ZWR (six methods Human-admitted); actual cases may omit unavailable/precision-blocked methods.
  24/24 machine cases passed; Current Reality remains customer-controlled and cannot prove/disprove a method.
✓ REL-W6 Cross-Evidence Relationship Synthesis passed.
  24/24 complete relationship cases passed across 2 / 3 / 4+ methods, Profile optionality, unavailable methods, Person-B time uncertainty, Reality support/contradiction/open/no-Reality.
  Symbolic, Profile/Assessment, and Current Reality lanes remain separate; no lane proves another and true disagreement remains NON_CONVERGENCE.
✓ REL-W0–W6 relationship foundation aggregate passed.

> check:relationship:w7-narrative-brief
> node scripts/check-rel-w7-relationship-narrative-brief.mjs

✓ REL-W7 Relationship Narrative Brief passed.
  24/24 deterministic briefs passed: 20 specific-person + 4 self-relationship-pattern cases; methods 2–6; Profile source classes preserved; Reality support/partial/contradiction/open/no-comparison covered.
  A/B remain distinct, Person B is never invented, non-convergence/counter-evidence/precision remain visible, and the brief extends W54N0 without creating a second Writer/provider authority.

> check:ppr-narrative:w54n1-w54n8
> node scripts/check-ppr-narrative-w54n1-n8.mjs ALL

✓ W54N1–W54N8 shared AI Narrative infrastructure passed (ALL).
  24/24 generation cases; personal 12, relationship 12; repair cases 15; cache 24/24; Ask 12/12.
  Writer remains narrative-only; W53/W54 verifier is factual authority; targeted repair is local; Web/Print/PDF reuse one stored NarrativeReadingIR.
  Commerce requires server-verified payment; client success page has no payment authority; Ask quota remains entitlement-driven.

> check:relationship:w8-paid-narrative
> node scripts/check-rel-w8-paid-relationship-narrative.mjs

✓ REL-W8 Paid Relationship Narrative passed 24/24.
  Specific-person 20; self-pattern 4; cache 24/24; reopen/print/PDF/reload 96/96; Ask 12/12.
  REL-W8 reuses W54N1–W54N8 Writer/Verifier/Repair/IR/Preview/Commerce/Cache/Ask; no second provider, verifier, Stripe/payment, entitlement, or cache authority.

> check:runtime-security-privacy
> node --no-warnings scripts/check-runtime-security-privacy.mjs

✓ M2-W8 Runtime classification, privacy logging, deletion/export, Professional Access, and Research Consent Boundary checks passed.

> check:ppr-r2-shared-ownership
> node scripts/check-ppr-r2-shared-file-ownership.mjs

✓ PPR-R2-W1 shared-file ownership authority passed: Personal Reality owns the three convergence files; method production roots do not directly reference them.

> check:ppr-current-shared-owner
> node scripts/check-ppr-current-shared-owner.mjs

✓ PPR current shared-owner registry 15/15 passed.
  Historical freezes remain audit evidence; current runtime bytes are owned and checked once, with semantic and forbidden-behaviour gates.

> check:ppr-r2:w68-shared-ownership-no-legacy-leak
> node scripts/check-ppr-r2-w68-shared-ownership-no-legacy-leak.mjs

✓ W68 Shared-file Ownership + No Legacy Leak passed.
  3/3 convergence files remain owned by PERSONAL_REALITY_PRODUCT_ORCHESTRATION; historical W68 bytes remain recognized predecessors while the current byte registry owns the active successor.
  Narrative provider/raw-method/customer-authority/payment-success leaks rejected; Profile and shared Person-B alternate owners rejected.

> check:ppr-r2:w69-deterministic-generative-stability
> node scripts/check-ppr-r2-w69-deterministic-generative-stability.mjs

✓ W69 Deterministic Replay + Generative Stability passed 24/24.
  Governed Personal/Relationship briefs replay byte-stably; fresh AI wording may differ while factual support/prohibitions remain stable.
  Stored NarrativeReadingIR reopens with the same narrativeId/content and zero writer regeneration.

> check:ppr-r2:w70-paid-narrative-e2e
> node scripts/check-ppr-r2-w70-paid-narrative-e2e.mjs

✓ W70 Customer Product E2E passed 72/72 complete paid flows.
  Cohorts: ordinary 24/24; Profile/Assessment 24/24; Relationship 24/24. Each reaches stored NarrativeReadingIR and reopens across Web/Print/PDF without provider regeneration.
  Targeted repair exercised in 47/72 successful flows; Profile source classes 4/4; relationship modes both covered.
  Failure coverage passed: timeout, refusal, invalid provider output, verification failure, repair failure, paid-generation failure, retry, no duplicate charge/narrative, reopen/PDF without provider call.
✓ W67–W70 unified final machine pack passed 14/14 executable steps.

> check:ppr-r2:post-machine-human-gate
> npm run check:ppr-r2:w71-w73-human-acceptance && npm run check:ppr-r2:w74-shadow-precutover && npm run check:ppr-r2:w75-production-like-smoke && npm run check:ppr-r2:w76-w78-production-cutover && npm run check:continuity:w79-w85 && npm run check:continuity:w86-machine && npm run check:continuity:w87-review-readiness && npm run check:continuity:w88-cutover-gate


> check:ppr-r2:w71-w73-human-acceptance
> node scripts/check-ppr-r2-w71-w73-human-acceptance.mjs

✓ W71-W73 Human acceptance passed: all three campaigns are 24/24 accepted with 0 revised/rejected/pending.

> check:ppr-r2:w74-shadow-precutover
> node scripts/check-ppr-r2-w74-shadow-precutover.mjs

✓ W74 shadow pre-cutover evidence current: 24/24 machine shadow observations; Human gate is accepted; W76 is eligible.

> check:ppr-r2:w75-production-like-smoke
> node scripts/check-ppr-r2-w75-production-like-smoke.mjs

✓ W75 production-like smoke evidence current; no live external provider/payment/storage claim is fabricated.

> check:ppr-r2:w76-w78-production-cutover
> node scripts/check-ppr-r2-w76-w78-production-cutover.mjs

✓ W76-W78 cutover / retirement / production freeze passed: Human 72/72 accepted, successor-only authority active, live external services remain explicitly unclaimed and fail-closed.

> check:continuity:w79-w85
> node scripts/check-continuity-w79-w85.mjs

✓ W79-W85 Continuity authority passed: subscription remains separately configured, recurring commerce is card-only, entitlement/server quota, explicit context selection, delta-not-regeneration, retention boundaries.

> check:continuity:w86-machine
> node scripts/check-continuity-w86-machine.mjs

✓ W86 Continuity machine acceptance passed: 24/24 scenarios.

> check:continuity:w87-review-readiness
> node scripts/check-continuity-w87-review-readiness.mjs

✓ W87 Human review readiness passed: 24 unique delta cases; Human decision remains 0/24 accepted and 24 pending.

> check:continuity:w88-cutover-gate
> node scripts/check-continuity-w88-cutover-gate.mjs

✓ W88 correctly BLOCKED: W87 Human acceptance and commercial/live recurring configuration are not complete.

> check:integrated-phase0
> node scripts/check-integrated-successor-phase0.mjs

node:internal/modules/run_main:107
    triggerUncaughtException(
    ^

AssertionError [ERR_ASSERTION]: Expected values to be strictly equal:
+ actual - expected

+ 'ba6ad1eb688d3ab71978f9ce47b0edcce5b650e9df68d46bb93971e7a5dd49eb'
- '72576eb499980b43da16bfaa6d0aaec00513a8c92671af5ccfaf2a9867fbd10c'

    at file:///C:/Users/Guest%20Account/OneDrive/Desktop/PHIOS/phios/scripts/check-integrated-successor-phase0.mjs:134:8
    at ModuleJob.run (node:internal/modules/esm/module_job:439:25)
    at async node:internal/modules/esm/loader:643:26
    at async asyncRunEntryPointWithESMLoader (node:internal/modules/run_main:101:5) {
  generatedMessage: true,
  code: 'ERR_ASSERTION',
  actual: 'ba6ad1eb688d3ab71978f9ce47b0edcce5b650e9df68d46bb93971e7a5dd49eb',
  expected: '72576eb499980b43da16bfaa6d0aaec00513a8c92671af5ccfaf2a9867fbd10c',
  operator: 'strictEqual',
  diff: 'simple'
}

Node.js v24.18.0
CHECK_REMAINDER_EXIT=1
