Resuming at npm run check:integrated-phase0

> check:integrated-phase0
> node scripts/check-integrated-successor-phase0.mjs

✓ Integrated Successor PHASE 0 passed.
  Current main 552f6d973dcaa32aa72f7f1d676ec2bc74434729 is reconciled; three source masters are byte-preserved and migrated under one cross-program successor order.
  Current CX/P1/KAP presentation authority is honored without restoring retired Stage16/CIR DOM; ECR topic runtime remains Cloudflare-safe.
  PHASE 0 acceptance/freeze is active; archive-only .git/AJV limits are recorded without weakening production checkers or fabricating a full npm-check PASS.

> check:integrated-phase1
> npm run check:cx-rebuild && node scripts/check-integrated-successor-phase1.mjs


> check:cx-rebuild
> npm run check:cx-r9-r2 && node scripts/check-cx-r10-r30-current.mjs ALL


> check:cx-r9-r2
> npm run check:cx-r13 && node scripts/check-cx-r9-r2-contextual-ask.mjs && node scripts/check-cx-r9-r2-customer-cutover.mjs


> check:cx-r13
> npm run check:cx-r12r && node scripts/check-cx-r13-financial-reality.mjs


> check:cx-r12r
> npm run check:cx-r12 && npm run check:cx-location-resolution && npm run check:cx-location-input-humanization && npm run check:cx-human-language && node scripts/check-cx-r12r-personal-reality-recovery.mjs


> check:cx-r12
> npm run check:cx-r10 && node scripts/check-cx-r12-personal-reality.mjs


> check:cx-r10
> npm run check:cx-r20 && node scripts/check-cx-r10-my-reality.mjs


> check:cx-r20
> npm run check:cx-foundation && node scripts/check-cx-r20-runtime-projection-adapters.mjs


> check:cx-foundation
> npm run check:cx-r5


> check:cx-r5
> npm run check:cx-r4 && node scripts/check-cx-r5-global-shell.mjs


> check:cx-r4
> npm run check:cx-r3 && node scripts/check-cx-r4-visual-assets.mjs


> check:cx-r3
> npm run check:cx-r2 && node scripts/check-cx-r3-customer-design-system.mjs && npm run check:cx-no-legacy-css && npm run check:cx-no-legacy-selectors && npm run check:cx-no-old-component-copy


> check:cx-r2
> npm run check:cx-r1a && node scripts/check-cx-r2-information-architecture.mjs


> check:cx-r1a
> npm run check:cx-r1 && node scripts/check-cx-r1a-hard-cutover-preparation.mjs && npm run check:cx-no-legacy-route-reference


> check:cx-r1
> npm run check:cx-r0 && npm run check:cx-r1-quarantine && npm run check:cx-no-legacy-css && npm run check:cx-no-legacy-selectors && npm run check:cx-no-old-component-copy


> check:cx-r0
> node scripts/check-cx-r0-baseline.mjs

'node' is not recognized as an internal or external command,
operable program or batch file.
CHECK_REMAINDER_EXIT=1
