
> check:health-k1
> node scripts/run-zero-cost-regression.mjs check:health-k1


> check:health-concept-registry
> node scripts/run-zero-cost-regression.mjs check:health-concept-registry

✓ Health concept registry passed: 72 canonical concepts.

> check:health-source-authority
> node scripts/run-zero-cost-regression.mjs check:health-source-authority

✓ Health source authority passed.

> check:health-source-admission
> node scripts/run-zero-cost-regression.mjs check:health-source-admission

✓ Health source admission passed: live admission remains fail-closed.

> check:health-knowledge-corpus
> node scripts/run-zero-cost-regression.mjs check:health-knowledge-corpus

✓ Health knowledge corpus passed: 14 source-bound packets.

> check:health-safety-corpus
> node scripts/run-zero-cost-regression.mjs check:health-safety-corpus

✓ Health safety corpus passed.

> check:health-lab-corpus
> node scripts/run-zero-cost-regression.mjs check:health-lab-corpus

✓ Health lab corpus passed: 13 lab concepts.

> check:health-care-navigation
> node scripts/run-zero-cost-regression.mjs check:health-care-navigation

✓ Health care navigation passed.

> check:health-lived-experience
> node scripts/run-zero-cost-regression.mjs check:health-lived-experience

✓ Health lived-experience authority passed.

> check:health-answer-ir
> node scripts/run-zero-cost-regression.mjs check:health-answer-ir

✓ Health answer IR passed.

> check:health-k1-current
> node scripts/run-zero-cost-regression.mjs check:health-k1-current

✓ HEALTH-K1 current successor passed: 72 concepts and 14 governed packets remain unchanged while explicit HRP successor authority is present.
  Historical HEALTH-K1 stage gate forbidding silent HRP creation remains preserved; current authority permits only explicit, firewalled HRP successor admission.

> check:hrp
> node scripts/run-zero-cost-regression.mjs check:hrp


> check:health-reflective-authority
> node scripts/run-zero-cost-regression.mjs check:health-reflective-authority

✓ Health reflective authority passed.

> check:health-reflective-source-registry
> node scripts/run-zero-cost-regression.mjs check:health-reflective-source-registry

✓ Health reflective source registry passed: 1 source(s).

> check:health-reflective-symbol-registry
> node scripts/run-zero-cost-regression.mjs check:health-reflective-symbol-registry

✓ Health reflective symbol registry passed: 24 source-attributed entries.

> check:health-reflective-firewall
> node scripts/run-zero-cost-regression.mjs check:health-reflective-firewall

✓ HRP hard firewall passed: reflective source cannot enter clinical authority or control urgency, diagnosis, labs, medication, prognosis or medical causality.

> check:health-reflective-perspective
> node scripts/run-zero-cost-regression.mjs check:health-reflective-perspective

✓ HRP-W0–W5 passed: 1 reflective source, 16 symptom/disease reflections, 8 body-area reflections, 14 normalized themes.
  Reflective meaning remains optional, source-attributed and hard-separated from medical causality, urgency, labs, medication and prognosis.

> check:health-knowledge-current
> node scripts/run-zero-cost-regression.mjs check:health-knowledge-current


> check:health-reality-current
> node scripts/run-zero-cost-regression.mjs check:health-reality-current


> check:hrx-w0-w14
> node scripts/run-zero-cost-regression.mjs check:hrx-w0-w14

✓ HRX-W0–W14 Health Reality Runtime foundation passed.
  Health Reality, evidence, safety routing, symbolic-method firewall, professional handoff and Ask bridge are structurally governed.
  Production remains fail-closed until external health authority, client surface and live deployment are independently accepted.

> check:hrx-w15-w22
> node scripts/run-zero-cost-regression.mjs check:hrx-w15-w22

✓ HRX-W15–W22 Health evidence runtime and client candidate passed.
  Approved-authority policy, source admission, document IR, timeline, version/diff and Ask grounding are fail-closed.
  Health Reality client surface is a noindex candidate only; current production manifest and live-health activation remain unchanged.

> check:hrx-w23-w35
> node scripts/run-zero-cost-regression.mjs check:hrx-w23-w35

✓ HRX-W23–W35 pre-live production gate passed.
  Live authority fetch, freshness/versioning, upload boundary, lab normalization, guided context, Ask health routing, privacy/persistence, dashboard projection and clinician handoff are executable.
  W33 live browser evidence remains pending; W34 correctly fails closed instead of claiming limited production.

> check:health-k1-current
> node scripts/run-zero-cost-regression.mjs check:health-k1-current

✓ HEALTH-K1 current successor passed: 72 concepts and 14 governed packets remain unchanged while explicit HRP successor authority is present.
  Historical HEALTH-K1 stage gate forbidding silent HRP creation remains preserved; current authority permits only explicit, firewalled HRP successor admission.

> check:hrp
> node scripts/run-zero-cost-regression.mjs check:hrp


> check:health-reflective-authority
> node scripts/run-zero-cost-regression.mjs check:health-reflective-authority

✓ Health reflective authority passed.

> check:health-reflective-source-registry
> node scripts/run-zero-cost-regression.mjs check:health-reflective-source-registry

✓ Health reflective source registry passed: 1 source(s).

> check:health-reflective-symbol-registry
> node scripts/run-zero-cost-regression.mjs check:health-reflective-symbol-registry

✓ Health reflective symbol registry passed: 24 source-attributed entries.

> check:health-reflective-firewall
> node scripts/run-zero-cost-regression.mjs check:health-reflective-firewall

✓ HRP hard firewall passed: reflective source cannot enter clinical authority or control urgency, diagnosis, labs, medication, prognosis or medical causality.

> check:health-reflective-perspective
> node scripts/run-zero-cost-regression.mjs check:health-reflective-perspective

✓ HRP-W0–W5 passed: 1 reflective source, 16 symptom/disease reflections, 8 body-area reflections, 14 normalized themes.
  Reflective meaning remains optional, source-attributed and hard-separated from medical causality, urgency, labs, medication and prognosis.
