{
    "wallTime": 54161,
    "cpuTime": 2010,
    "truncated": false,
    "executionModel": "stateless",
    "outcome": "exceededCpu",
    "scriptVersion": {
        "id": "1cd6ede4-b8e0-4278-853b-09e68eb9a279"
    },
    "scriptName": "phios-method-report-renderer-qa",
    "diagnosticsChannelEvents": [],
    "exceptions": [
        {
            "name": "Error",
            "message": "Worker exceeded CPU time limit.",
            "timestamp": 1790905341652
        },
        {
            "name": "Error",
            "message": "Worker exceeded CPU time limit.",
            "timestamp": 1790905341652
        },
        {
            "name": "Error",
            "message": "Worker exceeded CPU time limit.",
            "timestamp": 1790905341652
        }
    ],
    "logs": [],
    "eventTimestamp": 1790905287503,
    "event": {
        "request": {
            "url": "https://method-report-renderer.internal/verify",
            "method": "POST",
            "headers": {
                "content-type": "application/json"
            }
        }
    }
}
