{
    "wallTime": 159826,
    "cpuTime": 1855,
    "truncated": false,
    "executionModel": "stateless",
    "outcome": "canceled",
    "scriptVersion": {
        "id": "1cd6ede4-b8e0-4278-853b-09e68eb9a279"
    },
    "scriptName": "phios-method-report-renderer-qa",
    "diagnosticsChannelEvents": [],
    "exceptions": [],
    "logs": [
        {
            "message": [
                "waitUntil() tasks did not complete within the allowed time after invocation end and have been cancelled. See: https://developers.cloudflare.com/workers/runtime-apis/context/#waituntil"
            ],
            "level": "warn",
            "timestamp": 1790904795694
        }
    ],
    "eventTimestamp": 1790904635838,
    "event": {
        "request": {
            "url": "https://method-report-renderer.internal/verify",
            "method": "POST",
            "headers": {
                "content-type": "application/json"
            }
        }
    }
}
