
> check:visual-report-commerce-binding
> node scripts/run-zero-cost-regression.mjs check:visual-report-commerce-binding

PASS visual-report commerce binding: current primary products use projected prices; legacy-readable reports fall back to the canonical report commerce contract without top-level undefined price access.
Pages static publication: copied=11248, skipped=7598

 ⛅️ wrangler 4.120.0
────────────────────
✨ Compiled Worker successfully
Pages Worker: 15974859 bytes; gzip 2968853 bytes
PASS Pages publication boundary: 11250 files; no asset exceeds 25 MiB; provider runtime payloads excluded.
PASS Cloudflare Pages build boundary: .pages-output
[31mX [41;31m[[41;97mERROR[41;31m][0m [1mFailed to write to log file Error: EPERM: operation not permitted, open 'C:\Users\Guest Account\AppData\Roaming\xdg.config\.wrangler\logs\wrangler-2026-10-08_05-31-40_896.log'[0m

      at async open (node:internal/fs/promises:640:25)
      at async writeFile (node:internal/fs/promises:1260:14)
      at async C:\phios\node_modules\wrangler\wrangler-dist\cli.js:60963:7
      at async Mutex.runWith (C:\phios\node_modules\miniflare\dist\src\index.js:82825:48)
      at async appendToDebugLogFile (C:\phios\node_modules\wrangler\wrangler-dist\cli.js:60960:3) {
    errno: -4048,
    code: 'EPERM',
    syscall: 'open',
    path: 'C:\\Users\\Guest Account\\AppData\\Roaming\\xdg.config\\.wrangler\\logs\\wrangler-2026-10-08_05-31-40_896.log'
  }


[31mX [41;31m[[41;97mERROR[41;31m][0m [1mWould have written: [0m

  --- 2026-10-08T05:31:41.882Z debug
  🪵  Writing logs to "C:\Users\Guest Account\AppData\Roaming\xdg.config\.wrangler\logs\wrangler-2026-10-08_05-31-40_896.log"
  ---



🪵  Logs were written to "C:\Users\Guest Account\AppData\Roaming\xdg.config\.wrangler\logs\wrangler-2026-10-08_05-31-40_896.log"
