npm warn Unknown env config "http-proxy". This will stop working in the next major version of npm.

> check:vfr:zwr-prelive
> node scripts/run-zero-cost-regression.mjs check:vfr:zwr-prelive

npm warn Unknown env config "http-proxy". This will stop working in the next major version of npm.

> check:vfr:shared-core
> node scripts/run-zero-cost-regression.mjs check:vfr:shared-core

PASS PHI-OS-VFR-R1 shared core: <=USD1 budget governor, <=2 absolute calls, zero semantic-AI review in customer hot path.
PASS ZWR-VFR pre-live: bilingual compact pack sections=10; planned provider calls=1; semantic reviewer calls=0; estimated input tokens=16972; max output=8000; planned max cost=$0.16243; production binding unchanged; live provider not called.
npm warn Unknown env config "http-proxy". This will stop working in the next major version of npm.

> check:vfr:zwr-visual-prelive
> node scripts/run-zero-cost-regression.mjs check:vfr:zwr-visual-prelive

PASS ZWR-VFR visual pre-live: diagrams=15; pages=47/50; visualPages=38; textOnlyPages=9; maxConsecutiveProse=1; provider calls=0.
npm warn Unknown env config "http-proxy". This will stop working in the next major version of npm.

> check:vfr:zwr-cache-prelive
> node scripts/run-zero-cost-regression.mjs check:vfr:zwr-cache-prelive

PASS ZWR-VFR cache pre-live: immutable cache conflict guarded; deterministic replay hook present; old customer hot path remains fail-closed pending W8/W9/W10.
npm warn Unknown env config "http-proxy". This will stop working in the next major version of npm.

> check:report-provider-spend-protection
> node scripts/run-zero-cost-regression.mjs check:report-provider-spend-protection

PASS ordinary npm checks/builds: inherited zero-cost guard denies paid network even when parent requests live mode.
npm warn Unknown env config "http-proxy". This will stop working in the next major version of npm.

> check:cloudflare-function-import-compat
> node scripts/run-zero-cost-regression.mjs check:cloudflare-function-import-compat

✓ Cloudflare Pages Functions source deployability invariant passed.
  functions/**/*.{js,mjs,cjs} contains no prohibited JSON import attributes.
  Repository validation remains distinct from DEPLOYED and LIVE_VERIFIED truth.
