PIS browser: 360 index.html
PIS browser: 360 about/index.html
PIS browser: 360 about/founder/index.html
PIS browser: 360 about/reality-navigation/index.html
PIS browser: 360 thesis.html
PIS browser: 360 explore/index.html
PIS browser: 360 explore/why-phios/index.html
PIS browser: 360 explore/how-it-works/index.html
PIS browser: 360 explore/start/index.html
PIS browser: 360 knowledge/index.html
PIS browser: 360 knowledge/ask/index.html
PIS browser: 360 articles/index.html
PIS browser: 360 knowledge/concepts/index.html
PIS browser: 360 figures/index.html
PIS browser: 360 books/index.html
PIS browser: 360 perspectives/index.html
PIS browser: 360 reality/index.html
PIS browser: 360 membership.html
PIS browser: 360 academy/index.html
PIS browser: 360 professional/index.html
PIS browser: 360 professional/reports/index.html
PIS browser: 360 research/index.html
PIS browser: 360 research/human-reading-systems/index.html
PIS browser: 360 research/why-reality-navigation/index.html
PIS browser: 360 professional/services/index.html
PIS browser: 360 professional/appointments/index.html
PIS browser: 360 professional/authority/index.html
PIS browser: 360 professional/external-readers/index.html
PIS browser: 360 professional/financial/index.html
PIS browser: 390 index.html
PIS browser: 390 about/index.html
PIS browser: 390 about/founder/index.html
PIS browser: 390 about/reality-navigation/index.html
PIS browser: 390 thesis.html
PIS browser: 390 explore/index.html
PIS browser: 390 explore/why-phios/index.html
PIS browser: 390 explore/how-it-works/index.html
PIS browser: 390 explore/start/index.html
PIS browser: 390 knowledge/index.html
PIS browser: 390 knowledge/ask/index.html
PIS browser: 390 articles/index.html
PIS browser: 390 knowledge/concepts/index.html
PIS browser: 390 figures/index.html
PIS browser: 390 books/index.html
PIS browser: 390 perspectives/index.html
PIS browser: 390 reality/index.html
PIS browser: 390 membership.html
PIS browser: 390 academy/index.html
PIS browser: 390 professional/index.html
PIS browser: 390 professional/reports/index.html
PIS browser: 390 research/index.html
PIS browser: 390 research/human-reading-systems/index.html
PIS browser: 390 research/why-reality-navigation/index.html
PIS browser: 390 professional/services/index.html
PIS browser: 390 professional/appointments/index.html
PIS browser: 390 professional/authority/index.html
PIS browser: 390 professional/external-readers/index.html
PIS browser: 390 professional/financial/index.html
PIS browser: 768 index.html
PIS browser: 768 about/index.html
PIS browser: 768 about/founder/index.html
PIS browser: 768 about/reality-navigation/index.html
PIS browser: 768 thesis.html
PIS browser: 768 explore/index.html
PIS browser: 768 explore/why-phios/index.html
PIS browser: 768 explore/how-it-works/index.html
PIS browser: 768 explore/start/index.html
PIS browser: 768 knowledge/index.html
PIS browser: 768 knowledge/ask/index.html
PIS browser: 768 articles/index.html
PIS browser: 768 knowledge/concepts/index.html
PIS browser: 768 figures/index.html
PIS browser: 768 books/index.html
PIS browser: 768 perspectives/index.html
PIS browser: 768 reality/index.html
PIS browser: 768 membership.html
PIS browser: 768 academy/index.html
PIS browser: 768 professional/index.html
PIS browser: 768 professional/reports/index.html
PIS browser: 768 research/index.html
PIS browser: 768 research/human-reading-systems/index.html
PIS browser: 768 research/why-reality-navigation/index.html
PIS browser: 768 professional/services/index.html
PIS browser: 768 professional/appointments/index.html
PIS browser: 768 professional/authority/index.html
PIS browser: 768 professional/external-readers/index.html
PIS browser: 768 professional/financial/index.html
PIS browser: 1440 index.html
PIS browser: 1440 about/index.html
PIS browser: 1440 about/founder/index.html
PIS browser: 1440 about/reality-navigation/index.html
PIS browser: 1440 thesis.html
PIS browser: 1440 explore/index.html
PIS browser: 1440 explore/why-phios/index.html
PIS browser: 1440 explore/how-it-works/index.html
PIS browser: 1440 explore/start/index.html
PIS browser: 1440 knowledge/index.html
PIS browser: 1440 knowledge/ask/index.html
PIS browser: 1440 articles/index.html
PIS browser: 1440 knowledge/concepts/index.html
PIS browser: 1440 figures/index.html
PIS browser: 1440 books/index.html
PIS browser: 1440 perspectives/index.html
PIS browser: 1440 reality/index.html
PIS browser: 1440 membership.html
PIS browser: 1440 academy/index.html
PIS browser: 1440 professional/index.html
PIS browser: 1440 professional/reports/index.html
PIS browser: 1440 research/index.html
PIS browser: 1440 research/human-reading-systems/index.html
PIS browser: 1440 research/why-reality-navigation/index.html
PIS browser: 1440 professional/services/index.html
PIS browser: 1440 professional/appointments/index.html
PIS browser: 1440 professional/authority/index.html
PIS browser: 1440 professional/external-readers/index.html
PIS browser: 1440 professional/financial/index.html
PASS PIS local browser: 232 page/viewport/locale cases.
