PIS browser: 360 books/reality-formation/index.html
PIS browser: 360 books/reality-runtime/index.html
PIS browser: 360 books/reality-continuity/index.html
PIS browser: 360 books/reality-expansion/index.html
PIS browser: 360 books/reality-differentiation/index.html
PIS browser: 360 books/reality-observation/index.html
PIS browser: 360 books/reality-navigation/index.html
PIS browser: 390 books/reality-formation/index.html
PIS browser: 390 books/reality-runtime/index.html
PIS browser: 390 books/reality-continuity/index.html
PIS browser: 390 books/reality-expansion/index.html
PIS browser: 390 books/reality-differentiation/index.html
PIS browser: 390 books/reality-observation/index.html
PIS browser: 390 books/reality-navigation/index.html
PIS browser: 768 books/reality-formation/index.html
PIS browser: 768 books/reality-runtime/index.html
PIS browser: 768 books/reality-continuity/index.html
PIS browser: 768 books/reality-expansion/index.html
PIS browser: 768 books/reality-differentiation/index.html
PIS browser: 768 books/reality-observation/index.html
PIS browser: 768 books/reality-navigation/index.html
PIS browser: 1440 books/reality-formation/index.html
PIS browser: 1440 books/reality-runtime/index.html
PIS browser: 1440 books/reality-continuity/index.html
PIS browser: 1440 books/reality-expansion/index.html
PIS browser: 1440 books/reality-differentiation/index.html
PIS browser: 1440 books/reality-observation/index.html
PIS browser: 1440 books/reality-navigation/index.html
PASS PIS local browser: 56 page/viewport/locale cases.
