PIS browser: 360 explore/how-it-works/index.html
PIS browser: 360 perspectives/index.html
PIS browser: 360 reality/index.html
PIS browser: 360 academy/index.html
PIS browser: 360 professional/index.html
PIS browser: 360 professional/financial/index.html
PIS browser: 390 explore/how-it-works/index.html
PIS browser: 390 perspectives/index.html
PIS browser: 390 reality/index.html
PIS browser: 390 academy/index.html
PIS browser: 390 professional/index.html
PIS browser: 390 professional/financial/index.html
PIS browser: 768 explore/how-it-works/index.html
PIS browser: 768 perspectives/index.html
PIS browser: 768 reality/index.html
PIS browser: 768 academy/index.html
PIS browser: 768 professional/index.html
PIS browser: 768 professional/financial/index.html
PIS browser: 1440 explore/how-it-works/index.html
PIS browser: 1440 perspectives/index.html
PIS browser: 1440 reality/index.html
PIS browser: 1440 academy/index.html
PIS browser: 1440 professional/index.html
PIS browser: 1440 professional/financial/index.html
PASS PIS local browser: 48 page/viewport/locale cases.
