PIS functional: 360 account/index.html
PIS functional: 390 account/index.html
PIS functional: 768 account/index.html
PIS functional: 1440 account/index.html
PIS functional: 360 checkout.html
PIS functional: 390 checkout.html
PIS functional: 768 checkout.html
PIS functional: 1440 checkout.html
PIS functional: 360 payment-success.html
PIS functional: 390 payment-success.html
PIS functional: 768 payment-success.html
PIS functional: 1440 payment-success.html
PIS functional: 360 payment-failure.html
PIS functional: 390 payment-failure.html
PIS functional: 768 payment-failure.html
PIS functional: 1440 payment-failure.html
PIS functional: 360 perspectives/personal/index.html
PIS functional: 390 perspectives/personal/index.html
PIS functional: 768 perspectives/personal/index.html
PIS functional: 1440 perspectives/personal/index.html
PIS functional: 360 perspectives/relationship/index.html
PIS functional: 390 perspectives/relationship/index.html
PIS functional: 768 perspectives/relationship/index.html
PIS functional: 1440 perspectives/relationship/index.html
PIS functional: 360 perspectives/tarot/index.html
PIS functional: 390 perspectives/tarot/index.html
PIS functional: 768 perspectives/tarot/index.html
PIS functional: 1440 perspectives/tarot/index.html
PIS functional: 360 perspectives/iching/index.html
PIS functional: 390 perspectives/iching/index.html
PIS functional: 768 perspectives/iching/index.html
PIS functional: 1440 perspectives/iching/index.html
PIS functional: 360 academy/lesson/index.html
PIS functional: 390 academy/lesson/index.html
PIS functional: 768 academy/lesson/index.html
PIS functional: 1440 academy/lesson/index.html
PIS functional: 360 review/iching/index.html
PIS functional: 390 review/iching/index.html
PIS functional: 768 review/iching/index.html
PIS functional: 1440 review/iching/index.html
PASS PIS functional shell: 40 cases; no forms submitted or production writes.
