✓ WPR-W1 Authority Boundary passed.
✓ WPR-W2 Canonical Web Production Contract passed (38 production records).
✓ WPR-W3 Production Surface Registry passed.
✓ WPR-W4 Canonical Route Registry passed.
✓ WPR-W5 Production Source Registry passed.
✓ WPR-W6 Runtime Consumption Registry passed.
✓ WPR-W7 Public Asset Resolution Contract passed.
✓ Resolver is registry-led, HTTPS/base-url governed, variant-explicit and fail-closed for unverified/group assets.
✓ WPR-W9 Responsive Asset Runtime passed.
✓ Responsive variants are registry-only; current canonical assets remain ORIGINAL single-source until explicit variants are governed.
✓ WPR-W10 historical Visual Production Projection passed; HPC2-PRE Homepage consumption is accepted only as an additive successor.
✓ VAP→Web direct projection remains forbidden; HPC2-PRE creates no CAR publication authority and no second resolver.
✓ WPR-W11 Canonical Composition Resolver passed.
✓ WPR executes explicit CPR composition bindings only; production resolution remains blocked while CPR productionRecords are empty.
✓ WPR-W12 Locale Projection passed.
✓ Locale fallback is explicit-only and missing canonical content never authorizes WPR translation.
✓ WPR-W13 Public Vocabulary Governance passed.
✓ Restricted internal terminology is fail-closed for public/customer projection without renaming IMR identities or creating method eligibility.
✓ WPR-W16 Existing Published Article Production Composition accepted.
✓ WPR-W17 current Figure / Diagram successor passed with 5 inherited upstream ownership mismatches still excluded.
  Current /figures/ uses CX Knowledge + seven-volume ownership; historical W17 evidence remains unchanged.
✓ WPR-W18 historical composition and active seven-volume successor passed.
✓ WPR-W19 Academy Discovery Production Composition passed; live learning delivery remains inactive.
✓ WPR-W20 Reality Journey Production Composition passed.
✓ JR v2 canonical stage authority is projected read-only; legacy M3C/PDS journey views remain compatibility-only.
✓ No live JR/RRE persistence, RNE/LRM execution, professional responsibility or WPR-W21 method execution is claimed.
✓ WPR-W21 → MCD-7 current Personal Reality surface successor passed through CX-P1.
✓ WPR-W23 Report / Workspace Production Surface passed.
  PR/RR authority is preserved; existing private shells remain fail-closed and WPR does not fetch private payloads or generate reports.
✓ WPR-W24 Hydration Runtime passed.
  Hydration is access-preserving, GET/same-origin bounded, private fail-closed and non-persistent.
✓ WPR-W26 Privacy / Security Production Boundary passed.
  Private routes are no-store/noindex and CSP narrowly reconciles Google Fonts plus governed R2/getphios image origins.
✓ WPR-W29 Full Production Acceptance passed.
  Full WPR scope is accepted as governed LIMITED_PRODUCTION; full production promotion is correctly withheld while deployment/R2/domain/browser and upstream authority gates remain open.
✓ CX-R6 Homepage seven-volume current successor passed.
  H01–H09 remain intact; H06 projects BOOK-1…BOOK-7 through the owner-confirmed R2 successor registry.
✓ WPR-W22 current Professional / Financial Production Surface passed through the active CX-P1 presentation successor.
  PR human judgment authority and financial product-neutral boundaries remain upstream; the CX surface projects governed discovery and temporary calculation only.
✓ CX-R8 Knowledge seven-volume current successor passed.
  Knowledge Home, Books, current client runtime, R2 covers and explicit Ask BOOK-1…BOOK-7 context are aligned.
✓ Seven-volume current responsive/accessibility projection passed.
  Seven canonical book routes retain viewport, canonical, skip/main semantics and the seven-volume renderer; CX Home/Books/Knowledge retain the customer shell.
✓ BOOK-W1F current WPR successor compatibility passed; CX-P1 presentation and historical PX2/WPR/BOOK-W1F records are reconciled.
  WPR v1 freeze/history remains immutable; current presentation validation follows the governed CX cutover while non-cutover surfaces remain PX2.
