
> precheck
> node scripts/run-zero-cost-regression.mjs precheck


> check:report-provider-spend-protection
> node scripts/run-zero-cost-regression.mjs check:report-provider-spend-protection

node:internal/modules/run_main:107
    triggerUncaughtException(
    ^

AssertionError [ERR_ASSERTION]: file:///C:/phios/scripts/lib/w11r6-zero-cost-preload.mjs:9
 if(!['localhost','127.0.0.1','::1','[::1]'].includes(url.hostname)){counts.externalAttemptsBlocked++;const error=Error('ZERO_COST_REPLAY_NETWORK_BLOCKED');error.code=error.message;throw error;}counts.localRequests++;
                                                                                                                  ^

Error: ZERO_COST_REPLAY_NETWORK_BLOCKED
    at check (file:///C:/phios/scripts/lib/w11r6-zero-cost-preload.mjs:9:115)
    at globalThis.fetch (file:///C:/phios/scripts/lib/w11r6-zero-cost-preload.mjs:11:73)
    at file:///C:/phios/[eval1]:1:217
    at waitForActual (node:assert:632:21)
    at strict.rejects (node:assert:769:31)
    at file:///C:/phios/[eval1]:1:205
    at ModuleJob.run (node:internal/modules/esm/module_job:439:25)
    at async node:internal/modules/esm/loader:224:26
    at async ModuleLoader.executeModuleJob (node:internal/modules/esm/loader:221:20)
    at async asyncRunEntryPointWithESMLoader (node:internal/modules/run_main:101:5) {
  code: 'ZERO_COST_REPLAY_NETWORK_BLOCKED'
}

Node.js v24.18.0


1 !== 0

    at file:///C:/phios/scripts/check-report-provider-spend-protection.mjs:30:8
    at ModuleJob.run (node:internal/modules/esm/module_job:439:25)
    at async node:internal/modules/esm/loader:643:26
    at async asyncRunEntryPointWithESMLoader (node:internal/modules/run_main:101:5) {
  generatedMessage: false,
  code: 'ERR_ASSERTION',
  actual: 1,
  expected: 0,
  operator: 'strictEqual',
  diff: 'simple'
}

Node.js v24.18.0
