
> check:rmo-foundation
> node scripts/run-zero-cost-regression.mjs check:rmo-foundation


> check:rmo-w0-w4
> node scripts/run-zero-cost-regression.mjs check:rmo-w0-w4

✓ RMO-W0-W4 Canonical Reality Foundation passed.
✓ Reality v1, Entity, Event and Signal are deterministic RMO records bound to ICR and governed by RDG.
✓ Existing Runtime Timeline, persistence, Evidence promotion, Interpretation, Inference, Provider/AI and production execution remain inactive.

> check:rmo-structure
> node scripts/run-zero-cost-regression.mjs check:rmo-structure


> check:rmo-w5-w7
> node scripts/run-zero-cost-regression.mjs check:rmo-w5-w7

✓ RMO-W5-W7 Relationship / Constraint / Reality State Runtime passed.
✓ OBSERVED, DERIVED and PROJECTED remain distinct from RDG data nature, certainty, Evidence, Inference and Interpretation.
✓ PWS relationships, Runtime lineage, Navigation, persistence, professional judgment, Provider/AI and production execution remain inactive.

> check:rmo-evidence-reasoning
> node scripts/run-zero-cost-regression.mjs check:rmo-evidence-reasoning


> check:rmo-w8-w9
> node scripts/run-zero-cost-regression.mjs check:rmo-w8-w9

✓ RMO-W8 Evidence Binding passed with RRE / RDG authority, subject, digest, purpose and lineage enforcement.
✓ RMO-W9 Interpretation / Inference Boundary passed with exact lineage, uncertainty and RDG firewall enforcement.
✓ Evidence promotion, reasoning content, Professional Judgment, Unknown Runtime, persistence, Provider/AI, network and production execution remain inactive.

> check:rmo-lifecycle
> node scripts/run-zero-cost-regression.mjs check:rmo-lifecycle


> check:rmo-w10-w12
> node scripts/run-zero-cost-regression.mjs check:rmo-w10-w12

✓ RMO-W10 Unknown Runtime passed; UNKNOWN, UNRESOLVED and DISPUTED remain formal, unresolved Reality components.
✓ RMO-W11 Action Runtime passed; observed, reported, declared and unknown Actions remain representations without execution authority.
✓ RMO-W12 Outcome Runtime passed; Action lineage and post-Action Evidence are enforced without causality, success, PR Outcome or Continuity authority.
✓ RMO-W0-W9, RDG, Navigation, Review, Memory, Continuity, PR, Provider/AI, persistence and production boundaries remain preserved.

> check:rmo-versioning-diff-freeze
> node scripts/run-zero-cost-regression.mjs check:rmo-versioning-diff-freeze


> check:rmo-w13-w15
> node scripts/run-zero-cost-regression.mjs check:rmo-w13-w15

✓ RMO-W13 Reality Versioning passed; immutable snapshots carry exact component version, digest, source Reality and ancestor lineage.
✓ RMO-W14 Reality Diff passed; added, removed, replaced and unchanged references are deterministic without interpretation, diagnosis or causality.
✓ RMO-W15 RMO Freeze passed; RMO-W0-W15 and all authority, non-activation and content-preservation gates are closed.
