
> precheck
> npm run check:cloudflare-function-import-compat && node scripts/check-pds-w0-current.mjs && node scripts/check-pds-w1-experience-contract.mjs && node scripts/check-pds-w2-design-tokens.mjs && node scripts/check-pds-w3-core-component-shell.mjs && node scripts/check-pds-w4-reality-journey-shell.mjs && node scripts/check-m3c-reconstruction-experience.mjs && node scripts/check-m3c-reading-experience.mjs && node scripts/check-m3c-reading-experience-visual.mjs && node scripts/check-m3c-reading-production-polish.mjs && node scripts/check-m3c-navigation-action-schema.mjs && node scripts/check-m3c-navigation-execution.mjs && node scripts/check-m3c-navigation-evidence-log.mjs && node scripts/check-m3c-navigation-review-gate.mjs && node scripts/check-m3c-navigation-recovery.mjs && node scripts/check-m3c-navigation-final-polish.mjs && node scripts/check-m4b-professional-workspace-foundation.mjs && node scripts/check-m4b-professional-workspace-views.mjs && node scripts/check-m4b-professional-revision-navigation-follow-up.mjs && node scripts/check-m4b-external-reader-framework.mjs && node scripts/check-m4b-external-reader-intake.mjs && node scripts/check-m4b-consent-sharing.mjs && node scripts/check-m4b-professional-reports.mjs && node scripts/check-m4b-appointment-payment.mjs && node scripts/check-m4b-professional-public-pages.mjs && node scripts/check-m4b-external-reader-data-privacy.mjs && node scripts/check-m4b-contract-acceptance.mjs && node scripts/check-m4b-release-freeze.mjs && node scripts/check-m4a-financial-reality-navigation.mjs && node scripts/check-m4a-w2a-financial-workspace-operationalization.mjs && node scripts/check-m4a-w2b-financial-revision-navigation.mjs && node scripts/check-m4a-w2c-financial-intake-calculation.mjs && node scripts/check-m4a-w4-financial-reports.mjs && node scripts/check-m4a-w5-financial-appointments.mjs && node scripts/check-m4a-w6-financial-public-pages.mjs && node scripts/check-pws-w0-baseline-responsibility-boundary.mjs && node scripts/check-pws-entry-w1-authorised-data-loader.mjs && node scripts/check-pws-entry-w2-canonical-ownership.mjs && node scripts/check-pws-entry-w3-implementation-sequence.mjs && node scripts/check-pws-i1-t01-canonical-glossary.mjs && node scripts/check-pws-i1-t02-canonical-identifiers.mjs && node scripts/check-pws-i1-t02-object-registry-t03-schema-version.mjs && node scripts/check-pws-i1-t04-canonical-states.mjs && node scripts/check-pws-i1-t05-t06-operations-events.mjs && node scripts/check-pws-i1-t07-canonical-errors.mjs && node scripts/check-pws-i1-t08-directory-blueprint.mjs && node scripts/check-pws-i1-v1-freeze.mjs && node scripts/check-pws-i2-w0-registry-baseline-audit.mjs && node --no-warnings scripts/check-pws-i2-w1-universal-registry-core.mjs && node --no-warnings scripts/check-pws-i2-w2-professional-registry.mjs && node --no-warnings scripts/check-pws-i2-w3-capability-credential-registry.mjs && node --no-warnings scripts/check-pws-i2-w4-method-service-registry.mjs && node --no-warnings scripts/check-pws-i2-w5-product-offer-registry.mjs && node --no-warnings scripts/check-pws-i2-w6-knowledge-deliverable-type-registry.mjs && node --no-warnings scripts/check-pws-i2-w7-migration-reconciliation.mjs && node scripts/check-kh-w3-5e-preface-canonical-consolidation.mjs && node scripts/check-kh-w3-5f-canonical-extraction-scaling-freeze.mjs && node scripts/check-kh-w4a-knowledge-runtime-v2.mjs && node scripts/check-kh-w4b-w4c-registry-authority-consumption.mjs && node scripts/check-pja-w2f-c0-book-i-registry-population.mjs && node scripts/check-pja-w2f-c1-readiness-skeleton-population.mjs && node --no-warnings scripts/check-pws-i2-v1-freeze.mjs && node scripts/check-pja-w0-cross-system-boundary.mjs && node scripts/check-pja-w1-blueprint-led-knowledge.mjs && node scripts/check-pja-w2a-canonical-article-editorial-contract.mjs && node scripts/check-pja-w2b-structured-article-schema.mjs && node scripts/check-pja-w2c-claim-source-review-governance.mjs && node scripts/check-pja-w2d-article-renderer-expansion.mjs && node scripts/check-pja-w2e-production-tools.mjs && node scripts/check-pja-w2e-r1-production-brief-hardening.mjs && node scripts/check-pja-w2f-a-universal-production-readiness.mjs && node scripts/check-kh-w4d-w4e-freeze-ownership.mjs && node scripts/check-kh-w4b5-book-2-canonical-node-registry.mjs && node scripts/check-kh-w4b5-r1-blueprint-registry-authority-refresh.mjs && node scripts/check-kh-w4b5-book-3-canonical-node-registry.mjs && npm run check:kir-r2 && npm run check:kh-w4b.5-book-4 && npm run check:kau-complete && npm run check:book-w1-outline && npm run check:book-w1-blueprints && npm run check:book-w1-canonical && npm run check:book-w1-public-projection


> check:cloudflare-function-import-compat
> node scripts/check-cloudflare-function-import-compat.mjs


✗ Cloudflare Pages Functions source deployability invariant failed.

  UNSUPPORTED_JSON_IMPORT_WITH_ATTRIBUTE
  functions/canonical-presentation-runtime/report-section-contract.js:1
  Static JSON imports in Pages Functions must not use `with { type: "json" }`.
  import registry from '../../config/reports/bazi-section-registry.json' with {type:'json'}

  UNSUPPORTED_JSON_IMPORT_WITH_ATTRIBUTE
  functions/canonical-presentation-runtime/report-section-contract.js:2
  Static JSON imports in Pages Functions must not use `with { type: "json" }`.
  import familyRegistry from '../../config/reports/report-page-families.json' with {type:'json'}

  UNSUPPORTED_JSON_IMPORT_WITH_ATTRIBUTE
  functions/canonical-presentation-runtime/report-section-contract.js:3
  Static JSON imports in Pages Functions must not use `with { type: "json" }`.
  import visualAssets from '../../config/reports/bazi-visual-assets.json' with {type:'json'}

Use a bundler-compatible JSON import in functions/**, for example:
  import registry from './registry.json';
Do not use:
  import registry from './registry.json' with { type: 'json' };

