{"entities":898,"visuals":392,"counts":{"macro-era":11,"period":20,"civilization":120,"snapshot":15,"comparison":6,"trajectory":16,"transition":32,"scale-shift":7,"loss-family":6,"loss-type":24,"book-section":85,"reconfiguration-case":60,"reconfiguration-window":24,"reconfiguration-snapshot":12,"current-dossier":12,"lived-dimension":14,"visual":392,"runtime-position":31,"admitted-current-evidence":11}}
Pages static publication: copied=11559, skipped=12874

 ⛅️ wrangler 4.120.0
────────────────────
✨ Compiled Worker successfully
Pages Worker: 16669707 bytes; gzip 3102233 bytes
PASS Pages publication boundary: 11561 files; no asset exceeds 25 MiB; provider runtime payloads excluded.
PASS Cloudflare Pages build boundary: .pages-output

[31mX [41;31m[[41;97mERROR[41;31m][0m [1mFailed to write to log file Error: EPERM: operation not permitted, open 'C:\Users\Guest Account\AppData\Roaming\xdg.config\.wrangler\logs\wrangler-2026-10-10_10-09-37_882.log'[0m

      at async open (node:internal/fs/promises:640:25)
      at async writeFile (node:internal/fs/promises:1260:14)
      at async C:\phios\node_modules\wrangler\wrangler-dist\cli.js:60963:7
      at async Mutex.runWith (C:\phios\node_modules\miniflare\dist\src\index.js:82825:48)
      at async appendToDebugLogFile (C:\phios\node_modules\wrangler\wrangler-dist\cli.js:60960:3) {
    errno: -4048,
    code: 'EPERM',
    syscall: 'open',
    path: 'C:\\Users\\Guest Account\\AppData\\Roaming\\xdg.config\\.wrangler\\logs\\wrangler-2026-10-10_10-09-37_882.log'
  }


[31mX [41;31m[[41;97mERROR[41;31m][0m [1mWould have written: [0m

  --- 2026-10-10T10:09:38.323Z debug
  🪵  Writing logs to "C:\Users\Guest Account\AppData\Roaming\xdg.config\.wrangler\logs\wrangler-2026-10-10_10-09-37_882.log"
  ---
  


🪵  Logs were written to "C:\Users\Guest Account\AppData\Roaming\xdg.config\.wrangler\logs\wrangler-2026-10-10_10-09-37_882.log"
