
> precheck
> npm run check:cloudflare-function-import-compat && node scripts/check-pds-w0-current.mjs && node scripts/check-pds-w1-experience-contract.mjs && node scripts/check-pds-w2-design-tokens.mjs && node scripts/check-pds-w3-core-component-shell.mjs && node scripts/check-pds-w4-reality-journey-shell.mjs && node scripts/check-m3c-reconstruction-experience.mjs && node scripts/check-m3c-reading-experience.mjs && node scripts/check-m3c-reading-experience-visual.mjs && node scripts/check-m3c-reading-production-polish.mjs && node scripts/check-m3c-navigation-action-schema.mjs && node scripts/check-m3c-navigation-execution.mjs && node scripts/check-m3c-navigation-evidence-log.mjs && node scripts/check-m3c-navigation-review-gate.mjs && node scripts/check-m3c-navigation-recovery.mjs && node scripts/check-m3c-navigation-final-polish.mjs && node scripts/check-m4b-professional-workspace-foundation.mjs && node scripts/check-m4b-professional-workspace-views.mjs && node scripts/check-m4b-professional-revision-navigation-follow-up.mjs && node scripts/check-m4b-external-reader-framework.mjs && node scripts/check-m4b-external-reader-intake.mjs && node scripts/check-m4b-consent-sharing.mjs && node scripts/check-m4b-professional-reports.mjs && node scripts/check-m4b-appointment-payment.mjs && node scripts/check-m4b-professional-public-pages.mjs && node scripts/check-m4b-external-reader-data-privacy.mjs && node scripts/check-m4b-contract-acceptance.mjs && node scripts/check-m4b-release-freeze.mjs && node scripts/check-m4a-financial-reality-navigation.mjs && node scripts/check-m4a-w2a-financial-workspace-operationalization.mjs && node scripts/check-m4a-w2b-financial-revision-navigation.mjs && node scripts/check-m4a-w2c-financial-intake-calculation.mjs && node scripts/check-m4a-w4-financial-reports.mjs && node scripts/check-m4a-w5-financial-appointments.mjs && node scripts/check-m4a-w6-financial-public-pages.mjs && node scripts/check-pws-w0-baseline-responsibility-boundary.mjs && node scripts/check-pws-entry-w1-authorised-data-loader.mjs && node scripts/check-pws-entry-w2-canonical-ownership.mjs && node scripts/check-pws-entry-w3-implementation-sequence.mjs && node scripts/check-pws-i1-t01-canonical-glossary.mjs && node scripts/check-pws-i1-t02-canonical-identifiers.mjs && node scripts/check-pws-i1-t02-object-registry-t03-schema-version.mjs && node scripts/check-pws-i1-t04-canonical-states.mjs && node scripts/check-pws-i1-t05-t06-operations-events.mjs && node scripts/check-pws-i1-t07-canonical-errors.mjs && node scripts/check-pws-i1-t08-directory-blueprint.mjs && node scripts/check-pws-i1-v1-freeze.mjs && node scripts/check-pws-i2-w0-registry-baseline-audit.mjs && node --no-warnings scripts/check-pws-i2-w1-universal-registry-core.mjs && node --no-warnings scripts/check-pws-i2-w2-professional-registry.mjs && node --no-warnings scripts/check-pws-i2-w3-capability-credential-registry.mjs && node --no-warnings scripts/check-pws-i2-w4-method-service-registry.mjs && node --no-warnings scripts/check-pws-i2-w5-product-offer-registry.mjs && node --no-warnings scripts/check-pws-i2-w6-knowledge-deliverable-type-registry.mjs && node --no-warnings scripts/check-pws-i2-w7-migration-reconciliation.mjs && node scripts/check-kh-w3-5e-preface-canonical-consolidation.mjs && node scripts/check-kh-w3-5f-canonical-extraction-scaling-freeze.mjs && node scripts/check-kh-w4a-knowledge-runtime-v2.mjs && node scripts/check-kh-w4b-w4c-registry-authority-consumption.mjs && node scripts/check-pja-w2f-c0-book-i-registry-population.mjs && node scripts/check-pja-w2f-c1-readiness-skeleton-population.mjs && node --no-warnings scripts/check-pws-i2-v1-freeze.mjs && node scripts/check-pja-w0-cross-system-boundary.mjs && node scripts/check-pja-w1-blueprint-led-knowledge.mjs && node scripts/check-pja-w2a-canonical-article-editorial-contract.mjs && node scripts/check-pja-w2b-structured-article-schema.mjs && node scripts/check-pja-w2c-claim-source-review-governance.mjs && node scripts/check-pja-w2d-article-renderer-expansion.mjs && node scripts/check-pja-w2e-production-tools.mjs && node scripts/check-pja-w2e-r1-production-brief-hardening.mjs && node scripts/check-pja-w2f-a-universal-production-readiness.mjs && node scripts/check-kh-w4d-w4e-freeze-ownership.mjs && node scripts/check-kh-w4b5-book-2-canonical-node-registry.mjs && node scripts/check-kh-w4b5-r1-blueprint-registry-authority-refresh.mjs && node scripts/check-kh-w4b5-book-3-canonical-node-registry.mjs && npm run check:kir-r2 && npm run check:kh-w4b.5-book-4 && npm run check:kau-complete && npm run check:book-w1-outline && npm run check:book-w1-blueprints && npm run check:book-w1-canonical && npm run check:book-w1-public-projection


> check:cloudflare-function-import-compat
> node scripts/check-cloudflare-function-import-compat.mjs

✓ Cloudflare Pages Functions source deployability invariant passed.
  functions/**/*.{js,mjs,cjs} contains no prohibited JSON import attributes.
  Repository validation remains distinct from DEPLOYED and LIVE_VERIFIED truth.
✓ PHI OS Master Governance v1.1.0 frozen.
  Source-of-truth priority and conflict rules are closed.
  PDS mandatory principles and implementation gates are closed.
  Six customer stages match PDS-W1 and the shared Journey shell.
  Ten canonical domains have one traceable write-source owner.
  Six post-freeze change classes are closed; silent behaviour is prohibited.
âœ“ PDS-W0 current protected-path successor passed.
âœ“ Frozen PDS-W0 artifacts remain canonical-text exact across LF/CRLF checkout policy; the original WPR-B registry is unchanged.
âœ“ HPC2-PRE asset-resolver successor ec25872c is accepted from its exact commit/blob and freeze evidence.
âœ“ Four existing WPR resolver identities remain singular; baseline mutation and unregistered drift remain fail-closed.
✓ PDS-W1 experience contract frozen
  Six-stage journey: enter → describe → discover → understand → choose → continue
  Six page missions and primary actions validated
  Four information layers and view boundaries validated
  Runtime boundaries remain explicitly immutable
✓ PDS-W2 design variables unified
  Canonical tokens: assets/css/tokens.css
  Required token checks: 23
  Legacy aliases mapped: 19
  Runtime semantics and page markup unchanged
✓ PDS-W3 Current Core Component Contract and Global Shell aligned
  Canonical PDS primary navigation validated; Reality customer entry is /reality/.
  Mobile focus, Escape, outside-click and locale-close behavior validated
  Responsive contracts: 360px, 768px, 1440px
  Runtime, Runtime SDK, APIs and storage keys unchanged
✓ PDS-W4 Reality Journey Shell historical contract preserved; P1 canonical My Reality successor aligned
  Six-stage customer journey: enter → describe → discover → understand → choose → continue
  Loading, empty, error, blocked and handoff language validated
  Internal codes, data keys, source paths and technical fields remain outside the Shell
  Runtime, API, storage, persistence and lineage behavior unchanged
✓ M3C-W14 Reconstruction Experience contracts, fixture, revision, staleness, views and Reading Gate passed.
  Evidence View production fixture: 12 source evidence rows → 4 canonical cards.
✓ M3C-W13 Reading Experience contract passed.
  Production fixture: 4 canonical evidence → 4 prioritized items.
✓ M3C-W13 Reading visual alignment passed at 360, 768, and 1440 layout contracts.
  Customer/Evidence remain light; Technical uses an isolated dark token set.
✓ M3C-W15 Reality Reading Production Polish passed.
  Atlas Part 13, Reading maturity, three views, Figures 13A–13E and frozen Navigation handoff are aligned.
  Reading Engine, Rule Engine, Runtime Contract and API remain unchanged by W15.
✓ M3C-W12 Navigation Action Schema passed for Observation, Clarification, Verification and Financial Review.
✓ M3C-W12 Navigation Execution state machine passed; illegal skips are rejected.
✓ M3C-W12 Navigation Evidence Log and Observation progress passed; user logs are not upgraded to Observed Evidence.
✓ M3C-W12 Navigation Review Gate and versioned Review Handoff passed.
✓ M3C-W12 local Persistence, recovery and change-path lineage passed; cross-device recovery remains capability_not_available.
✓ M3C-W12 Final Polish passed: customer status and collapsed Technical Inspector are aligned.
  Public interactions remain client-only; Runtime, Reading, Navigation, Review, lineage, persistence and Evidence contracts remain unchanged.
✓ M4B-W2A Professional Workspace Foundation passed: consent-gated Workspace, minimal client index, Review Queue task state and source separation are contract-closed.
  UI, D1 persistence, uploads, reports, appointments, payment, automated Human Design calculation and regulated advice remain disabled.
✓ M4B-W2B Professional Workspace Views passed: Client List, consent-scoped Runtime View, immutable Professional Notes and deterministic Review Queue are aligned.
  The route remains read-only and empty without a prevalidated payload; API, browser Runtime storage, D1 persistence, real client data and professional actions remain disabled.
✓ M4B-W2C passed: immutable Reading Revision overlays, non-prescriptive Navigation Considerations and append-only Professional Follow-up Timeline are aligned.
  Runtime Reading, Navigation Contract, Runtime Timeline and Runtime Evidence remain unchanged; API, browser Runtime storage, D1 persistence and real client data remain disabled.
✓ M4B External Reader Framework passed: one bilingual Registry model, five pluggable Readers, shared source/birth/chart/interpretation/correspondence contracts and generic Workspace projection are aligned.
  Human Design: 14 bilingual PHI OS-native entries; missing translations 0; duplicate IDs/concepts 0. BaZi, Zi Wei, Gene Keys and Astrology remain empty infrastructure-only Registries.
  Runtime Reading, Runtime Evidence, Reading/Navigation Contracts, Runtime Memory, Customer Journey and Professional Review remain unchanged.
✓ M4B-W3D External Reader Intake passed: shared Human Design/Generic Reader intake, metadata-only chart preview and professional review handoff preserve Runtime boundaries.
✓ M4B-W4 Consent and Sharing passed: explicit resource scopes, duration, partial revocation, External Reader boundaries and payload-free access audit are aligned.
✓ M4B-W5 Professional Reports passed: original and additive financial templates, source-labelled sections, immutable versions, print/PDF layout and Runtime/Reader boundaries are aligned.
✓ M4B-W6 Appointment and Payment passed: original and additive financial services, bounded payment records, bilingual confirmation/reminders and readiness checks are aligned.
  No gateway charge, automatic email, card storage, Runtime mutation or External Reader interpretation is performed.
✓ M4B-W7 / WPR-D historical public-page authority preserved; P1 Personal Reality successor reconciliation passed.
  M4B internal service/reader identity and boundaries remain preserved; WPR-W13 controls public labels and WPR-W4 controls the canonical public route.
  Prices and checkout remain unpublished; External Readers remain interpretation-only and outside the main navigation.
✓ M4B-W8 External Reader Data and Privacy passed: classification, retention, file security, rights requests and explicit memory choices are aligned.
  No file storage, malware scanner, signed URL, export worker or deletion worker is falsely represented as active.
✓ M4B-W9 Contract Acceptance passed: schemas, boundaries, lineage, consent, Registries, Workspace, reports and bilingual parity are closed.
✓ M4B-W10 Release and Freeze passed: Development Acceptance is closed and Production remains Conditional Passed pending authorised payload acceptance.
✓ M4A Financial Reality Navigation passed: Intake, calculations, evidence lineage, Workspace, reports, appointments, bilingual public service and product-neutral boundaries are aligned.
✓ M4A-W2A Financial Workspace Operationalization passed: client filters, consent-scoped Financial Reality, separated Notes and Financial Review Queue are operational and bilingual.
✓ M4A-W2B Financial Revision and Navigation Operationalization passed: versioned revisions, recalculation impact, product-neutral recommendations and append-only financial follow-up are aligned.
✓ M4A-W2C Financial Intake and Calculation Completion passed: 13-section Intake, 16 traceable calculations and field-level evidence mappings are aligned.
✓ M4A-W4 Financial Reports passed: six report templates, ten bilingual source labels, dated financial lineage and consent-filtered PDF redaction are aligned.
✓ M4A-W5 Financial Appointment passed: 11 service types, isolated 13-point readiness, bilingual preparation and secure-upload-only confirmation are aligned.
✓ M4A-W6 Financial Public Pages passed: M4A service authority and boundary copy remain bilingual while the responsive CX-P1 Financial Reality surface consumes the one customer design system.
✓ PWS-W0 baseline and professional responsibility boundary frozen.
  Shared Journey, consent, assignment, data-layer and signing boundaries are explicit.
  Existing immutable migration 0004 is registered; no migration SQL changed.
✓ PWS-ENTRY-W0 payment-before-service boundary frozen.
✓ PWS-ENTRY-ACTIVATION-W2 Paid Journey activation boundary frozen.
  All nine gates are required; missing or unknown gates remain visible.
  Payment alone creates no assignment, responsibility, confirmed reading or signed deliverable.
✓ PWS-ENTRY-HANDOFF-W3 Professional handoff boundary frozen.
  Eight ordered gates precede accepted professional responsibility.
  RM5 Journey entitlement cannot become Professional entitlement.
✓ PWS-ENTRY-PUBLIC-W1 knowledge and free navigation boundary frozen.
  Nine public route families remain non-individual and non-coercive.
  Five prohibited behaviours are closed; service is not the only exit.
✓ PWS-ENTRY-W1 Professional authorisation and loader passed.
  Identity → eligibility → Assignment → Consent → purpose → scope.
  Denied access performs no read; audit records remain payload-free.
  Historical public-page hashes remain evidence only; current presentation bytes are owned by WPR/BFR/CPR/PDS.
✓ PWS-ENTRY-W2 Canonical Ownership v1 frozen.
  Formal objects: 28; write sources: 28.
  Every Legacy path is traceable and has a no-new-writes deprecation plan.
  No physical duplicate owner tree, Migration, page or Registry change.
✓ PWS-ENTRY-W3 implementation sequence and PWS-I1-T00 audit frozen.
  28 strictly ordered stages; duplicate programme labels have unique sequence keys.
  Registry 51, Runtime Contracts 20, Migrations 4; page behaviour unchanged.
✓ PWS-I1-T01 Canonical Glossary v1 frozen.
  35 canonical terms; 11 Legacy Alias decisions; ambiguous aliases require context.
  Registry 51, Runtime Contracts 20, Migrations 4; presentation unchanged.
✓ PWS-I1-T02 Canonical Identifier Contract v1 frozen.
  35 object IDs, 5 operation IDs and 11 Legacy field decisions validated.
  No generator, ID rewrite, Registry, Migration or presentation change.
✓ PWS-I1-T02 Canonical Object Registry and T03 Schema Version passed.
  35 objects × 11 required fields; schema version pws-v1 frozen.
  Compatibility, breaking change, Migration, Deprecation and Validation rules closed.
✓ PWS-I1-T04 Canonical States v1 frozen.
  20 closed state enums with explicit initial, terminal and transition rules.
  Free strings, implicit transitions and UI/API/AI/Provider-created states are prohibited.
✓ PWS-I1-T05 Operations and revised T06 Events passed.
  T05: 25 operations; one operation, one formal state change.
  T06: 24 payload-free past facts; 9 prior codes remain Legacy.
✓ PWS-I1-T07 Canonical Errors v1 frozen.
  18 closed families; 61 stable codes.
  Public errors exclude payloads, secrets, stacks and Provider output.
✓ PWS-I1-T08 Canonical Directory Blueprint v1 frozen.
  23 modules; 7 standard directories.
  Existing Runtime paths are preserved; later-phase ownership remains closed.
✓ PWS-I1 v1.0.0 Acceptance and Freeze passed.
  Glossary 35; Objects 35; State families 20; Operations 25; Events 24.
  Error families 18; Legacy Alias decisions recorded; Directory modules 23.
  Freeze: PWS-I1-v1.0.0-Frozen.
✓ PWS-I2-W0 Registry Baseline Audit passed.
  Registry 6 modules; Runtime Contracts/Schemas/Versions 20 each.
  Persistence 9 methods; D1 1 binding; W0 executable Migrations 4.
  Historical Static JSON baseline 114 + 1 authorised 7V architecture pointer; Knowledge Registry 12 frozen + 1 authorised M3C successor reconciliation; registry index 51; historical unindexed excluding index 62.
  Multiple-source risks recorded; no Registry or Migration changed.
✓ PWS-I2-W1 Universal Registry Core passed.
  Schema, Version, Relationship, Restriction, Audit and Outbox stores verified.
  Internal Registry Query API and D1 migration 0005 verified.
✓ PWS-I2-W2 Professional Registry passed.
  Professional Type 2; frozen Professional Status 4.
  Jurisdiction, Organization and Verification Type registration verified.
  Universal Registry, Audit and Event Outbox reused; no Migration added.
✓ PWS-I2-W3 Capability and Credential Registry passed.
  Seven Capability Definitions and seven Credential Requirements registered.
  Credential evidence does not grant Capability or Signature Authority.
  W1 Universal Registry and W2 Verification Type reused; no Migration added.
✓ PWS-I2-W4 Method and Service Registry passed.
  Six Method Definitions registered; professional methods require W3 Capability.
  System methods preserve routing, Runtime, payment and responsibility boundaries.
  Service API requires Method, capability and contract mappings; legacy catalog is read-only.
  W1 Universal Registry and W3 Capability Registry reused; no Migration added.
✓ PWS-I2-W5 Product and Offer Registry passed.
  Six Product Types, Reality Journey Pass v1 and Book I registered.
  RM5 and RM89 are held canonically as MYR minor-unit Offers.
  Payment and Product alone create no Journey or Professional entitlement.
  W1 Universal Registry and W4 Reality Journey Method reused; no Migration added.
✓ PWS-I2-W6 Knowledge and Deliverable Type Registry passed.
  Seven Published Asset Types and five Deliverable Types registered.
  PKR Canonical Nodes/Questions and the five-volume Blueprint Registry remain unchanged.
  Type registration creates no content, Deliverable, Signature or responsibility.
  W1 Universal Registry reused; W5 path restored; no Migration added.
✓ PWS-I2-W7 Migration and Reconciliation passed.
  ServiceProduct and ServiceEntitlement resolve to canonical objects with Service references.
  18 Services, 7 Method aliases, 7 Capability aliases and 14 Report Types reconcile idempotently.
  Book I Product/Offer is canonical; unapproved Professional prices remain deferred.
  PKR remains Knowledge authority; no legacy deletion or D1 storage Migration added.
✓ STEP 2.11 KH-W3.5E Preface Canonical Consolidation passed.
  36 unique question identities = 13 canonical representatives + 23 supporting questions.
  All mappings are resolved, bidirectional, bilingual and non-duplicative.
  Four mechanism-based granularity rules are frozen.
✓ KH-W3.5F Canonical Extraction and Scaling Freeze passed.
  Domain → Theme → Node → Question → Alias is the frozen hierarchy.
  Part thresholds are 18 flexible review, 24 mandatory audit and 30 hard stop.
  Registry presence creates no production requirement; active articles remain capped at 8.
  State: KH-W3.5F-Frozen.
✓ KH-W4A Knowledge Runtime v2 Blueprint Registry and Loader passed.
  Five registered Blueprints project 16 Parts and 931 current Canonical Node identities.
  P5 resolves to BOOK-2; P8 resolves to BOOK-3; P10 resolves to BOOK-4; P13 resolves to BOOK-5.
  Legacy single-Book authority is retired; digest mismatch fails closed.
✓ KH-W4B/W4C Canonical Registry Authority and Universal Consumption passed.
  Book, Part, Canonical Node and Blueprint authorities are unique and fail closed.
  Current public runtime consumes the Blueprint Registry; legacy direct reads are allowlisted for later migration.
✓ PJA-W2F-C0 Book I Canonical Registry Population passed.
  13 existing Preface + 65 C0 identities = 78 Registry Nodes and 78 zh-Hans identities.
  Default/explicit dry-run, apply, second-apply no-op, conflict blocking and unresolved mapping fixtures passed.
  All 65 resolver calls are beyond NODE_NOT_FOUND; no Readiness, Article, Approval or Publication was created.
✓ PJA-W2F-C1 Book I Readiness Skeleton Population passed.
  78 Registry Nodes → 78 universal Skeleton records → 78 Index entries.
  Resolver returns Skeleton/blocking/missing for all Nodes; NODE_NOT_FOUND and READINESS_FILE_NOT_FOUND are closed for registered Nodes.
  Default dry-run, explicit dry-run, atomic apply, second-apply no-op, conflict and missing-file fixtures passed.
  No Thesis, Boundary, Claim, Source plan, Question treatment, Figure plan, Article, approval, publication or export was created.
✓ PWS-I2 v1.0.0 Acceptance and Freeze passed.
  W0–W7, KH-W3.5F and KH-W3.5G acceptance evidence is closed.
  71 Registry objects and 70 relationships reconcile from the frozen baseline.
  Core Runtime, PKR, price, payment, production and D1 boundaries remain closed.
  State: PWS-I2-v1.0.0-Frozen.
✓ PJA-W0 Cross-System Boundary and Dependency Freeze passed.
  PJA capabilities: read, render, route and link; write sources: 0.
  10 dependency groups and every top-level public page are mapped.
  No second Product, Entitlement or Provider Cost authority exists.
  Core Runtime, PKR, PWS-I2 and future PWS-I4–I9 boundaries are preserved.
  State: PJA-W0-v1.0.0-Frozen.
✓ PJA-W1 Blueprint-led Public Knowledge Ecosystem passed.
  3 frozen Canonical Nodes publish 3 Chinese articles and 3 required English localizations.
  5 Wave 1 Nodes remain publication-deferred; their Registry identities are supplied by PKR population, not PJA.
  Home, Hub, Articles, Book I, Thesis, Atlas and shared navigation use published-only projections.
  No case Provider, personal judgment, default service recommendation, Runtime write or Entitlement substitute exists.
  State: PJA-W1-v1.1.0-Blueprint-led.
node:internal/modules/run_main:107
    triggerUncaughtException(
    ^

AssertionError [ERR_ASSERTION]: The expression evaluated to a falsy value:

  assert(html.includes('/assets/js/pages/article.js'))

    at file:///C:/Users/Guest%20Account/OneDrive/Desktop/PHIOS/phios/scripts/check-pja-w2a-canonical-article-editorial-contract.mjs:379:3 {
  generatedMessage: true,
  code: 'ERR_ASSERTION',
  actual: false,
  expected: true,
  operator: '==',
  diff: 'simple'
}

Node.js v24.18.0
