
> precheck
> npm run check:cloudflare-function-import-compat && node scripts/check-pds-w0-current.mjs && node scripts/check-pds-w1-experience-contract.mjs && node scripts/check-pds-w2-design-tokens.mjs && node scripts/check-pds-w3-core-component-shell.mjs && node scripts/check-pds-w4-reality-journey-shell.mjs && node scripts/check-m3c-reconstruction-experience.mjs && node scripts/check-m3c-reading-experience.mjs && node scripts/check-m3c-reading-experience-visual.mjs && node scripts/check-m3c-reading-production-polish.mjs && node scripts/check-m3c-navigation-action-schema.mjs && node scripts/check-m3c-navigation-execution.mjs && node scripts/check-m3c-navigation-evidence-log.mjs && node scripts/check-m3c-navigation-review-gate.mjs && node scripts/check-m3c-navigation-recovery.mjs && node scripts/check-m3c-navigation-final-polish.mjs && node scripts/check-m4b-professional-workspace-foundation.mjs && node scripts/check-m4b-professional-workspace-views.mjs && node scripts/check-m4b-professional-revision-navigation-follow-up.mjs && node scripts/check-m4b-external-reader-framework.mjs && node scripts/check-m4b-external-reader-intake.mjs && node scripts/check-m4b-consent-sharing.mjs && node scripts/check-m4b-professional-reports.mjs && node scripts/check-m4b-appointment-payment.mjs && node scripts/check-m4b-professional-public-pages.mjs && node scripts/check-m4b-external-reader-data-privacy.mjs && node scripts/check-m4b-contract-acceptance.mjs && node scripts/check-m4b-release-freeze.mjs && node scripts/check-m4a-financial-reality-navigation.mjs && node scripts/check-m4a-w2a-financial-workspace-operationalization.mjs && node scripts/check-m4a-w2b-financial-revision-navigation.mjs && node scripts/check-m4a-w2c-financial-intake-calculation.mjs && node scripts/check-m4a-w4-financial-reports.mjs && node scripts/check-m4a-w5-financial-appointments.mjs && node scripts/check-m4a-w6-financial-public-pages.mjs && node scripts/check-pws-w0-baseline-responsibility-boundary.mjs && node scripts/check-pws-entry-w1-authorised-data-loader.mjs && node scripts/check-pws-entry-w2-canonical-ownership.mjs && node scripts/check-pws-entry-w3-implementation-sequence.mjs && node scripts/check-pws-i1-t01-canonical-glossary.mjs && node scripts/check-pws-i1-t02-canonical-identifiers.mjs && node scripts/check-pws-i1-t02-object-registry-t03-schema-version.mjs && node scripts/check-pws-i1-t04-canonical-states.mjs && node scripts/check-pws-i1-t05-t06-operations-events.mjs && node scripts/check-pws-i1-t07-canonical-errors.mjs && node scripts/check-pws-i1-t08-directory-blueprint.mjs && node scripts/check-pws-i1-v1-freeze.mjs && node scripts/check-pws-i2-w0-registry-baseline-audit.mjs && node --no-warnings scripts/check-pws-i2-w1-universal-registry-core.mjs && node --no-warnings scripts/check-pws-i2-w2-professional-registry.mjs && node --no-warnings scripts/check-pws-i2-w3-capability-credential-registry.mjs && node --no-warnings scripts/check-pws-i2-w4-method-service-registry.mjs && node --no-warnings scripts/check-pws-i2-w5-product-offer-registry.mjs && node --no-warnings scripts/check-pws-i2-w6-knowledge-deliverable-type-registry.mjs && node --no-warnings scripts/check-pws-i2-w7-migration-reconciliation.mjs && node scripts/check-kh-w3-5e-preface-canonical-consolidation.mjs && node scripts/check-kh-w3-5f-canonical-extraction-scaling-freeze.mjs && node scripts/check-kh-w4a-knowledge-runtime-v2.mjs && node scripts/check-kh-w4b-w4c-registry-authority-consumption.mjs && node scripts/check-pja-w2f-c0-book-i-registry-population.mjs && node scripts/check-pja-w2f-c1-readiness-skeleton-population.mjs && node --no-warnings scripts/check-pws-i2-v1-freeze.mjs && node scripts/check-pja-w0-cross-system-boundary.mjs && node scripts/check-pja-w1-blueprint-led-knowledge.mjs && node scripts/check-pja-w2a-canonical-article-editorial-contract.mjs && node scripts/check-pja-w2b-structured-article-schema.mjs && node scripts/check-pja-w2c-claim-source-review-governance.mjs && node scripts/check-pja-w2d-article-renderer-expansion.mjs && node scripts/check-pja-w2e-production-tools.mjs && node scripts/check-pja-w2e-r1-production-brief-hardening.mjs && node scripts/check-pja-w2f-a-universal-production-readiness.mjs && node scripts/check-kh-w4d-w4e-freeze-ownership.mjs && node scripts/check-kh-w4b5-book-2-canonical-node-registry.mjs && node scripts/check-kh-w4b5-r1-blueprint-registry-authority-refresh.mjs && node scripts/check-kh-w4b5-book-3-canonical-node-registry.mjs && npm run check:kir-r2 && npm run check:kh-w4b.5-book-4 && npm run check:kau-complete && npm run check:book-w1-outline && npm run check:book-w1-blueprints && npm run check:book-w1-canonical && npm run check:book-w1-public-projection


> check:cloudflare-function-import-compat
> node scripts/check-cloudflare-function-import-compat.mjs

✓ Cloudflare Pages Functions source deployability invariant passed.
  functions/**/*.{js,mjs,cjs} contains no prohibited JSON import attributes.
  Repository validation remains distinct from DEPLOYED and LIVE_VERIFIED truth.
✓ PHI OS Master Governance v1.1.0 frozen.
  Source-of-truth priority and conflict rules are closed.
  PDS mandatory principles and implementation gates are closed.
  Six customer stages match PDS-W1 and the shared Journey shell.
  Ten canonical domains have one traceable write-source owner.
  Six post-freeze change classes are closed; silent behaviour is prohibited.
âœ“ PDS-W0 current protected-path successor passed.
âœ“ Frozen PDS-W0 artifacts remain canonical-text exact across LF/CRLF checkout policy; the original WPR-B registry is unchanged.
âœ“ HPC2-PRE asset-resolver successor ec25872c is accepted from its exact commit/blob and freeze evidence.
âœ“ Four existing WPR resolver identities remain singular; baseline mutation and unregistered drift remain fail-closed.
✓ PDS-W1 experience contract frozen
  Six-stage journey: enter → describe → discover → understand → choose → continue
  Six page missions and primary actions validated
  Four information layers and view boundaries validated
  Runtime boundaries remain explicitly immutable
✓ PDS-W2 design variables unified
  Canonical tokens: assets/css/tokens.css
  Required token checks: 23
  Legacy aliases mapped: 19
  Runtime semantics and page markup unchanged
✓ PDS-W3 Current Core Component Contract and Global Shell aligned
  Canonical PDS primary navigation validated; Reality customer entry is /reality/.
  Mobile focus, Escape, outside-click and locale-close behavior validated
  Responsive contracts: 360px, 768px, 1440px
  Runtime, Runtime SDK, APIs and storage keys unchanged
✓ PDS-W4 Reality Journey Shell historical contract preserved; P1 canonical My Reality successor aligned
  Six-stage customer journey: enter → describe → discover → understand → choose → continue
  Loading, empty, error, blocked and handoff language validated
  Internal codes, data keys, source paths and technical fields remain outside the Shell
  Runtime, API, storage, persistence and lineage behavior unchanged
✓ M3C-W14 Reconstruction Experience contracts, fixture, revision, staleness, views and Reading Gate passed.
  Evidence View production fixture: 12 source evidence rows → 4 canonical cards.
✓ M3C-W13 Reading Experience contract passed.
  Production fixture: 4 canonical evidence → 4 prioritized items.
✓ M3C-W13 Reading visual alignment passed at 360, 768, and 1440 layout contracts.
  Customer/Evidence remain light; Technical uses an isolated dark token set.
✓ M3C-W15 Reality Reading Production Polish passed.
  Atlas Part 13, Reading maturity, three views, Figures 13A–13E and frozen Navigation handoff are aligned.
  Reading Engine, Rule Engine, Runtime Contract and API remain unchanged by W15.
✓ M3C-W12 Navigation Action Schema passed for Observation, Clarification, Verification and Financial Review.
✓ M3C-W12 Navigation Execution state machine passed; illegal skips are rejected.
✓ M3C-W12 Navigation Evidence Log and Observation progress passed; user logs are not upgraded to Observed Evidence.
✓ M3C-W12 Navigation Review Gate and versioned Review Handoff passed.
✓ M3C-W12 local Persistence, recovery and change-path lineage passed; cross-device recovery remains capability_not_available.
✓ M3C-W12 Final Polish passed: customer status and collapsed Technical Inspector are aligned.
  Public interactions remain client-only; Runtime, Reading, Navigation, Review, lineage, persistence and Evidence contracts remain unchanged.
✓ M4B-W2A Professional Workspace Foundation passed: consent-gated Workspace, minimal client index, Review Queue task state and source separation are contract-closed.
  UI, D1 persistence, uploads, reports, appointments, payment, automated Human Design calculation and regulated advice remain disabled.
✓ M4B-W2B Professional Workspace Views passed: Client List, consent-scoped Runtime View, immutable Professional Notes and deterministic Review Queue are aligned.
  The route remains read-only and empty without a prevalidated payload; API, browser Runtime storage, D1 persistence, real client data and professional actions remain disabled.
✓ M4B-W2C passed: immutable Reading Revision overlays, non-prescriptive Navigation Considerations and append-only Professional Follow-up Timeline are aligned.
  Runtime Reading, Navigation Contract, Runtime Timeline and Runtime Evidence remain unchanged; API, browser Runtime storage, D1 persistence and real client data remain disabled.
✓ M4B External Reader Framework passed: one bilingual Registry model, five pluggable Readers, shared source/birth/chart/interpretation/correspondence contracts and generic Workspace projection are aligned.
  Human Design: 14 bilingual PHI OS-native entries; missing translations 0; duplicate IDs/concepts 0. BaZi, Zi Wei, Gene Keys and Astrology remain empty infrastructure-only Registries.
  Runtime Reading, Runtime Evidence, Reading/Navigation Contracts, Runtime Memory, Customer Journey and Professional Review remain unchanged.
✓ M4B-W3D External Reader Intake passed: shared Human Design/Generic Reader intake, metadata-only chart preview and professional review handoff preserve Runtime boundaries.
✓ M4B-W4 Consent and Sharing passed: explicit resource scopes, duration, partial revocation, External Reader boundaries and payload-free access audit are aligned.
✓ M4B-W5 Professional Reports passed: original and additive financial templates, source-labelled sections, immutable versions, print/PDF layout and Runtime/Reader boundaries are aligned.
✓ M4B-W6 Appointment and Payment passed: original and additive financial services, bounded payment records, bilingual confirmation/reminders and readiness checks are aligned.
  No gateway charge, automatic email, card storage, Runtime mutation or External Reader interpretation is performed.
✓ M4B-W7 / WPR-D historical public-page authority preserved; P1 Personal Reality successor reconciliation passed.
  M4B internal service/reader identity and boundaries remain preserved; WPR-W13 controls public labels and WPR-W4 controls the canonical public route.
  Prices and checkout remain unpublished; External Readers remain interpretation-only and outside the main navigation.
✓ M4B-W8 External Reader Data and Privacy passed: classification, retention, file security, rights requests and explicit memory choices are aligned.
  No file storage, malware scanner, signed URL, export worker or deletion worker is falsely represented as active.
✓ M4B-W9 Contract Acceptance passed: schemas, boundaries, lineage, consent, Registries, Workspace, reports and bilingual parity are closed.
✓ M4B-W10 Release and Freeze passed: Development Acceptance is closed and Production remains Conditional Passed pending authorised payload acceptance.
✓ M4A Financial Reality Navigation passed: Intake, calculations, evidence lineage, Workspace, reports, appointments, bilingual public service and product-neutral boundaries are aligned.
✓ M4A-W2A Financial Workspace Operationalization passed: client filters, consent-scoped Financial Reality, separated Notes and Financial Review Queue are operational and bilingual.
✓ M4A-W2B Financial Revision and Navigation Operationalization passed: versioned revisions, recalculation impact, product-neutral recommendations and append-only financial follow-up are aligned.
✓ M4A-W2C Financial Intake and Calculation Completion passed: 13-section Intake, 16 traceable calculations and field-level evidence mappings are aligned.
✓ M4A-W4 Financial Reports passed: six report templates, ten bilingual source labels, dated financial lineage and consent-filtered PDF redaction are aligned.
✓ M4A-W5 Financial Appointment passed: 11 service types, isolated 13-point readiness, bilingual preparation and secure-upload-only confirmation are aligned.
✓ M4A-W6 Financial Public Pages passed: M4A service authority and boundary copy remain bilingual while the responsive CX-P1 Financial Reality surface consumes the one customer design system.
✓ PWS-W0 baseline and professional responsibility boundary frozen.
  Shared Journey, consent, assignment, data-layer and signing boundaries are explicit.
  Existing immutable migration 0004 is registered; no migration SQL changed.
✓ PWS-ENTRY-W0 payment-before-service boundary frozen.
✓ PWS-ENTRY-ACTIVATION-W2 Paid Journey activation boundary frozen.
  All nine gates are required; missing or unknown gates remain visible.
  Payment alone creates no assignment, responsibility, confirmed reading or signed deliverable.
✓ PWS-ENTRY-HANDOFF-W3 Professional handoff boundary frozen.
  Eight ordered gates precede accepted professional responsibility.
  RM5 Journey entitlement cannot become Professional entitlement.
✓ PWS-ENTRY-PUBLIC-W1 knowledge and free navigation boundary frozen.
  Nine public route families remain non-individual and non-coercive.
  Five prohibited behaviours are closed; service is not the only exit.
✓ PWS-ENTRY-W1 Professional authorisation and loader passed.
  Identity → eligibility → Assignment → Consent → purpose → scope.
  Denied access performs no read; audit records remain payload-free.
  Historical public-page hashes remain evidence only; current presentation bytes are owned by WPR/BFR/CPR/PDS.
✓ PWS-ENTRY-W2 Canonical Ownership v1 frozen.
  Formal objects: 28; write sources: 28.
  Every Legacy path is traceable and has a no-new-writes deprecation plan.
  No physical duplicate owner tree, Migration, page or Registry change.
✓ PWS-ENTRY-W3 implementation sequence and PWS-I1-T00 audit frozen.
  28 strictly ordered stages; duplicate programme labels have unique sequence keys.
  Registry 51, Runtime Contracts 20, Migrations 4; page behaviour unchanged.
✓ PWS-I1-T01 Canonical Glossary v1 frozen.
  35 canonical terms; 11 Legacy Alias decisions; ambiguous aliases require context.
  Registry 51, Runtime Contracts 20, Migrations 4; presentation unchanged.
✓ PWS-I1-T02 Canonical Identifier Contract v1 frozen.
  35 object IDs, 5 operation IDs and 11 Legacy field decisions validated.
  No generator, ID rewrite, Registry, Migration or presentation change.
✓ PWS-I1-T02 Canonical Object Registry and T03 Schema Version passed.
  35 objects × 11 required fields; schema version pws-v1 frozen.
  Compatibility, breaking change, Migration, Deprecation and Validation rules closed.
✓ PWS-I1-T04 Canonical States v1 frozen.
  20 closed state enums with explicit initial, terminal and transition rules.
  Free strings, implicit transitions and UI/API/AI/Provider-created states are prohibited.
✓ PWS-I1-T05 Operations and revised T06 Events passed.
  T05: 25 operations; one operation, one formal state change.
  T06: 24 payload-free past facts; 9 prior codes remain Legacy.
✓ PWS-I1-T07 Canonical Errors v1 frozen.
  18 closed families; 61 stable codes.
  Public errors exclude payloads, secrets, stacks and Provider output.
✓ PWS-I1-T08 Canonical Directory Blueprint v1 frozen.
  23 modules; 7 standard directories.
  Existing Runtime paths are preserved; later-phase ownership remains closed.
✓ PWS-I1 v1.0.0 Acceptance and Freeze passed.
  Glossary 35; Objects 35; State families 20; Operations 25; Events 24.
  Error families 18; Legacy Alias decisions recorded; Directory modules 23.
  Freeze: PWS-I1-v1.0.0-Frozen.
✓ PWS-I2-W0 Registry Baseline Audit passed.
  Registry 6 modules; Runtime Contracts/Schemas/Versions 20 each.
  Persistence 9 methods; D1 1 binding; W0 executable Migrations 4.
  Historical Static JSON baseline 114 + 1 authorised 7V architecture pointer; Knowledge Registry 12 frozen + 1 authorised M3C successor reconciliation; registry index 51; historical unindexed excluding index 62.
  Multiple-source risks recorded; no Registry or Migration changed.
✓ PWS-I2-W1 Universal Registry Core passed.
  Schema, Version, Relationship, Restriction, Audit and Outbox stores verified.
  Internal Registry Query API and D1 migration 0005 verified.
✓ PWS-I2-W2 Professional Registry passed.
  Professional Type 2; frozen Professional Status 4.
  Jurisdiction, Organization and Verification Type registration verified.
  Universal Registry, Audit and Event Outbox reused; no Migration added.
✓ PWS-I2-W3 Capability and Credential Registry passed.
  Seven Capability Definitions and seven Credential Requirements registered.
  Credential evidence does not grant Capability or Signature Authority.
  W1 Universal Registry and W2 Verification Type reused; no Migration added.
✓ PWS-I2-W4 Method and Service Registry passed.
  Six Method Definitions registered; professional methods require W3 Capability.
  System methods preserve routing, Runtime, payment and responsibility boundaries.
  Service API requires Method, capability and contract mappings; legacy catalog is read-only.
  W1 Universal Registry and W3 Capability Registry reused; no Migration added.
✓ PWS-I2-W5 Product and Offer Registry passed.
  Six Product Types, Reality Journey Pass v1 and Book I registered.
  RM5 and RM89 are held canonically as MYR minor-unit Offers.
  Payment and Product alone create no Journey or Professional entitlement.
  W1 Universal Registry and W4 Reality Journey Method reused; no Migration added.
✓ PWS-I2-W6 Knowledge and Deliverable Type Registry passed.
  Seven Published Asset Types and five Deliverable Types registered.
  PKR Canonical Nodes/Questions and the five-volume Blueprint Registry remain unchanged.
  Type registration creates no content, Deliverable, Signature or responsibility.
  W1 Universal Registry reused; W5 path restored; no Migration added.
✓ PWS-I2-W7 Migration and Reconciliation passed.
  ServiceProduct and ServiceEntitlement resolve to canonical objects with Service references.
  18 Services, 7 Method aliases, 7 Capability aliases and 14 Report Types reconcile idempotently.
  Book I Product/Offer is canonical; unapproved Professional prices remain deferred.
  PKR remains Knowledge authority; no legacy deletion or D1 storage Migration added.
✓ STEP 2.11 KH-W3.5E Preface Canonical Consolidation passed.
  36 unique question identities = 13 canonical representatives + 23 supporting questions.
  All mappings are resolved, bidirectional, bilingual and non-duplicative.
  Four mechanism-based granularity rules are frozen.
✓ KH-W3.5F Canonical Extraction and Scaling Freeze passed.
  Domain → Theme → Node → Question → Alias is the frozen hierarchy.
  Part thresholds are 18 flexible review, 24 mandatory audit and 30 hard stop.
  Registry presence creates no production requirement; active articles remain capped at 8.
  State: KH-W3.5F-Frozen.
✓ KH-W4A Knowledge Runtime v2 Blueprint Registry and Loader passed.
  Five registered Blueprints project 16 Parts and 931 current Canonical Node identities.
  P5 resolves to BOOK-2; P8 resolves to BOOK-3; P10 resolves to BOOK-4; P13 resolves to BOOK-5.
  Legacy single-Book authority is retired; digest mismatch fails closed.
✓ KH-W4B/W4C Canonical Registry Authority and Universal Consumption passed.
  Book, Part, Canonical Node and Blueprint authorities are unique and fail closed.
  Current public runtime consumes the Blueprint Registry; legacy direct reads are allowlisted for later migration.
✓ PJA-W2F-C0 Book I Canonical Registry Population passed.
  13 existing Preface + 65 C0 identities = 78 Registry Nodes and 78 zh-Hans identities.
  Default/explicit dry-run, apply, second-apply no-op, conflict blocking and unresolved mapping fixtures passed.
  All 65 resolver calls are beyond NODE_NOT_FOUND; no Readiness, Article, Approval or Publication was created.
✓ PJA-W2F-C1 Book I Readiness Skeleton Population passed.
  78 Registry Nodes → 78 universal Skeleton records → 78 Index entries.
  Resolver returns Skeleton/blocking/missing for all Nodes; NODE_NOT_FOUND and READINESS_FILE_NOT_FOUND are closed for registered Nodes.
  Default dry-run, explicit dry-run, atomic apply, second-apply no-op, conflict and missing-file fixtures passed.
  No Thesis, Boundary, Claim, Source plan, Question treatment, Figure plan, Article, approval, publication or export was created.
✓ PWS-I2 v1.0.0 Acceptance and Freeze passed.
  W0–W7, KH-W3.5F and KH-W3.5G acceptance evidence is closed.
  71 Registry objects and 70 relationships reconcile from the frozen baseline.
  Core Runtime, PKR, price, payment, production and D1 boundaries remain closed.
  State: PWS-I2-v1.0.0-Frozen.
✓ PJA-W0 Cross-System Boundary and Dependency Freeze passed.
  PJA capabilities: read, render, route and link; write sources: 0.
  10 dependency groups and every top-level public page are mapped.
  No second Product, Entitlement or Provider Cost authority exists.
  Core Runtime, PKR, PWS-I2 and future PWS-I4–I9 boundaries are preserved.
  State: PJA-W0-v1.0.0-Frozen.
✓ PJA-W1 Blueprint-led Public Knowledge Ecosystem passed.
  3 frozen Canonical Nodes publish 3 Chinese articles and 3 required English localizations.
  5 Wave 1 Nodes remain publication-deferred; their Registry identities are supplied by PKR population, not PJA.
  Home, Hub, Articles, Book I, Thesis, Atlas and shared navigation use published-only projections.
  No case Provider, personal judgment, default service recommendation, Runtime write or Entitlement substitute exists.
  State: PJA-W1-v1.1.0-Blueprint-led.
✓ PJA-W2A Canonical Article Editorial Contract passed.
  PJA-W1 content and Registry hashes remain frozen: 13 Preface Nodes, 6 Preface Themes, 13 Registry files and 12 Registry schemas.
  Legacy paragraphs and 10 strict optional Block types remain compatible; text is escaped and visual/next-node references are published-only.
  Claim, source, review, lifecycle and AI authority boundaries are enforced without Runtime, Provider, Payment, Entitlement or D1 dependencies.
  KN-PREFACE-001 has no public Article asset, English asset, shell, Registry asset or publication state; governed production drafts remain isolated.
✓ PJA-W2B Structured Article Block Schema passed.
  Article v2.0.0 strictly allows 10 Block types; unknown, executable and external-image structures are rejected.
  Six PJA-W1 Article JSON assets remain valid and unmigrated; Article JSON remains the only production body authority.
  Section/Block sequencing, Canonical Node references, Asset references and next-node continuity pass schema plus semantic validation.
  KN-PREFACE-001 remains a test-only draft skeleton with no production Article, English localization, Asset registration, shell or publication.
✓ PJA-W2C Claim, Source and Editorial Review Governance passed.
  Claim, Source and Review remain separate strict governance objects; Article JSON remains the only production body authority.
  Source support, contrary evidence, version binding, human-only approval and blocking Finding rules pass valid and invalid fixtures.
  KN-PREFACE-001 remains fixture-only with no production Article, English Article, Asset registration, shell or publication.
  PJA-W1, PJA-W2A and PJA-W2B run before this validator and their frozen boundaries remain intact.
✓ PJA-W2D Article Renderer Expansion passed.
  Safe DOM rendering covers legacy Articles and all 10 allowlisted blocks.
  Public Projection strips review/Claim data and resolves only public Assets, Sources and Nodes.
  23 valid/invalid rendering fixtures pass semantic, security and accessibility checks.
  Frozen Registries, six production Articles and KN-PREFACE-001 publication state remain unchanged.
✓ PJA-W2E Canonical Article Production Tools passed.
  KN-PREFACE-001 exports a governed brief; KN-PREFACE-002 is blocked with CANONICAL_THESIS_NOT_READY.
  Directory/ZIP package security, Schema validation, cross-file checks and status authority boundaries are enforced.
  Import defaults to dry-run; explicit temporary-root apply is atomic and never overwrites an existing package.
  Registry, Blueprint, W2A–W2D contracts and Renderer remain byte-identical throughout this check.
✓ PJA-W2E-R1 Production Brief Contract Hardening passed.
  Sentinel values, boundary separation, source deduplication, figure sequencing, package states and Manifest contract are hardened.
  The generated package remains draft-only; final approval and publication states remain human-authority targets.
✓ PJA-W2F-A Universal Canonical Production Readiness passed.
  931 Canonical Node identities are registered; Readiness remains limited to the 13-Node Preface pilot.
  918 non-Preface identities have no Editorial Production Readiness record and remain production-deferred; universal fixtures cover P1–P14 and Books I–III.
  12 Preface Skeletons remain blocked and the human-frozen pilot is preserved.
  No Skeleton is production_ready; Thesis, boundary and human authority gates remain blocking.
  Scope, hierarchy, continuity, Supporting Question, duplication, future-pattern and batch-export behavior passed.
✓ KH-W4D Freeze Contract v2 passed.
✓ KH-W4E Part 5 Publication Ownership passed.
✓ Five per-book Blueprint digests are frozen under the W1D Human-approved successor projection.
✓ Historical Canonical Node codes and all production states remain preserved.
✓ KH-W4B.5 Book 2 Canonical source population remains preserved.
✓ KAU-R5 successor projection: P5 65 / P6 58 / P7 59 → BOOK-2; P8 47 / P9 39 → BOOK-3.
✓ All 266 predecessor identities remain preserved plus 2 human-authorized P7 additions; Production boundary remains closed.
✓ KH-W4B.5 R1 Blueprint Registry Authority Refresh passed for five-volume projection.
✓ BOOK-1..5 digest, contract, Part ownership and 931-node coverage are synchronized.
✓ Canonical Nodes and Production states remain unchanged.
✓ KH-W4B.5 historical BOOK-3 Canonical source population remains preserved.
✓ P10 77 / P11 64 / P12 46 = 187 identities now project through BOOK-4.
✓ W1D extends active BOOK-4 to 279 records while preserving all historical identities and Production states.

> check:kir-r2
> npm run check:kir-r2:phase1 && npm run check:kir-r2:phase2


> check:kir-r2:phase1
> node scripts/check-kir-r2-phase1-w0-w3.mjs

✓ KIR-R2 Phase 1 W0–W3 passed
  Book I–III admitted for KIR retrieval authority; Book IV/V remain excluded.
  Semantic Retrieval Profiles: 348/348 (65 + 180 + 103).

> check:kir-r2:phase2
> node scripts/check-kir-r2-phase2-w4-w16.mjs && node scripts/check-kir-r2-answer-intelligence-correction.mjs && npm run check:kir-r2:w16r2 && npm run check:kir-r2:w16r2b

✓ KIR-R2 Phase 2 W4–W16 machine acceptance passed.
  100-case benchmark: top5 recall 100%, direct answer 100%, source-supported 100%, wrong-route 0%.
  Book usage: 100%; top1 precision 99%.
  Historical W16 machine record remains PENDING by design; current human authority is carried by the later W16R/W16R2 successor acceptance.
✓ KIR-R2 Answer Intelligence Correction W3R/W6R–W16R machine gate passed.
  Published article bindings: 112 locale records / 56 nodes.
  W15R v2: 100 cases, article-content consumed 100%, semantic guard 100%, no-empty-rephrase 100%.
  Book III production content path remains KSAR private-R2 → KAP grounding → KIR; local private corpus execution is not claimed.
  Historical W16R correction record remains PENDING by design; final human acceptance is recorded only in the W16R2B successor lineage.

> check:kir-r2:w16r2
> node scripts/check-kir-r2-w16r2-model-backed-successor.mjs

✓ KIR-R2-W16R2A guard-remediation machine gate passed.
  W16R2 human acceptance evidence: 93/100 accepted, 0 critical failures.
  Guard false-negative classes are now covered by W16R2A fixtures.
  This W16R2A record remains a historical pre-admission gate; final production authority is evaluated by W16R2B.

> check:kir-r2:w16r2b
> node scripts/check-kir-r2-w16r2b-production-admission.mjs

✓ KIR-R2-W16R2B final production admission passed.
  Effective successor human acceptance: 100/100; 0 critical failures; all seven remediations closed.
  Build is admitted; runtime remains explicitly gated by gateway + production-admitted environment flags.

> check:kh-w4b.5-book-4
> node scripts/check-kh-w4b5-book-4-canonical-node-registry.mjs

✓ KH-W4B.5 historical BOOK-4 Canonical source population remains preserved.
✓ P13 75 / P14 52 / P15 71 = 198 identities now project through BOOK-5.
✓ W1D extends active BOOK-5 to 302 records while preserving all historical identities and Production states.

> check:kau-complete
> npm run check:kau && npm run check:kau-extension && npm run check:kau-reconciliation && npm run check:kau-r6d && npm run check:kau-r6d-human


> check:kau
> npm run check:kau-w0-w8 && npm run check:kau-w9-w14


> check:kau-w0-w8
> node scripts/check-kau-w0-w8-authoring-foundation.mjs

✓ KAU-W0～W8 Authoring Foundation passed.
✓ Existing manuscript, section, node and supporting-question authorities are reused instead of rebuilt.
✓ Extraction, matching, node proposals and section mappings remain proposal-only and human-governed.
✓ KAU cannot create Canonical Nodes, mutate Knowledge Authority, approve knowledge or publish articles.

> check:kau-w9-w14
> node scripts/check-kau-w9-w14-successor-readiness.mjs

✓ KAU-W9 Node Coverage Analysis passed: all 716 frozen predecessor Nodes remain assessed without authority mutation.
✓ KAU-W10/W11 Drift and Change Impact passed: changes create proposals/revalidation obligations only.
✓ KAU-W12/W13 Human Editorial and Knowledge Governance handoff passed; no package auto-applies.
✓ KAU-W14 Production Readiness passed; KAU hands off to existing PJA and cannot create Article Candidates.
✓ Knowledge Authoring Runtime v1 (KAU-W0～W14) Full Freeze passed.
  The validation-only KAU v1 freeze is preserved inside the exact 718-node KAU-R5 Canonical successor.

> check:kau-extension
> npm run check:kau-e0-all && npm run check:kau-e1 && npm run check:kau-e1r-all && npm run check:kau-e2


> check:kau-e0-all
> npm run check:kau-e0 && npm run check:kau-e0-registration


> check:kau-e0
> node scripts/check-kau-e0-legacy-supporting-source-governance.mjs

✓ KAU-E0 legacy supporting source governance passed.

> check:kau-e0-registration
> node scripts/check-kau-e0-legacy-source-registration.mjs

✓ KAU-E0 legacy Unified Language source registration passed.

> check:kau-e1
> node scripts/check-kau-e1-legacy-reconciliation.mjs

✓ KAU-E1 legacy reconciliation passed: 207 inventory entries and 185 preserved candidate matches; the historical 716-node boundary remains immutable.
  KAU-E1 predecessor evidence is preserved inside the exact 718-node KAU-R5 Canonical successor.

> check:kau-e1r-all
> npm run check:kau-e1r && npm run check:kau-e1r-wave-a && npm run check:kau-e1r-wave-b && npm run check:kau-e1r-wave-c && npm run check:kau-e1r-wave-d && npm run check:kau-e1r-wave-e && npm run check:kau-e1r-wave-f


> check:kau-e1r
> node scripts/check-kau-e1r-human-review-resolution-runtime.mjs

✓ KAU-E1R human review resolution runtime passed: 6 waves cover all 185 reviews exactly once; recommendations are advisory and no human/canonical decision is pre-accepted.

> check:kau-e1r-wave-a
> node scripts/check-kau-e1r-wave-a-resolution.mjs

✓ KAU-E1R Wave A: 21 explicit TL decisions recorded; 17 supporting relationships accepted, 4 deferred; no Canonical/Meaning/KPP mutation.

> check:kau-e1r-wave-b
> node scripts/check-kau-e1r-wave-b-resolution.mjs

✓ KAU-E1R Wave B: 38 explicit TL decisions recorded; 33 supporting relationships accepted, 5 deferred. Cumulative: 59/185 reviewed, 50 accepted, 9 deferred; no Canonical/Meaning/KPP mutation.

> check:kau-e1r-wave-c
> node scripts/check-kau-e1r-wave-c-resolution.mjs

✓ KAU-E1R Wave C: 40 explicit TL decisions recorded; 31 supporting relationships accepted, 9 deferred. Cumulative: 99/185 reviewed, 81 accepted, 18 deferred; no Canonical/Meaning/KPP mutation.

> check:kau-e1r-wave-d
> node scripts/check-kau-e1r-wave-d-resolution.mjs

✓ KAU-E1R Wave D: 27 explicit TL decisions recorded; 23 supporting relationships accepted, 4 deferred. Cumulative: 126/185 reviewed, 104 accepted, 22 deferred; no Canonical/Meaning/KPP mutation.

> check:kau-e1r-wave-e
> node scripts/check-kau-e1r-wave-e-resolution.mjs

✓ KAU-E1R Wave E: 28 explicit TL decisions recorded; 23 supporting relationships accepted, 5 deferred. Legacy no-learning-path claim is superseded at architecture level by ALR-W11. Cumulative: 154/185 reviewed, 127 accepted, 27 deferred; no Canonical/Meaning/ALR implementation/KPP mutation.

> check:kau-e1r-wave-f
> node scripts/check-kau-e1r-wave-f-resolution.mjs

✓ KAU-E1R Wave F: 31 explicit TL decisions recorded; 28 supporting relationships accepted, 3 deferred.
✓ KAU-E1R Human Review complete: 185/185 reviewed; 155 accepted supporting relationships; 30 deferred; 0 pending.
✓ Ready for KAU-E2 Extension Acceptance & Freeze; no Canonical/Meaning/Civilization/KPP mutation.

> check:kau-e2
> node scripts/check-kau-e2-extension-acceptance-freeze.mjs

✓ KAU-E2 Extension Acceptance & Freeze passed.
✓ 185/185 human reviews governed: 155 frozen accepted-supporting records, 30 frozen deferred records, 597 canonical-node reference edges.
✓ KPP-W23/W27 may consume only the frozen E2 handoff; raw legacy remains forbidden and no production decision is promoted.
✓ Canonical Knowledge, Meaning, Publication, KPP decision authority and KAU v1 base freeze remain unchanged.
  KAU-E2 predecessor evidence is preserved inside the exact 718-node KAU-R5 Canonical successor.

> check:kau-reconciliation
> npm run check:kau-r0 && npm run check:kau-r1 && npm run check:kau-r1bc && npm run check:kau-r2 && npm run check:kau-r3 && npm run check:kau-r4 && npm run check:kau-r5


> check:kau-r0
> node scripts/check-kau-r0-five-volume-baseline.mjs

✓ KAU-R0 Five-Volume Baseline & Book/Part Authority Reconciliation passed.
  BOOK-1 P1–P4; BOOK-2 P5–P7; BOOK-3 P8–P9; BOOK-4 P10–P12; BOOK-5 P13–P15.
  KAU-R0 predecessor 716 identities and the exact 718-node KAU-R5 successor remain preserved as historical authorities.
  Active W1D Blueprint projection: 65 / 180 / 105 / 279 / 302 = 931.
  Production deployment remains blocked until frozen WPR receives a five-volume successor reconciliation.

> check:kau-r1
> node scripts/check-kau-r1-completed-manuscript-registration.mjs

✓ KAU-R1 Completed Manuscript Registration passed.
  BOOK-1: PHI-OS-Book-I-v2.pdf | 402 pages | 122565526 bytes | sha256 7f7ed511...
  BOOK-2: PHI-OS-Book-2-v1.pdf | 386 pages | 105071786 bytes | sha256 1ae413db...
  Canonical Node mutation remains prohibited; KAU-R2 is mapping-decision only.

> check:kau-r1bc
> npm run check:kau-r1b && npm run check:kau-r1c


> check:kau-r1b
> node scripts/check-kau-r1b-full-manuscript-materialization.mjs

✓ KAU-R1B Full Manuscript Materialization passed.
  BOOK-1: 402/402 pages materialized; corpus sha256 37c581f4...
  BOOK-2: 386/386 pages materialized; corpus sha256 94a9c7d5...
  788 pages are source-derived, OCR-free, semantic-rewrite-free, and private-body only.

> check:kau-r1c
> node scripts/check-kau-r1c-full-section-extraction-integrity.mjs

✓ KAU-R1C Full Section Extraction & Integrity passed.
  BOOK-1: 274 logical section segments + 1 front-matter segment; exact 0-gap/0-overlap corpus coverage.
  BOOK-2: 172 logical section segments + 1 front-matter segment; exact 0-gap/0-overlap corpus coverage.
  NOTICE: BOOK-2 source PDF pages 100 and 101 are exact duplicates; both are preserved, but page 101 does not create a second logical section boundary.
  Human semantic review remains required before Canonical mapping acceptance.

> check:kau-r2
> node scripts/check-kau-r2-existing-canonical-node-match.mjs

✓ KAU-R2 Existing Canonical Node Match candidate phase passed.
  448 materialized manuscript segments remain accounted for with candidate-only R2 decisions.
  245 existing P0-P7 Canonical Nodes remain accounted for in the R2 coverage ledger.
  P8-P15 upgraded outline architecture remains a non-manuscript semantic constraint: 621 outline chapters vs 471 existing nodes.
  KAU-R2 predecessor authority remains preserved inside the 718-node KAU-R5 successor; approved KSAR mappings recognized: 235.

> check:kau-r3
> npm run check:kau-r3-acceptance && node scripts/check-kau-r3-volume-i-reconciliation.mjs


> check:kau-r3-acceptance
> node scripts/check-kau-r3-volume-i-human-acceptance.mjs

✓ KAU-R3 Human Acceptance & Volume-I Freeze passed.
  All Volume-I reconciliation decisions are accepted.
  Domain III Coexistence correction is active as a provenance-preserving editorial projection.
  62 KSAR primary canonical bindings are approved; KAU-R4 may begin.
✓ KAU-R3 Volume I Human-Accepted Reconciliation passed.
  275/275 final Book-I materialized sections are human accepted.
  65/65 existing Volume-I Canonical Nodes retain accepted source coverage.
  62 primary Book-I section→node bindings are now APPROVED for KSAR; supporting-only sections remain source-native.
  Domain III Coexistence is human-confirmed through a governed editorial projection while raw source provenance remains unchanged.
  2 accepted Book-I Blueprint display-title revisions are applied by KAU-R5; predecessor identity is preserved.

> check:kau-r4
> npm run check:kau-r4-acceptance && node scripts/check-kau-r4-volume-ii-reconciliation.mjs


> check:kau-r4-acceptance
> node scripts/check-kau-r4-volume-ii-human-acceptance.mjs

✓ KAU-R4 Human Acceptance & Volume-II Freeze passed.
  173 Book-II source segments are human resolved; 171 existing primary mapping relations are approved.
  2 new nodes, 5 deprecations, 2 rehome targets, 7 scope revisions, 2 composite coverages and the page 100/101 duplicate disposition are accepted.
  Physical P10/P11 rehome remains deferred because target authority is outline-only.
✓ KAU-R4 Volume II Reconciliation passed.
  173/173 final Book-II materialized sections are semantically accounted for.
  Decisions: 159 EXACT_MATCH, 10 EXPANDED_MATCH, 2 SUPPORTING_ONLY, 2 NEW_NODE_REQUIRED.
  173/180 existing Volume-II Canonical Nodes have final-manuscript source coverage; 7 legacy planned nodes require human disposition.
  P6 final closure is a multi-node source for Exit / Shared Memory / Closure; no merge is forced.
  R4 human resolutions are applied by KAU-R5: 2 new P7 nodes admitted, 5 legacy nodes deprecated, 2 rehome targets accepted/deferred, and Book-II KSAR bindings activated.

> check:kau-r5
> node scripts/check-kau-r5-canonical-registry-metadata-delta.mjs

✓ KAU-R5 Canonical Registry / Metadata Delta passed.
  Canonical Authority successor: 716 → 718 nodes; all 716 predecessor nodeCodes remain preserved, with 2 human-authorized P7 additions.
  Applied: 7 Book-II scope/key revisions, 2 Book-I display-title revisions, 5 deprecations, and 2 accepted rehome-pending dispositions.
  KSAR: 62 Volume-I + 173 Volume-II approved mapping records are active; Book-II covers 171 unique manuscript sections canonically.
  KAU-R5 preserves its deferred rehome evidence; W1D separately applies P10/P11 publication ownership without granting Article/PJA/CAR/VAP production authority.

> check:kau-r6d
> node scripts/check-kau-r6d-book3-manuscript-review.mjs

✓ KAU-R6D Book III readability review passed: exact 397-page source and 411,937-character corpus are frozen.
✓ Review projection covers all 106 segments / 103 sections (P8 60, P9 43) without requiring private text in CI.
✓ The review workflow itself creates no human approval; successor human acceptance is checked by check:kau-r6d-human.

> check:kau-r6d-human
> node scripts/check-kau-r6d-book3-readability-human-acceptance.mjs

✓ KAU-R6D human readability acceptance passed: 106/106 decisions accepted, including 103/103 manuscript sections.
✓ No corrected manuscript text, canonical-node authority or publication authority was created by readability approval.

> check:book-w1-outline
> npm run check:book-w1a && node scripts/check-book-w1b-part-outline-reconciliation.mjs


> check:book-w1a
> node scripts/check-book-w1a-five-volume-registry-ownership.mjs

✓ BOOK-W1A Five-Volume Registry Ownership passed.
  BOOK-1/Volume I through BOOK-5/Volume V are aligned; 15 numbered Parts have one current owner.
  P8-P15 Current Part Authority is exact; superseded titles remain legacy aliases only.
  W1A and KAU-R5 historical authorities remain preserved; the governed W1D successor now carries 931 records.
  W1E–W1G successor projection and freeze are active; W1A historical boundaries remain unchanged.
✓ BOOK-W1B Human-approved complete-source migration maps passed.
  TL-authorized source 44d03dbed8f69dcdefb3c7127353ce5bbbf8e19554037dd1a054c099156551fd yields 621 unique chapters after governed exact-repeat P13 normalization.
  Eight deterministic maps account for all 471 existing P8-P15 frozen Canonical Nodes and all 621 outline chapters.
  Review suggestions: 28 match, 7 rename, 263 move, 173 supersede, 122 split clusters, 146 merge clusters, 323 new candidates.
  W1B/W1C predecessor reviews remain Human approved; W1D–W1G successors are active and historical nodes.json remains byte-identical to KAU-R5.

> check:book-w1-blueprints
> node scripts/check-book-w1c-successor-blueprint-generation.mjs

✓ BOOK-W1C Successor Blueprint Human Acceptance passed.
  4 Human-approved successor Blueprints cover BOOK-2 P5-P7, BOOK-3 P8-P9, BOOK-4 P10-P12 and BOOK-5 P13-P15.
  182 Book-II nodes trace to KAU-R5; all 471 P8-P15 nodes trace to exact W1B migration-map entries.
  All 323 W1C dispositions are resolved: 213 admission candidates, 66 accepted links and 44 preserved deferrals.
  W1C remains Human approved as the predecessor review set; W1D activated 213 admissions and W1E–W1G successors are frozen.

> check:book-w1-canonical
> node scripts/check-book-w1d-canonical-registry-reconciliation.mjs

✓ BOOK-W1D Human-approved Canonical Registry successor passed.
  718 existing identities remain accounted for; 192 promote + 21 lineage-bound supersede admissions are active.
  473 publication ownership records are applied, including KN-B2-P7-052 → P11 and KN-B2-P7-057 → P10.
  Successor authority contains 931 Canonical records with 0 silent deletion, mutation, duplicate or orphan entry.
  W1E–W1G successor public projection, compatibility reconciliation and freeze are independently active.

> check:book-w1-public-projection
> node scripts/check-book-w1e-public-book-locale-icon-projection-seven-volume-current.mjs

✓ BOOK-W1E seven-volume current public book projection passed.
  BOOK-1…BOOK-7 routes and P1–P15 publication ownership are current-successor aligned while the five-volume predecessor remains intact.

> check
> node check.mjs && npm run check:package-aliases && node scripts/check-schema-references.mjs && node scripts/check-i18n.mjs && node scripts/check-reading-evidence-boundary.mjs && node scripts/check-reading-dedup.mjs && node scripts/check-reading-navigation-contract.mjs && node scripts/check-reading-customer-language.mjs && node scripts/check-navigation-path-rules.mjs && node scripts/check-navigation-customer-view.mjs && node scripts/check-navigation-state.mjs && node scripts/check-professional-boundary.mjs && node scripts/check-review-contract.mjs && node scripts/check-runtime-memory-contract.mjs && node scripts/check-reality-continuity-contract.mjs && node scripts/check-runtime-workspace.mjs && node scripts/check-runtime-revision-initialization.mjs && node scripts/check-runtime-lineage-timeline.mjs && node scripts/check-runtime-persistence-recovery.mjs && node scripts/check-runtime-kernel.mjs && node scripts/check-runtime-inventory.mjs && node scripts/check-runtime-contracts.mjs && node scripts/check-runtime-gap-closure.mjs && node scripts/check-runtime-freeze.mjs && node scripts/check-provider-closure.mjs && node scripts/check-bug-fix-closure.mjs && node scripts/check-full-journey-acceptance.mjs && node scripts/check-runtime-v1-freeze-audit.mjs && node scripts/check-book-1-runtime-alignment.mjs && node scripts/check-book-1-figure-runtime-alignment.mjs && node scripts/check-runtime-registry-layer.mjs && node scripts/check-runtime-persistence-contract.mjs && node --no-warnings scripts/check-runtime-d1-schema.mjs && node --no-warnings scripts/check-runtime-migrations.mjs && node scripts/check-runtime-recovery.mjs && node scripts/check-runtime-timeline.mjs && node --no-warnings scripts/check-runtime-lineage-revision.mjs && node --no-warnings scripts/check-runtime-security-privacy.mjs && node --no-warnings scripts/check-runtime-d1-integration.mjs && node --no-warnings scripts/check-runtime-production-smoke.mjs && node scripts/check-m3a-public-experience-current.mjs && node scripts/check-m3b-knowledge-release.mjs && node --no-warnings scripts/check-m3b-book-access-payment.mjs && node scripts/check-m3c-journey-overview.mjs && node scripts/check-m3c-journey-dashboard.mjs && node scripts/check-m3c-entry-visual-alignment.mjs && node scripts/check-m3c-guided-entry.mjs && node scripts/check-m3c-entry-recovery-consent.mjs && node scripts/check-m3c-reconstruction-visual-alignment.mjs && node scripts/check-m3c-reading-visual-alignment.mjs && node scripts/check-m3c-navigation-visual-alignment.mjs && node scripts/check-m3c-review.mjs && node scripts/check-m3c-memory.mjs && node scripts/check-m3c-continuity.mjs && node scripts/check-m3c-public-journey-acceptance.mjs && node scripts/check-m3c-public-journey-production.mjs && node scripts/check-m4a-professional-service-definition.mjs && node scripts/check-m4a-consent-sharing.mjs && node scripts/check-m4a-professional-data-privacy.mjs && node --no-warnings scripts/check-m4a-financial-infrastructure.mjs && npm run check:ksar-r1-r8 && npm run check:ksar-r8-state && npm run check:wpr-w1f-public-surface-export && npm run check:kap && npm run check:pca && npm run check:mcd && npm run check:phase20 && npm run check:phase21 && npm run check:px2 && npm run check:iching-line-corpus-current && npm run check:iching-current && npm run check:iching-release-freeze && npm run check:cx-r12r3b && npm run check:cx-r12r4 && npm run check:cx-r12r4b:smr && npm run check:cross-final-production-admission && npm run check:tarot-current && npm run check:bazi-full-production && npm run check:ziwei-full-production && npm run check:ast-full-production && npm run check:ppr-c1 && npm run check:ppr-r3 && npm run check:hd-pro-r2 && npm run check:ppr-r5 && npm run check:ppr-r6 && npm run check:ppr-current-shared-owner && npm run check:ecr-mandala && npm run check:ecr-r3 && npm run check:profile && npm run check:backend-frontend-full-production && npm run check:hd-rel-r1 && npm run check:ppr-r2-final && npm run check:ppr-r2:post-machine-human-gate && npm run check:integrated-phase0 && npm run check:integrated-phase1 && npm run check:integrated-phase2 && npm run check:integrated-phase3 && npm run check:integrated-phase4 && npm run check:paid-ask && node scripts/check-integrated-successor-phase5.mjs && npm run check:cx-r31 && node scripts/check-integrated-successor-phase6.mjs && npm run check:pvp-r1:profile-phase7 && node scripts/check-integrated-successor-phase7.mjs && npm run check:pvp-r1:ecr-phase8 && node scripts/check-integrated-successor-phase8.mjs && npm run check:pvp-r1:ziwei-phase9 && node scripts/check-integrated-successor-phase9.mjs && npm run check:pvp-r1:method-phase10 && node scripts/check-integrated-successor-phase10.mjs && npm run check:pvp-r1:relationship-phase11 && node scripts/check-integrated-successor-phase11.mjs && npm run check:pvp-r1:static-assets:prepare && npm run check:book-v-atlas:r1:m1:current && npm run check:ptrc:w1-w7-readiness && npm run check:ptrc:w8-financial-runtime && npm run check:ptrc:w9-testamentary-report && npm run check:ptrc:w10-consolidation

PHI OS project structure OK (29 required files).

> check:package-aliases
> node scripts/check-package-checker-alias-registry.mjs

✓ Package checker alias registry passed: 171 historical W-stage aliases route through one runner; compatibility npm keys remain present.
✓ Public/canonical commands remain direct and in current-main order; parallel PPR/AST package-only deltas remain quarantined until their target gates pass.
✓ JSON Schema references, internal schema IDs, and Book 1 Manifest Schema checks passed.
PHI OS i18n OK (4354 aligned keys; HTML and JavaScript references verified).
Reading Evidence Boundary checks passed.
Reading de-duplication checks passed.
Reading → Navigation contract checks passed.
Reading customer language and progressive disclosure: passed
Navigation path generation rules: passed
Navigation customer view simplification: passed
Navigation state, restore, change, and Review gate: passed
✓ Professional Boundary Layer and Financial Domain v1 checks passed.
✓ Review Contract and Navigation → Review boundary checks passed.
✓ Runtime Memory Contract and Review → Memory boundary checks passed.
✓ Reality Continuity Contract and Memory → Continuity boundary checks passed.
Runtime Workspace and Transition Engine: passed; retired my-reality.html presentation is physically deleted and canonical /reality/ owns the customer workspace.
✓ Runtime Revision & New Entry Initialization
✓ Runtime Lineage & Timeline
Runtime Persistence & Recovery checks passed.
✓ Runtime Kernel, manager boundary, event bus, and guardrails checks passed.
✓ M1-W1 Runtime inventory, canonical paths, duplicate guard, and stage freeze checks passed.
✓ M1-W2 Runtime Contract Registry, schema freeze, handoffs, and guardrail matrix checks passed.
✓ M1 detailed inventory, Kernel, metadata, naming, deprecation, and test-matrix gaps are closed.
✓ M1 Runtime Engine Freeze Audit passed: Feature Complete, Contract Closed, Freeze Ready.
✓ M1-W4 Provider priority, interface, Router boundary, fallback, and failure fixtures checks passed.
✓ M1-W5 Entry, Reconstruction, Reading, Navigation, and Continuity bug closure checks passed.
✓ M1-W6 Full Journey Acceptance passed (12 language journeys × 3 viewports = 36 cases).
  Runtime v1 remains a release candidate until deployed visual acceptance is confirmed; Git tag not created.
✓ M1-W7 Runtime Freeze Audit gates are structurally valid.
  Release candidate 8baa0d1: Production deployed; 7 deployed acceptance gates pending.
✓ Book 1 G1–G16, removed Signature families, and Navigation evidence-unit alignment passed.
✓ M1-W7 Book 1 Figures 1A–5E conceptual boundaries, R2 asset ownership, Runtime representation, and handoff alignment passed.
✓ M2-W1 Contract, Schema, Version, Migration Registries, M1 parity, and startup validation passed.
✓ M2-W2 Persistence Contract, Router, Memory, Local, D1, and environment selection checks passed.
✓ M2-W3 Runtime D1 tables, JSON constraints, foreign keys, cascades, Driver alignment, and indexes passed.
✓ M2-W4 immutable migrations, history, checksums, ordering, runner, and schema drift checks passed.
✓ M2-W5 Session, Partial Write, Provider Failure, and Page Refresh Recovery checks passed.
✓ M2-W6 Runtime Event Types, Append Service, Timeline Reader, customer Projection, and Event Versioning checks passed.
✓ M2-W7 Parent–Child Runtime, Revision Chain, Edit/New Journey/Branch semantics, D1 Store, and Lineage Viewer Data checks passed.
✓ M2-W8 Runtime classification, privacy logging, deletion/export, Professional Access, and Research Consent Boundary checks passed.
✓ M2-W9 D1 integration passed: Migration → Persistence → Recovery → Timeline → Lineage → Privacy.
✓ M2-W9 Production Smoke structure is ready. Set PHIOS_SMOKE_BASE_URL after deployment for the live read-only run.
✓ M3A current public experience passed: canonical CX surfaces are present and retired presentation artifacts remain physically absent.
  Compatibility is redirect-only; current pages no longer depend on retired HTML, preview CSS or predecessor page controllers.
✓ M3B Knowledge Release passed: historical commerce authority is preserved and current Knowledge, Figures and Concepts surfaces are canonical.
  Stripe/R2 commerce is implemented and remains production-gated until external acceptance passes.
✓ M3B-W4/W8 Book Access and Payment passed: frozen RM89 product, Stripe Checkout, verified idempotent webhook, D1 purchase and entitlement, watermarked R2 delivery, limited download tokens, receipt email and refund revocation.
✓ Journey Overview passed: Enter → Describe → Discover → Understand → Choose → Continue.
  Internal Runtime stages remain contract-preserving and are not presented as a second customer journey.
✓ M3C-W2 Journey Dashboard historical presentation is preserved as governance evidence; P1 browser-accepted canonical My Reality now owns the customer surface and retired HTML is physically deleted.
✓ M3C-W3 Entry Visual Alignment passed: Header, spacing, buttons, cards, typography, progress and errors.
  Runtime Entry v1, API, persistence, revision and Reconstruction handoff remain unchanged.
✓ M3C-W3.1 Guided Entry baseline passed: Reality Coordinate is bilingual, mobile-ready and evidence-bounded.
  Its historical optional opening is superseded by the required coordinate-first M3C-W3.2 interface; the Runtime boundary is unchanged.
✓ M3C-W3.2 Entry Recovery Consent passed: recovered Entry content stays hidden until explicit Resume.
  Reality Coordinate is now the required first question; text follows without changing Runtime or Professional contracts.
✓ M3C-W4 Reconstruction Visual Alignment passed: Edit answer, Evidence source, Confidence, Missing evidence, Continue and Return to Entry are customer-visible.
  The W4 projection boundary remains intact; W14 changes are limited to the registered additive Reconstruction Experience extension.
✓ M3C-W5 Reading Visual Alignment passed: Observed Reality, Runtime Pattern, Evidence, Interpretation and Reading Boundary are customer-visible.
  Reading API, evidence classes, pattern threshold, Navigation readiness, handoff, persistence and lineage remain frozen.
✓ M3C-W13 Reading visual alignment passed at 360, 768, and 1440 layout contracts.
  Customer/Evidence remain light; Technical uses an isolated dark token set.
✓ M3C-W6 Navigation Visual Alignment passed: Available Direction, Reason, Evidence, Constraint, First Action and Review Point are customer-visible.
  No path is auto-selected; Navigation API, state, selection, professional boundary, Review gate, persistence and lineage remain frozen.
✓ M3C-W7 Review passed: Review Summary, Change Since Reading, Action Result and Continue / Revise / Close are customer-visible.
  Review Contract, evidence class, Navigation source, Memory handoff and user-choice boundary remain frozen.
✓ M3C-W8 Memory historical customer presentation retired after P1 browser acceptance; runtime evidence remains and canonical My Reality now owns the customer surface.
✓ M3C-W9 Continuity historical customer presentation retired after P1 browser acceptance; runtime evidence remains and canonical My Reality now owns the customer surface.
✓ M3C-W10 Public Journey historical presentation is retired after P1 browser acceptance; canonical My Reality owns production while runtime authority/evidence remains intact.
✓ M3C-W10 Production Acceptance structure is ready. Set PHIOS_PUBLIC_JOURNEY_BASE_URL after deployment for the live read-only run.
✓ M4A-W1 Professional Service Definition passed: Runtime, Human Design, Financial and Integrated service families are structurally frozen.
  Prices, intake, sensitive uploads, calculations, Workspace, reports, checkout, regulated advice and D1 changes remain inactive.
  Next required gate: M4A-W3 Consent and Sharing, followed by M4A-W7 Professional Data and Privacy.
✓ M4A-W3 Consent and Sharing passed: explicit scope, duration, revocation, audit, Human Design, Financial Data and Joint Household consent are contract-closed.
  No wildcard or default grant; one adult cannot authorise another adult, and acknowledgement does not activate retention or regulated advice.
  Next required gate: M4A-W7 Professional Data and Privacy before W8 infrastructure or W2 Workspace.
✓ M4A-W7 Professional Data and Privacy passed: Human Design, Financial, Notes, Reports, Files, retention and data rights are governance-closed.
  Source documents remain outside Runtime Memory; public URLs, ordinary-email sensitive intake, indefinite retention and unverified deletion claims remain prohibited.
  Next required gate: M4A-W8 Financial Professional Infrastructure before M4A-W2 Workspace.
✓ M4A-W8 Financial Professional Infrastructure passed: 19-table schema, migration, evidence, formulas, assumptions, risks, authority and product-neutral boundaries are closed.
  Calculations and Risk Flags do not create recommendations; product-specific advice and automatic transactions remain disabled.
  Next required gate: M4A-W2 Professional Workspace and Financial Intake.

> check:ksar-r1-r8
> node scripts/check-ksar-r1-r8-reconciliation.mjs

✓ KSAR-R1～R8 Reconciliation passed.
  R1 actual-bytes corpus hashes and canonical books/ object keys are reconciled; remote GET evidence remains explicit pending state.
  R2-R4 human-accepted Volume I/II bindings plus KAU-R5 Canonical successor projection are active without putting manuscript bodies in public Git.
  R5-R6 unified hybrid retrieval plus deterministic grounded answer projection are active.
  R7 Knowledge Search, Free Explore and Library gateways route into Knowledge Access.
  R8 Human Review Gate is closed; production freeze remains correctly blocked only until reviewed-corpus remote R2 hash verification completes.

> check:ksar-r8-state
> node scripts/check-ksar-r8-production-state.mjs

✓ KSAR-R8 Production Acceptance & Successor Freeze passed.
  448/448 human-reviewed manuscript sections remain closed and active for governed Knowledge Access.
  Every active reviewed-corpus R2 object is remote-GET actual-bytes SHA256 verified.
  The immutable v1.0 freeze remains authoritative; its later status companion is optional and validated when present.
  Canonical Knowledge / Published Article authority boundaries remain unchanged; raw full-book delivery remains blocked.

> check:wpr-w1f-public-surface-export
> node scripts/check-wpr-w1f-public-surface-data-export-repair.mjs

✓ WPR-W1F public-surface-data export reconciliation passed.

> check:kap
> npm run check:kap-reconciliation && npm run check:kap-foundation && npm run check:kap-grounding && npm run check:kap-answer && npm run check:kap-guided && npm run check:kap-complexity && npm run check:kap-handoff


> check:kap-reconciliation
> node scripts/check-kap-phase1-artifact-reconciliation.mjs

✓ KAP Phase 1 authority artifact reconciliation passed.

> check:kap-foundation
> node scripts/check-kap-w0-w3-authority-foundation.mjs

✓ KAP-W0 Existing Runtime Capability Audit passed.
✓ KAP-W1 Knowledge / Answer / Publication / Reality Reading Authority Boundary passed.
✓ KAP-W2 QuestionScopedKnowledgeAnswer foundation contract passed.
✓ KAP-W3 Client Answer Level Registry passed.
✓ KAP Phase 1 W0-W3 Authority Foundation accepted and frozen.
  Knowledge / Answer / Publication / Reality Reading boundaries remain frozen; KAP-W0-W3 themselves create no MCD, AI, Guided Reading or client-surface authority.

> check:kap-grounding
> node scripts/check-kap-w4-w10-knowledge-grounding.mjs

node:internal/modules/run_main:107
    triggerUncaughtException(
    ^

AssertionError [ERR_ASSERTION]: MAINTENANCE_SUCCESSOR_DIGEST_MISMATCH:functions/_lib/knowledge-answer-grounding.js
+ actual - expected

+ '660d677e577628f68d954a7a6deb621a412b0f7ca68b7c3f56b268221e813fbc'
- '6587f2a492874d6cc4f3d2400451b2a6b8896779d56a12bba659ab1c69a2af99'

    at assertKapEvidenceOrMaintenance (file:///C:/Users/Guest%20Account/OneDrive/Desktop/PHIOS/phios/scripts/lib/knowledge-answer-projection/kap-maintenance-successor-v1.mjs:47:10)
    at kapMaintenanceSuccessorSha (file:///C:/Users/Guest%20Account/OneDrive/Desktop/PHIOS/phios/scripts/lib/knowledge-answer-projection/kap-maintenance-successor-v1.mjs:19:34)
    at currentRuntimeSha (file:///C:/Users/Guest%20Account/OneDrive/Desktop/PHIOS/phios/scripts/check-kap-w4-w10-knowledge-grounding.mjs:16:31)
    at file:///C:/Users/Guest%20Account/OneDrive/Desktop/PHIOS/phios/scripts/check-kap-w4-w10-knowledge-grounding.mjs:32:112
    at ModuleJob.run (node:internal/modules/esm/module_job:439:25)
    at async node:internal/modules/esm/loader:643:26
    at async asyncRunEntryPointWithESMLoader (node:internal/modules/run_main:101:5) {
  generatedMessage: false,
  code: 'ERR_ASSERTION',
  actual: '660d677e577628f68d954a7a6deb621a412b0f7ca68b7c3f56b268221e813fbc',
  expected: '6587f2a492874d6cc4f3d2400451b2a6b8896779d56a12bba659ab1c69a2af99',
  operator: 'strictEqual',
  diff: 'simple'
}

Node.js v24.18.0
