{
  "status": "PASS",
  "workCode": "AST-FP-R5",
  "schemaVersion": "PHI-OS-AST-WHOLE-CHART-SYNTHESIS-v1.0.0",
  "themeCount": 5,
  "themeFamilies": [
    "PATTERN_NETWORK",
    "PATTERN_NETWORK",
    "RULERSHIP_NETWORK",
    "ASPECT_DYNAMICS",
    "DISTRIBUTION_CONTEXT"
  ],
  "supportSignals": 3,
  "tensionSignals": 3,
  "intentReordersPriorityWithoutRewritingMeaning": true,
  "r4aHumanAdmissionSatisfied": true,
  "pendingAdmissionFailsClosed": true,
  "r5HumanAcceptanceStillRequired": true,
  "customerPublicationAllowed": false
}
