
> check:relationship:w0-w6
> node scripts/run-zero-cost-regression.mjs check:relationship:w0-w6

✓ REL-W0 Relationship Intent Contract passed: explicit self/specific modes, 1–3 focus areas, explicit purpose/consent, and no inferred relationship type/outcome/compatibility authority.
✓ REL-W1 Shared Person-B Input passed: one shared birth record, explicit precision, no fabricated noon, derived timezone lineage, NUM/HD extensions, and third-party no-account/no-hidden-persistence boundary.
✓ REL-W2 Method Capability Matrix passed after REL-W4 current-authority reconciliation: AST structural relation + NUM D8 multi-factor relationship structure supported; BZR/ZWR remain contextual partial; ECR authority-pending; HD dual-chart is a machine-verified PARTIAL candidate with Human admission still pending; Person-B input never auto-grants relationship composition.
✓ REL-W3 A/B Independent Reading Freeze passed: accepted envelopes remain participant-scoped; AST and current-admitted NUM are relationship-eligible from reconciled REL-W2; partial/pending/missing pairs fail closed; deterministic freeze creates zero relationship meaning.
✓ REL-W0–W3 foundation aggregate passed. REL-W4 relationship meaning remains a separate successor gate.
{
  "status": "PASS",
  "work": "REL-W4",
  "ast": {
    "cases": 24,
    "acceptedOutcomes": 24,
    "composed": 16,
    "suppressedPrecision": 7,
    "noRuleHit": 1,
    "claims": 1056
  },
  "num": {
    "cases": 24,
    "acceptedOutcomes": 24,
    "composed": 24,
    "claims": 91,
    "connectionClaims": 19,
    "openClaims": 72
  },
  "suppressed": {
    "BZR": "CONTEXT_ONLY",
    "ZWR": "CONTEXT_ONLY",
    "ECR": "AUTHORITY_PENDING"
  },
  "customerPublicationAllowed": false,
  "humanAdmission": "PENDING"
}
✓ REL-W4 Human admission passed: 48/48 ACCEPT; AST + NUM method-level W4 wording admitted; full relationship product remains closed.
✓ REL BZR/ZWR/ECR Human admission passed: 72/72 accepted; method scopes promoted without HD or compatibility authority drift.
✓ REL-W4 all-method current reconciliation passed: AST/NUM/BZR/ZWR/ECR/HD are 144/144 Human-admitted; REL-W5 is unblocked but the full relationship product is not yet customer-published.
✓ REL-W4 all-method current freeze passed: 12 current artifacts match digests; 144/144 Human acceptance frozen before REL-W5.
✓ REL-W5 Relationship Current Reality passed.
  Current authority universe: AST, BZR, ECR, HD, NUM, ZWR (six methods Human-admitted); actual cases may omit unavailable/precision-blocked methods.
  24/24 machine cases passed; Current Reality remains customer-controlled and cannot prove/disprove a method.
✓ REL-W6 Cross-Evidence Relationship Synthesis passed.
  24/24 complete relationship cases passed across 2 / 3 / 4+ methods, Profile optionality, unavailable methods, Person-B time uncertainty, Reality support/contradiction/open/no-Reality.
  Symbolic, Profile/Assessment, and Current Reality lanes remain separate; no lane proves another and true disagreement remains NON_CONVERGENCE.
✓ REL-W0–W6 relationship foundation aggregate passed.

> check:relationship:w7-narrative-brief
> node scripts/run-zero-cost-regression.mjs check:relationship:w7-narrative-brief

✓ REL-W7 Relationship Narrative Brief passed.
  24/24 deterministic briefs passed: 20 specific-person + 4 self-relationship-pattern cases; methods 2–6; Profile source classes preserved; Reality support/partial/contradiction/open/no-comparison covered.
  A/B remain distinct, Person B is never invented, non-convergence/counter-evidence/precision remain visible, and the brief extends W54N0 without creating a second Writer/provider authority.

> check:ppr-narrative:w54n1-w54n8
> node scripts/run-zero-cost-regression.mjs check:ppr-narrative:w54n1-w54n8

✓ W54N1–W54N8 shared AI Narrative infrastructure passed (ALL).
  24/24 generation cases; personal 12, relationship 12; repair cases 15; cache 24/24; Ask 12/12.
  Writer remains narrative-only; W53/W54 verifier is factual authority; targeted repair is local; Web/Print/PDF reuse one stored NarrativeReadingIR.
  Commerce requires server-verified payment; client success page has no payment authority; Ask quota remains entitlement-driven.

> check:relationship:w8-paid-narrative
> node scripts/run-zero-cost-regression.mjs check:relationship:w8-paid-narrative

✓ REL-W8 Paid Relationship Narrative passed 24/24.
  Specific-person 20; self-pattern 4; cache 24/24; reopen/print/PDF/reload 96/96; Ask 12/12.
  REL-W8 reuses W54N1–W54N8 Writer/Verifier/Repair/IR/Preview/Commerce/Cache/Ask; no second provider, verifier, Stripe/payment, entitlement, or cache authority.
