
> check:visual-report-commerce-binding
> node scripts/run-zero-cost-regression.mjs check:visual-report-commerce-binding

PASS visual-report commerce binding: current primary products use projected prices; legacy-readable reports fall back to the canonical report commerce contract without top-level undefined price access.
{"entities":898,"visuals":392,"counts":{"macro-era":11,"period":20,"civilization":120,"snapshot":15,"comparison":6,"trajectory":16,"transition":32,"scale-shift":7,"loss-family":6,"loss-type":24,"book-section":85,"reconfiguration-case":60,"reconfiguration-window":24,"reconfiguration-snapshot":12,"current-dossier":12,"lived-dimension":14,"visual":392,"runtime-position":31,"admitted-current-evidence":11}}
Pages static publication: copied=11565, skipped=13327

 ⛅️ wrangler 4.120.0 (update available 4.149.0)
───────────────────────────────────────────────

[31mX [41;31m[[41;97mERROR[41;31m][0m [1mBuild failed with 1 error:[0m

  [31mX [41;31m[[41;97mERROR[41;31m][0m [1mCould not resolve "../../docs/guided-report-successor-r2/bazi-source.json"[0m
  
      api/qa-bazi-t3.js:12:22:
  [37m      12 │ ...urce from [32m'../../docs/guided-report-successor-r2/bazi-source.js[37m...
           ╵              [32m~~~~~~~~~~~~~~~~~~~~~~~~~~~~~~~~~~~~~~~~~~~~~~~~~~~~~[0m
  
  


[31mX [41;31m[[41;97mERROR[41;31m][0m [1mBuild failed with 1 error:[0m

  [31mX [41;31m[[41;97mERROR[41;31m][0m [1mCould not resolve "../../docs/guided-report-successor-r2/bazi-source.json"[0m
  
      api/qa-bazi-t3.js:12:22:
  [37m      12 │ ...urce from [32m'../../docs/guided-report-successor-r2/bazi-source.js[37m...
           ╵              [32m~~~~~~~~~~~~~~~~~~~~~~~~~~~~~~~~~~~~~~~~~~~~~~~~~~~~~[0m
  
  


🪵  Logs were written to "C:\Users\Guest Account\AppData\Roaming\xdg.config\.wrangler\logs\wrangler-2026-10-10_10-48-17_222.log"
Assertion failed: !(handle->flags & UV_HANDLE_CLOSING), file src\win\async.c, line 94
file:///C:/phios/tools/review/external-reality-cross-domain-r1/build-snapshot-1791628618204/scripts/build-cloudflare-pages.mjs:144
    throw new Error(
          ^

Error: C:\Program Files\nodejs\node.exe failed with exit code 3221226505
    at run (file:///C:/phios/tools/review/external-reality-cross-domain-r1/build-snapshot-1791628618204/scripts/build-cloudflare-pages.mjs:144:11)
    at file:///C:/phios/tools/review/external-reality-cross-domain-r1/build-snapshot-1791628618204/scripts/build-cloudflare-pages.mjs:282:1

Node.js v24.18.0
