
> check:commerce-stripe
> node scripts/run-zero-cost-regression.mjs check:commerce-stripe

{"component":"commerce","event":"CHECKOUT_CREATED","order_id":"ord_7f128495048a489dae088fc1f4808e71","checkout_session_id":"cs_test_fixture9","product_id":"COM-REPORT-BUNDLE-2","amount_minor":9900,"currency":"MYR"}
{"component":"commerce","event":"STRIPE_EVENT_RECEIVED","stripe_event_id":"evt_fixture1"}
{"component":"commerce","event":"STRIPE_EVENT_RECEIVED","stripe_event_id":"evt_duplicate"}
{"component":"commerce","event":"ENTITLEMENT_GRANTED","order_id":"ord_7f128495048a489dae088fc1f4808e71","product_id":"COM-REPORT-BUNDLE-2"}
{"component":"commerce","event":"PAYMENT_CONFIRMED","order_id":"ord_7f128495048a489dae088fc1f4808e71","stripe_event_id":"evt_duplicate","product_id":"COM-REPORT-BUNDLE-2"}
{"component":"commerce","event":"STRIPE_EVENT_RECEIVED","stripe_event_id":"evt_duplicate"}
{"component":"commerce","event":"ENTITLEMENT_SKIPPED_DUPLICATE","stripe_event_id":"evt_duplicate"}
{"component":"commerce","event":"STRIPE_EVENT_RECEIVED","stripe_event_id":"evt_fixture2"}
{"component":"commerce","event":"ENTITLEMENT_SKIPPED_DUPLICATE","order_id":"ord_7f128495048a489dae088fc1f4808e71","product_id":"COM-REPORT-BUNDLE-2"}
{"component":"commerce","event":"PAYMENT_CONFIRMED","order_id":"ord_7f128495048a489dae088fc1f4808e71","stripe_event_id":"evt_fixture2","product_id":"COM-REPORT-BUNDLE-2"}
{"component":"commerce","event":"STRIPE_EVENT_RECEIVED","stripe_event_id":"evt_fixture3"}
{"component":"commerce","event":"ENTITLEMENT_SKIPPED_DUPLICATE","order_id":"ord_7f128495048a489dae088fc1f4808e71","product_id":"COM-REPORT-BUNDLE-2"}
{"component":"commerce","event":"PAYMENT_CONFIRMED","order_id":"ord_7f128495048a489dae088fc1f4808e71","stripe_event_id":"evt_fixture3","product_id":"COM-REPORT-BUNDLE-2"}
{"component":"commerce","event":"STRIPE_EVENT_RECEIVED","stripe_event_id":"evt_fixture4"}
{"component":"commerce","event":"STRIPE_EVENT_RECEIVED","stripe_event_id":"evt_received"}
{"component":"commerce","event":"ENTITLEMENT_SKIPPED_DUPLICATE","order_id":"ord_7f128495048a489dae088fc1f4808e71","product_id":"COM-REPORT-BUNDLE-2"}
{"component":"commerce","event":"PAYMENT_CONFIRMED","order_id":"ord_7f128495048a489dae088fc1f4808e71","stripe_event_id":"evt_received","product_id":"COM-REPORT-BUNDLE-2"}
{"component":"commerce","event":"CHECKOUT_CREATED","order_id":"ord_65baf54f623648dda67cf244bd607f09","checkout_session_id":"cs_test_fixture14","product_id":"COM-SERVICE-NATURAL-HEALER","amount_minor":10000,"currency":"MYR"}
{"component":"commerce","event":"STRIPE_EVENT_RECEIVED","stripe_event_id":"evt_fixture5"}
{"component":"commerce","event":"FULFILLMENT_CREATED","order_id":"ord_65baf54f623648dda67cf244bd607f09","product_id":"COM-SERVICE-NATURAL-HEALER"}
{"component":"commerce","event":"PAYMENT_CONFIRMED","order_id":"ord_65baf54f623648dda67cf244bd607f09","stripe_event_id":"evt_fixture5","product_id":"COM-SERVICE-NATURAL-HEALER"}
{"component":"commerce","event":"CHECKOUT_CREATED","order_id":"ord_bf42351f39dc420cb76bfddba41edd78","checkout_session_id":"cs_test_fixture16","product_id":"COM-SERVICE-CASH-FLOW-GAME","amount_minor":10000,"currency":"MYR"}
{"component":"commerce","event":"STRIPE_EVENT_RECEIVED","stripe_event_id":"evt_fixture6"}
{"component":"commerce","event":"FULFILLMENT_CREATED","order_id":"ord_bf42351f39dc420cb76bfddba41edd78","product_id":"COM-SERVICE-CASH-FLOW-GAME"}
{"component":"commerce","event":"PAYMENT_CONFIRMED","order_id":"ord_bf42351f39dc420cb76bfddba41edd78","stripe_event_id":"evt_fixture6","product_id":"COM-SERVICE-CASH-FLOW-GAME"}
{"component":"commerce","event":"CHECKOUT_CREATED","order_id":"ord_4c6a5878a462404994a2eb09cd83011b","checkout_session_id":"cs_test_fixture18","product_id":"COM-SERVICE-FINANCIAL-CONSULTATION","amount_minor":10000,"currency":"MYR"}
{"component":"commerce","event":"STRIPE_EVENT_RECEIVED","stripe_event_id":"evt_fixture7"}
{"component":"commerce","event":"FULFILLMENT_CREATED","order_id":"ord_4c6a5878a462404994a2eb09cd83011b","product_id":"COM-SERVICE-FINANCIAL-CONSULTATION"}
{"component":"commerce","event":"PAYMENT_CONFIRMED","order_id":"ord_4c6a5878a462404994a2eb09cd83011b","stripe_event_id":"evt_fixture7","product_id":"COM-SERVICE-FINANCIAL-CONSULTATION"}
{"component":"commerce","event":"CHECKOUT_CREATED","order_id":"ord_9d69b553764842a8bbd3dd349cb1d97e","checkout_session_id":"cs_test_fixture20","product_id":"COM-SUBSCRIPTION-MONTHLY","amount_minor":1900,"currency":"MYR"}
{"component":"commerce","event":"STRIPE_EVENT_RECEIVED","stripe_event_id":"evt_fixture8"}
{"component":"commerce","event":"PAYMENT_CONFIRMED","order_id":"ord_9d69b553764842a8bbd3dd349cb1d97e","stripe_event_id":"evt_fixture8","product_id":"COM-SUBSCRIPTION-MONTHLY"}
{"component":"commerce","event":"CHECKOUT_CREATED","order_id":"ord_07cbd23d395947cb85cbfff2964c4dad","checkout_session_id":"cs_test_fixture22","product_id":"COM-WILL-WRITING","amount_minor":2900,"currency":"MYR"}
{"component":"commerce","event":"STRIPE_EVENT_RECEIVED","stripe_event_id":"evt_fixture9"}
{"component":"commerce","event":"FULFILLMENT_CREATED","order_id":"ord_07cbd23d395947cb85cbfff2964c4dad","product_id":"COM-WILL-WRITING"}
{"component":"commerce","event":"PAYMENT_CONFIRMED","order_id":"ord_07cbd23d395947cb85cbfff2964c4dad","stripe_event_id":"evt_fixture9","product_id":"COM-WILL-WRITING"}
{"component":"commerce","event":"CHECKOUT_CREATED","order_id":"ord_46f0bf32604b46e1b17b1b16bbc85ecf","checkout_session_id":"cs_test_fixture24","product_id":"COM-REPORT-FINANCIAL-FULL","amount_minor":15900,"currency":"MYR"}
{"component":"commerce","event":"STRIPE_EVENT_RECEIVED","stripe_event_id":"evt_fixture10"}
{"component":"commerce","event":"FULFILLMENT_CREATED","order_id":"ord_46f0bf32604b46e1b17b1b16bbc85ecf","product_id":"COM-REPORT-FINANCIAL-FULL"}
{"component":"commerce","event":"PAYMENT_CONFIRMED","order_id":"ord_46f0bf32604b46e1b17b1b16bbc85ecf","stripe_event_id":"evt_fixture10","product_id":"COM-REPORT-FINANCIAL-FULL"}
{"component":"commerce","event":"CHECKOUT_CREATED","order_id":"ord_8d6e060eab614363ac7823946af7ba6b","checkout_session_id":"cs_test_fixture26","product_id":"COM-REPORT-ECR-FULL","amount_minor":12900,"currency":"MYR"}
{"component":"commerce","event":"STRIPE_EVENT_RECEIVED","stripe_event_id":"evt_fixture11"}
{"component":"commerce","event":"ENTITLEMENT_GRANTED","order_id":"ord_8d6e060eab614363ac7823946af7ba6b","product_id":"COM-REPORT-ECR-FULL"}
{"component":"commerce","event":"PAYMENT_CONFIRMED","order_id":"ord_8d6e060eab614363ac7823946af7ba6b","stripe_event_id":"evt_fixture11","product_id":"COM-REPORT-ECR-FULL"}
{"component":"commerce","event":"CHECKOUT_CREATED","order_id":"ord_86e2ce6431bf42f3b60c1318c19e7b04","checkout_session_id":"cs_test_fixture28","product_id":"COM-REPORT-CROSS-FULL","amount_minor":29900,"currency":"MYR"}
{"component":"commerce","event":"STRIPE_EVENT_RECEIVED","stripe_event_id":"evt_fixture12"}
{"component":"commerce","event":"ENTITLEMENT_GRANTED","order_id":"ord_86e2ce6431bf42f3b60c1318c19e7b04","product_id":"COM-REPORT-CROSS-FULL"}
{"component":"commerce","event":"PAYMENT_CONFIRMED","order_id":"ord_86e2ce6431bf42f3b60c1318c19e7b04","stripe_event_id":"evt_fixture12","product_id":"COM-REPORT-CROSS-FULL"}
{"component":"commerce","event":"CHECKOUT_CREATED","order_id":"ord_8af97e7ffb79498fb2711088a16e2b51","checkout_session_id":"cs_test_fixture30","product_id":"COM-REPORT-HD-FULL","amount_minor":12900,"currency":"MYR"}
{"component":"commerce","event":"STRIPE_EVENT_RECEIVED","stripe_event_id":"evt_fixture13"}
{"component":"commerce","event":"ENTITLEMENT_GRANTED","order_id":"ord_8af97e7ffb79498fb2711088a16e2b51","product_id":"COM-REPORT-HD-FULL"}
{"component":"commerce","event":"PAYMENT_CONFIRMED","order_id":"ord_8af97e7ffb79498fb2711088a16e2b51","stripe_event_id":"evt_fixture13","product_id":"COM-REPORT-HD-FULL"}
{"component":"commerce","event":"CHECKOUT_CREATED","order_id":"ord_cc1e0454c8344890a2251ae67ed98e04","checkout_session_id":"cs_test_fixture32","product_id":"COM-REPORT-PROFILE-FULL","amount_minor":12900,"currency":"MYR"}
{"component":"commerce","event":"STRIPE_EVENT_RECEIVED","stripe_event_id":"evt_fixture14"}
{"component":"commerce","event":"ENTITLEMENT_GRANTED","order_id":"ord_cc1e0454c8344890a2251ae67ed98e04","product_id":"COM-REPORT-PROFILE-FULL"}
{"component":"commerce","event":"PAYMENT_CONFIRMED","order_id":"ord_cc1e0454c8344890a2251ae67ed98e04","stripe_event_id":"evt_fixture14","product_id":"COM-REPORT-PROFILE-FULL"}
{"component":"commerce","event":"CHECKOUT_CREATED","order_id":"ord_af604ec3ffe341ea942d73b191a0f40c","checkout_session_id":"cs_test_fixture34","product_id":"COM-REPORT-NUMEROLOGY-FULL","amount_minor":3900,"currency":"MYR"}
{"component":"commerce","event":"STRIPE_EVENT_RECEIVED","stripe_event_id":"evt_fixture15"}
{"component":"commerce","event":"ENTITLEMENT_GRANTED","order_id":"ord_af604ec3ffe341ea942d73b191a0f40c","product_id":"COM-REPORT-NUMEROLOGY-FULL"}
{"component":"commerce","event":"PAYMENT_CONFIRMED","order_id":"ord_af604ec3ffe341ea942d73b191a0f40c","stripe_event_id":"evt_fixture15","product_id":"COM-REPORT-NUMEROLOGY-FULL"}
{"component":"commerce","event":"CHECKOUT_CREATED","order_id":"ord_56446e8b86654190bef2e3908457a8c5","checkout_session_id":"cs_test_fixture36","product_id":"COM-REPORT-ASTROLOGY-FULL","amount_minor":5900,"currency":"MYR"}
{"component":"commerce","event":"STRIPE_EVENT_RECEIVED","stripe_event_id":"evt_fixture16"}
{"component":"commerce","event":"ENTITLEMENT_GRANTED","order_id":"ord_56446e8b86654190bef2e3908457a8c5","product_id":"COM-REPORT-ASTROLOGY-FULL"}
{"component":"commerce","event":"PAYMENT_CONFIRMED","order_id":"ord_56446e8b86654190bef2e3908457a8c5","stripe_event_id":"evt_fixture16","product_id":"COM-REPORT-ASTROLOGY-FULL"}
{"component":"commerce","event":"CHECKOUT_CREATED","order_id":"ord_f242feba885746a4a57fea85045c0a8c","checkout_session_id":"cs_test_fixture38","product_id":"COM-REPORT-ZIWEI-FULL","amount_minor":5900,"currency":"MYR"}
{"component":"commerce","event":"STRIPE_EVENT_RECEIVED","stripe_event_id":"evt_fixture17"}
{"component":"commerce","event":"ENTITLEMENT_GRANTED","order_id":"ord_f242feba885746a4a57fea85045c0a8c","product_id":"COM-REPORT-ZIWEI-FULL"}
{"component":"commerce","event":"PAYMENT_CONFIRMED","order_id":"ord_f242feba885746a4a57fea85045c0a8c","stripe_event_id":"evt_fixture17","product_id":"COM-REPORT-ZIWEI-FULL"}
{"component":"commerce","event":"CHECKOUT_CREATED","order_id":"ord_4b179ca646044f75bcd48961fd8bcaa8","checkout_session_id":"cs_test_fixture40","product_id":"COM-REPORT-BAZI-FULL","amount_minor":5900,"currency":"MYR"}
{"component":"commerce","event":"STRIPE_EVENT_RECEIVED","stripe_event_id":"evt_fixture18"}
{"component":"commerce","event":"ENTITLEMENT_GRANTED","order_id":"ord_4b179ca646044f75bcd48961fd8bcaa8","product_id":"COM-REPORT-BAZI-FULL"}
{"component":"commerce","event":"PAYMENT_CONFIRMED","order_id":"ord_4b179ca646044f75bcd48961fd8bcaa8","stripe_event_id":"evt_fixture18","product_id":"COM-REPORT-BAZI-FULL"}
{"component":"commerce","event":"CHECKOUT_CREATED","order_id":"ord_407a25c5ab914093af26947b2393f361","checkout_session_id":"cs_test_fixture42","product_id":"COM-BOOK-06","amount_minor":5900,"currency":"MYR"}
{"component":"commerce","event":"STRIPE_EVENT_RECEIVED","stripe_event_id":"evt_fixture19"}
{"component":"commerce","event":"ENTITLEMENT_GRANTED","order_id":"ord_407a25c5ab914093af26947b2393f361","product_id":"COM-BOOK-06"}
{"component":"commerce","event":"PAYMENT_CONFIRMED","order_id":"ord_407a25c5ab914093af26947b2393f361","stripe_event_id":"evt_fixture19","product_id":"COM-BOOK-06"}
{"component":"commerce","event":"CHECKOUT_CREATED","order_id":"ord_5b4d54070d034dba8f8f08c419e60e0c","checkout_session_id":"cs_test_fixture44","product_id":"COM-BOOK-05","amount_minor":10900,"currency":"MYR"}
{"component":"commerce","event":"STRIPE_EVENT_RECEIVED","stripe_event_id":"evt_fixture20"}
{"component":"commerce","event":"ENTITLEMENT_GRANTED","order_id":"ord_5b4d54070d034dba8f8f08c419e60e0c","product_id":"COM-BOOK-05"}
{"component":"commerce","event":"PAYMENT_CONFIRMED","order_id":"ord_5b4d54070d034dba8f8f08c419e60e0c","stripe_event_id":"evt_fixture20","product_id":"COM-BOOK-05"}
{"component":"commerce","event":"CHECKOUT_CREATED","order_id":"ord_91d7d338b4894e2aa0a62c01252d43b1","checkout_session_id":"cs_test_fixture46","product_id":"COM-BOOK-04","amount_minor":8900,"currency":"MYR"}
{"component":"commerce","event":"STRIPE_EVENT_RECEIVED","stripe_event_id":"evt_fixture21"}
{"component":"commerce","event":"ENTITLEMENT_GRANTED","order_id":"ord_91d7d338b4894e2aa0a62c01252d43b1","product_id":"COM-BOOK-04"}
{"component":"commerce","event":"PAYMENT_CONFIRMED","order_id":"ord_91d7d338b4894e2aa0a62c01252d43b1","stripe_event_id":"evt_fixture21","product_id":"COM-BOOK-04"}
{"component":"commerce","event":"CHECKOUT_CREATED","order_id":"ord_b4489f21144d4d26a58f072c40e2c115","checkout_session_id":"cs_test_fixture48","product_id":"COM-BOOK-03","amount_minor":8900,"currency":"MYR"}
{"component":"commerce","event":"STRIPE_EVENT_RECEIVED","stripe_event_id":"evt_fixture22"}
{"component":"commerce","event":"ENTITLEMENT_GRANTED","order_id":"ord_b4489f21144d4d26a58f072c40e2c115","product_id":"COM-BOOK-03"}
{"component":"commerce","event":"PAYMENT_CONFIRMED","order_id":"ord_b4489f21144d4d26a58f072c40e2c115","stripe_event_id":"evt_fixture22","product_id":"COM-BOOK-03"}
{"component":"commerce","event":"CHECKOUT_CREATED","order_id":"ord_7bf25a95efe14fb7a87382316de6aacf","checkout_session_id":"cs_test_fixture50","product_id":"COM-BOOK-02","amount_minor":8900,"currency":"MYR"}
{"component":"commerce","event":"STRIPE_EVENT_RECEIVED","stripe_event_id":"evt_fixture23"}
{"component":"commerce","event":"ENTITLEMENT_GRANTED","order_id":"ord_7bf25a95efe14fb7a87382316de6aacf","product_id":"COM-BOOK-02"}
{"component":"commerce","event":"PAYMENT_CONFIRMED","order_id":"ord_7bf25a95efe14fb7a87382316de6aacf","stripe_event_id":"evt_fixture23","product_id":"COM-BOOK-02"}
{"component":"commerce","event":"CHECKOUT_CREATED","order_id":"ord_0bdadc9a1df442be96c96d67fc4291ce","checkout_session_id":"cs_test_fixture52","product_id":"COM-BOOK-01","amount_minor":8900,"currency":"MYR"}
{"component":"commerce","event":"STRIPE_EVENT_RECEIVED","stripe_event_id":"evt_fixture24"}
{"component":"commerce","event":"ENTITLEMENT_GRANTED","order_id":"ord_0bdadc9a1df442be96c96d67fc4291ce","product_id":"COM-BOOK-01"}
{"component":"commerce","event":"PAYMENT_CONFIRMED","order_id":"ord_0bdadc9a1df442be96c96d67fc4291ce","stripe_event_id":"evt_fixture24","product_id":"COM-BOOK-01"}
{"component":"commerce","event":"CHECKOUT_CREATED","order_id":"ord_ded6a034ff07472cab6e8dc9afe299e1","checkout_session_id":"cs_test_fixture54","product_id":"COM-READING-TAROT-FULL","amount_minor":1900,"currency":"MYR"}
{"component":"commerce","event":"STRIPE_EVENT_RECEIVED","stripe_event_id":"evt_fixture25"}
{"component":"commerce","event":"ENTITLEMENT_GRANTED","order_id":"ord_ded6a034ff07472cab6e8dc9afe299e1","product_id":"COM-READING-TAROT-FULL"}
{"component":"commerce","event":"PAYMENT_CONFIRMED","order_id":"ord_ded6a034ff07472cab6e8dc9afe299e1","stripe_event_id":"evt_fixture25","product_id":"COM-READING-TAROT-FULL"}
{"component":"commerce","event":"CHECKOUT_CREATED","order_id":"ord_111043d7cab64dd8a6d61a218896a318","checkout_session_id":"cs_test_fixture56","product_id":"COM-READING-ICHING-FULL","amount_minor":3900,"currency":"MYR"}
{"component":"commerce","event":"STRIPE_EVENT_RECEIVED","stripe_event_id":"evt_fixture26"}
{"component":"commerce","event":"ENTITLEMENT_GRANTED","order_id":"ord_111043d7cab64dd8a6d61a218896a318","product_id":"COM-READING-ICHING-FULL"}
{"component":"commerce","event":"PAYMENT_CONFIRMED","order_id":"ord_111043d7cab64dd8a6d61a218896a318","stripe_event_id":"evt_fixture26","product_id":"COM-READING-ICHING-FULL"}
{"component":"commerce","event":"CHECKOUT_CREATED","order_id":"ord_2078ce412326439c914d9de7428594a8","checkout_session_id":"cs_test_fixture58","product_id":"COM-BOOK-CONFIGURATION","amount_minor":10900,"currency":"MYR"}
{"component":"commerce","event":"STRIPE_EVENT_RECEIVED","stripe_event_id":"evt_fixture27"}
{"component":"commerce","event":"ENTITLEMENT_GRANTED","order_id":"ord_2078ce412326439c914d9de7428594a8","product_id":"COM-BOOK-CONFIGURATION"}
{"component":"commerce","event":"PAYMENT_CONFIRMED","order_id":"ord_2078ce412326439c914d9de7428594a8","stripe_event_id":"evt_fixture27","product_id":"COM-BOOK-CONFIGURATION"}
{"component":"commerce","event":"STRIPE_EVENT_RECEIVED","stripe_event_id":"evt_fixture28"}
{"component":"commerce","event":"SUBSCRIPTION_UPDATED","order_id":"ord_9d69b553764842a8bbd3dd349cb1d97e","stripe_event_id":"evt_fixture28","status":"active"}
{"component":"commerce","event":"STRIPE_EVENT_RECEIVED","stripe_event_id":"evt_fixture29"}
{"component":"commerce","event":"SUBSCRIPTION_UPDATED","order_id":"ord_9d69b553764842a8bbd3dd349cb1d97e","stripe_event_id":"evt_fixture29","status":"active"}
{"component":"commerce","event":"STRIPE_EVENT_RECEIVED","stripe_event_id":"evt_fixture30"}
{"component":"commerce","event":"SUBSCRIPTION_UPDATED","order_id":"ord_9d69b553764842a8bbd3dd349cb1d97e","stripe_event_id":"evt_fixture30","status":"past_due"}
{"component":"commerce","event":"STRIPE_EVENT_RECEIVED","stripe_event_id":"evt_fixture31"}
{"component":"commerce","event":"SUBSCRIPTION_UPDATED","order_id":"ord_9d69b553764842a8bbd3dd349cb1d97e","stripe_event_id":"evt_fixture31","status":"unpaid"}
{"component":"commerce","event":"STRIPE_EVENT_RECEIVED","stripe_event_id":"evt_fixture32"}
{"component":"commerce","event":"SUBSCRIPTION_UPDATED","order_id":"ord_9d69b553764842a8bbd3dd349cb1d97e","stripe_event_id":"evt_fixture32","status":"canceled"}
{"component":"commerce","event":"STRIPE_EVENT_RECEIVED","stripe_event_id":"evt_fixture33"}
{"component":"commerce","event":"REFUND_RECORDED","order_id":"ord_7f128495048a489dae088fc1f4808e71","stripe_event_id":"evt_fixture33"}
{"component":"commerce","event":"STRIPE_EVENT_RECEIVED","stripe_event_id":"evt_fixture34"}
{"component":"commerce","event":"REFUND_RECORDED","order_id":"ord_7f128495048a489dae088fc1f4808e71","stripe_event_id":"evt_fixture34"}
{"component":"commerce","event":"CHECKOUT_CREATED","order_id":"ord_a5acc908f2d44b6dbe077b0d4c6bc6a1","checkout_session_id":"cs_test_fixture60","product_id":"COM-REPORT-BUNDLE-3","amount_minor":14900,"currency":"MYR"}
{"component":"commerce","event":"STRIPE_EVENT_RECEIVED","stripe_event_id":"evt_fixture35"}
{"component":"commerce","event":"CHECKOUT_CREATED","order_id":"ord_e4b617731e274a8aa2fd0eb8cf8304fc","checkout_session_id":"cs_test_fixture63","product_id":"COM-REPORT-HD-FULL","amount_minor":12900,"currency":"MYR"}
{"component":"commerce","event":"STRIPE_EVENT_RECEIVED","stripe_event_id":"evt_retrydb"}
{"component":"commerce","event":"STRIPE_EVENT_RECEIVED","stripe_event_id":"evt_retrydb"}
{"component":"commerce","event":"ENTITLEMENT_GRANTED","order_id":"ord_e4b617731e274a8aa2fd0eb8cf8304fc","product_id":"COM-REPORT-HD-FULL"}
{"component":"commerce","event":"PAYMENT_CONFIRMED","order_id":"ord_e4b617731e274a8aa2fd0eb8cf8304fc","stripe_event_id":"evt_retrydb","product_id":"COM-REPORT-HD-FULL"}
{"component":"commerce","event":"CHECKOUT_CREATED","order_id":"ord_1632ca3acabc4f8397f13b6996dbeee8","checkout_session_id":"cs_test_fixture65","product_id":"COM-REPORT-ECR-FULL","amount_minor":12900,"currency":"MYR"}
{"component":"commerce","event":"STRIPE_EVENT_RECEIVED","stripe_event_id":"evt_fixture36"}
{"component":"commerce","event":"STRIPE_EVENT_RECEIVED","stripe_event_id":"evt_fixture37"}
{"component":"commerce","event":"PAYMENT_FAILED","order_id":"ord_1632ca3acabc4f8397f13b6996dbeee8","status":"PAYMENT_FAILED"}
{"component":"commerce","event":"STRIPE_EVENT_RECEIVED","stripe_event_id":"evt_fixture38"}
{"component":"commerce","event":"CHECKOUT_CREATED","order_id":"ord_83f23fe7b0a94a82868de715c107b97a","checkout_session_id":"cs_test_fixture69","product_id":"COM-REPORT-BUNDLE-2","amount_minor":10900,"currency":"MYR"}
{"component":"commerce","event":"STRIPE_EVENT_RECEIVED","stripe_event_id":"evt_fixture39"}
{"component":"commerce","event":"ENTITLEMENT_GRANTED","order_id":"ord_83f23fe7b0a94a82868de715c107b97a","product_id":"COM-REPORT-BUNDLE-2"}
{"component":"commerce","event":"PAYMENT_CONFIRMED","order_id":"ord_83f23fe7b0a94a82868de715c107b97a","stripe_event_id":"evt_fixture39","product_id":"COM-REPORT-BUNDLE-2"}
{"component":"commerce","event":"CHECKOUT_CREATED","order_id":"ord_6e6ecb8574da4436a2faa9622f0197d1","checkout_session_id":"cs_test_fixture71","product_id":"COM-REPORT-BUNDLE-3","amount_minor":15900,"currency":"MYR"}
{"component":"commerce","event":"STRIPE_EVENT_RECEIVED","stripe_event_id":"evt_fixture40"}
{"component":"commerce","event":"ENTITLEMENT_GRANTED","order_id":"ord_6e6ecb8574da4436a2faa9622f0197d1","product_id":"COM-REPORT-BUNDLE-3"}
{"component":"commerce","event":"PAYMENT_CONFIRMED","order_id":"ord_6e6ecb8574da4436a2faa9622f0197d1","stripe_event_id":"evt_fixture40","product_id":"COM-REPORT-BUNDLE-3"}
{"component":"commerce","event":"CHECKOUT_CREATED","order_id":"ord_42c95065effa41c6964930b2ef033057","checkout_session_id":"cs_test_fixture73","product_id":"COM-REPORT-HD-FULL","amount_minor":13900,"currency":"MYR"}
{"component":"commerce","event":"STRIPE_EVENT_RECEIVED","stripe_event_id":"evt_fixture41"}
{"component":"commerce","event":"CHECKOUT_CREATED","order_id":"ord_96364e3b7bac49b7903aa8ef071297fb","checkout_session_id":"cs_test_fixture75","product_id":"COM-REPORT-BUNDLE-2","amount_minor":9900,"currency":"MYR"}
{"component":"commerce","event":"CHECKOUT_CREATED","order_id":"ord_226a00a9642f45cf89146c058df61516","checkout_session_id":"cs_test_fixture77","product_id":"COM-REPORT-BUNDLE-2","amount_minor":10900,"currency":"MYR"}
{"component":"commerce","event":"CHECKOUT_CREATED","order_id":"ord_2cbd42b9768b452c9a8603b356906214","checkout_session_id":"cs_test_fixture79","product_id":"COM-REPORT-BUNDLE-3","amount_minor":14900,"currency":"MYR"}
{"component":"commerce","event":"CHECKOUT_CREATED","order_id":"ord_ee77a25fc2154cf5be61f977cf665c88","checkout_session_id":"cs_test_fixture81","product_id":"COM-REPORT-BUNDLE-3","amount_minor":15900,"currency":"MYR"}
COM-STRIPE-R1: 17 machine groups PASS (local fixtures; provider E2E NOT_RUN).
npm warn Unknown env config "http-proxy". This will stop working in the next major version of npm.
