
> check:commerce-stripe
> node scripts/run-zero-cost-regression.mjs check:commerce-stripe

{"component":"commerce","event":"CHECKOUT_CREATED","order_id":"ord_b9be8022737b4ccb9f86125f51827dae","checkout_session_id":"cs_test_fixture9","product_id":"COM-REPORT-BUNDLE-2","amount_minor":9900,"currency":"MYR"}
{"component":"commerce","event":"STRIPE_EVENT_RECEIVED","stripe_event_id":"evt_fixture1"}
{"component":"commerce","event":"STRIPE_EVENT_RECEIVED","stripe_event_id":"evt_duplicate"}
{"component":"commerce","event":"ENTITLEMENT_GRANTED","order_id":"ord_b9be8022737b4ccb9f86125f51827dae","product_id":"COM-REPORT-BUNDLE-2"}
{"component":"commerce","event":"PAYMENT_CONFIRMED","order_id":"ord_b9be8022737b4ccb9f86125f51827dae","stripe_event_id":"evt_duplicate","product_id":"COM-REPORT-BUNDLE-2"}
{"component":"commerce","event":"STRIPE_EVENT_RECEIVED","stripe_event_id":"evt_duplicate"}
{"component":"commerce","event":"ENTITLEMENT_SKIPPED_DUPLICATE","stripe_event_id":"evt_duplicate"}
{"component":"commerce","event":"STRIPE_EVENT_RECEIVED","stripe_event_id":"evt_fixture2"}
{"component":"commerce","event":"ENTITLEMENT_SKIPPED_DUPLICATE","order_id":"ord_b9be8022737b4ccb9f86125f51827dae","product_id":"COM-REPORT-BUNDLE-2"}
{"component":"commerce","event":"PAYMENT_CONFIRMED","order_id":"ord_b9be8022737b4ccb9f86125f51827dae","stripe_event_id":"evt_fixture2","product_id":"COM-REPORT-BUNDLE-2"}
{"component":"commerce","event":"STRIPE_EVENT_RECEIVED","stripe_event_id":"evt_fixture3"}
{"component":"commerce","event":"ENTITLEMENT_SKIPPED_DUPLICATE","order_id":"ord_b9be8022737b4ccb9f86125f51827dae","product_id":"COM-REPORT-BUNDLE-2"}
{"component":"commerce","event":"PAYMENT_CONFIRMED","order_id":"ord_b9be8022737b4ccb9f86125f51827dae","stripe_event_id":"evt_fixture3","product_id":"COM-REPORT-BUNDLE-2"}
{"component":"commerce","event":"STRIPE_EVENT_RECEIVED","stripe_event_id":"evt_fixture4"}
{"component":"commerce","event":"STRIPE_EVENT_RECEIVED","stripe_event_id":"evt_received"}
{"component":"commerce","event":"ENTITLEMENT_SKIPPED_DUPLICATE","order_id":"ord_b9be8022737b4ccb9f86125f51827dae","product_id":"COM-REPORT-BUNDLE-2"}
{"component":"commerce","event":"PAYMENT_CONFIRMED","order_id":"ord_b9be8022737b4ccb9f86125f51827dae","stripe_event_id":"evt_received","product_id":"COM-REPORT-BUNDLE-2"}
{"component":"commerce","event":"CHECKOUT_CREATED","order_id":"ord_0312fa8c37924fcf84eeb67f9dc43a38","checkout_session_id":"cs_test_fixture14","product_id":"COM-SERVICE-NATURAL-HEALER","amount_minor":10000,"currency":"MYR"}
{"component":"commerce","event":"STRIPE_EVENT_RECEIVED","stripe_event_id":"evt_fixture5"}
{"component":"commerce","event":"FULFILLMENT_CREATED","order_id":"ord_0312fa8c37924fcf84eeb67f9dc43a38","product_id":"COM-SERVICE-NATURAL-HEALER"}
{"component":"commerce","event":"PAYMENT_CONFIRMED","order_id":"ord_0312fa8c37924fcf84eeb67f9dc43a38","stripe_event_id":"evt_fixture5","product_id":"COM-SERVICE-NATURAL-HEALER"}
{"component":"commerce","event":"CHECKOUT_CREATED","order_id":"ord_ab85f4cdcf7d483bbe182cd7452b979c","checkout_session_id":"cs_test_fixture16","product_id":"COM-SERVICE-CASH-FLOW-GAME","amount_minor":10000,"currency":"MYR"}
{"component":"commerce","event":"STRIPE_EVENT_RECEIVED","stripe_event_id":"evt_fixture6"}
{"component":"commerce","event":"FULFILLMENT_CREATED","order_id":"ord_ab85f4cdcf7d483bbe182cd7452b979c","product_id":"COM-SERVICE-CASH-FLOW-GAME"}
{"component":"commerce","event":"PAYMENT_CONFIRMED","order_id":"ord_ab85f4cdcf7d483bbe182cd7452b979c","stripe_event_id":"evt_fixture6","product_id":"COM-SERVICE-CASH-FLOW-GAME"}
{"component":"commerce","event":"CHECKOUT_CREATED","order_id":"ord_440698b458714cb19b787f22b8844a1e","checkout_session_id":"cs_test_fixture18","product_id":"COM-SERVICE-FINANCIAL-CONSULTATION","amount_minor":10000,"currency":"MYR"}
{"component":"commerce","event":"STRIPE_EVENT_RECEIVED","stripe_event_id":"evt_fixture7"}
{"component":"commerce","event":"FULFILLMENT_CREATED","order_id":"ord_440698b458714cb19b787f22b8844a1e","product_id":"COM-SERVICE-FINANCIAL-CONSULTATION"}
{"component":"commerce","event":"PAYMENT_CONFIRMED","order_id":"ord_440698b458714cb19b787f22b8844a1e","stripe_event_id":"evt_fixture7","product_id":"COM-SERVICE-FINANCIAL-CONSULTATION"}
{"component":"commerce","event":"CHECKOUT_CREATED","order_id":"ord_1d0574d5e0e54696bce975793f85ce11","checkout_session_id":"cs_test_fixture20","product_id":"COM-SUBSCRIPTION-MONTHLY","amount_minor":1900,"currency":"MYR"}
{"component":"commerce","event":"STRIPE_EVENT_RECEIVED","stripe_event_id":"evt_fixture8"}
{"component":"commerce","event":"PAYMENT_CONFIRMED","order_id":"ord_1d0574d5e0e54696bce975793f85ce11","stripe_event_id":"evt_fixture8","product_id":"COM-SUBSCRIPTION-MONTHLY"}
{"component":"commerce","event":"CHECKOUT_CREATED","order_id":"ord_d14ac72f6a6340709a7c3c4da27d324c","checkout_session_id":"cs_test_fixture22","product_id":"COM-WILL-WRITING","amount_minor":2900,"currency":"MYR"}
{"component":"commerce","event":"STRIPE_EVENT_RECEIVED","stripe_event_id":"evt_fixture9"}
{"component":"commerce","event":"FULFILLMENT_CREATED","order_id":"ord_d14ac72f6a6340709a7c3c4da27d324c","product_id":"COM-WILL-WRITING"}
{"component":"commerce","event":"PAYMENT_CONFIRMED","order_id":"ord_d14ac72f6a6340709a7c3c4da27d324c","stripe_event_id":"evt_fixture9","product_id":"COM-WILL-WRITING"}
{"component":"commerce","event":"CHECKOUT_CREATED","order_id":"ord_edae3e3bf09140acaa66deda0e823cbe","checkout_session_id":"cs_test_fixture24","product_id":"COM-REPORT-FINANCIAL-FULL","amount_minor":15900,"currency":"MYR"}
{"component":"commerce","event":"STRIPE_EVENT_RECEIVED","stripe_event_id":"evt_fixture10"}
{"component":"commerce","event":"FULFILLMENT_CREATED","order_id":"ord_edae3e3bf09140acaa66deda0e823cbe","product_id":"COM-REPORT-FINANCIAL-FULL"}
{"component":"commerce","event":"PAYMENT_CONFIRMED","order_id":"ord_edae3e3bf09140acaa66deda0e823cbe","stripe_event_id":"evt_fixture10","product_id":"COM-REPORT-FINANCIAL-FULL"}
{"component":"commerce","event":"CHECKOUT_CREATED","order_id":"ord_4aee84f576194eb58737a815ae92642b","checkout_session_id":"cs_test_fixture26","product_id":"COM-REPORT-ECR-FULL","amount_minor":12900,"currency":"MYR"}
{"component":"commerce","event":"STRIPE_EVENT_RECEIVED","stripe_event_id":"evt_fixture11"}
{"component":"commerce","event":"ENTITLEMENT_GRANTED","order_id":"ord_4aee84f576194eb58737a815ae92642b","product_id":"COM-REPORT-ECR-FULL"}
{"component":"commerce","event":"PAYMENT_CONFIRMED","order_id":"ord_4aee84f576194eb58737a815ae92642b","stripe_event_id":"evt_fixture11","product_id":"COM-REPORT-ECR-FULL"}
{"component":"commerce","event":"CHECKOUT_CREATED","order_id":"ord_b7d4f7144ff146e194abdf1e5ce8a670","checkout_session_id":"cs_test_fixture28","product_id":"COM-REPORT-CROSS-FULL","amount_minor":29900,"currency":"MYR"}
{"component":"commerce","event":"STRIPE_EVENT_RECEIVED","stripe_event_id":"evt_fixture12"}
{"component":"commerce","event":"ENTITLEMENT_GRANTED","order_id":"ord_b7d4f7144ff146e194abdf1e5ce8a670","product_id":"COM-REPORT-CROSS-FULL"}
{"component":"commerce","event":"PAYMENT_CONFIRMED","order_id":"ord_b7d4f7144ff146e194abdf1e5ce8a670","stripe_event_id":"evt_fixture12","product_id":"COM-REPORT-CROSS-FULL"}
{"component":"commerce","event":"CHECKOUT_CREATED","order_id":"ord_81eccd67e6994021b63f60d58d85afce","checkout_session_id":"cs_test_fixture30","product_id":"COM-REPORT-HD-FULL","amount_minor":12900,"currency":"MYR"}
{"component":"commerce","event":"STRIPE_EVENT_RECEIVED","stripe_event_id":"evt_fixture13"}
{"component":"commerce","event":"ENTITLEMENT_GRANTED","order_id":"ord_81eccd67e6994021b63f60d58d85afce","product_id":"COM-REPORT-HD-FULL"}
{"component":"commerce","event":"PAYMENT_CONFIRMED","order_id":"ord_81eccd67e6994021b63f60d58d85afce","stripe_event_id":"evt_fixture13","product_id":"COM-REPORT-HD-FULL"}
{"component":"commerce","event":"CHECKOUT_CREATED","order_id":"ord_52339e3b509e414b82fdf4e31fa31cb0","checkout_session_id":"cs_test_fixture32","product_id":"COM-REPORT-PROFILE-FULL","amount_minor":12900,"currency":"MYR"}
{"component":"commerce","event":"STRIPE_EVENT_RECEIVED","stripe_event_id":"evt_fixture14"}
{"component":"commerce","event":"ENTITLEMENT_GRANTED","order_id":"ord_52339e3b509e414b82fdf4e31fa31cb0","product_id":"COM-REPORT-PROFILE-FULL"}
{"component":"commerce","event":"PAYMENT_CONFIRMED","order_id":"ord_52339e3b509e414b82fdf4e31fa31cb0","stripe_event_id":"evt_fixture14","product_id":"COM-REPORT-PROFILE-FULL"}
{"component":"commerce","event":"CHECKOUT_CREATED","order_id":"ord_3fb80c3bce8b4874a0ebd1de0ba6a158","checkout_session_id":"cs_test_fixture34","product_id":"COM-REPORT-NUMEROLOGY-FULL","amount_minor":3900,"currency":"MYR"}
{"component":"commerce","event":"STRIPE_EVENT_RECEIVED","stripe_event_id":"evt_fixture15"}
{"component":"commerce","event":"ENTITLEMENT_GRANTED","order_id":"ord_3fb80c3bce8b4874a0ebd1de0ba6a158","product_id":"COM-REPORT-NUMEROLOGY-FULL"}
{"component":"commerce","event":"PAYMENT_CONFIRMED","order_id":"ord_3fb80c3bce8b4874a0ebd1de0ba6a158","stripe_event_id":"evt_fixture15","product_id":"COM-REPORT-NUMEROLOGY-FULL"}
{"component":"commerce","event":"CHECKOUT_CREATED","order_id":"ord_0d0ab1208c684190ab1e391622e3467a","checkout_session_id":"cs_test_fixture36","product_id":"COM-REPORT-ASTROLOGY-FULL","amount_minor":5900,"currency":"MYR"}
{"component":"commerce","event":"STRIPE_EVENT_RECEIVED","stripe_event_id":"evt_fixture16"}
{"component":"commerce","event":"ENTITLEMENT_GRANTED","order_id":"ord_0d0ab1208c684190ab1e391622e3467a","product_id":"COM-REPORT-ASTROLOGY-FULL"}
{"component":"commerce","event":"PAYMENT_CONFIRMED","order_id":"ord_0d0ab1208c684190ab1e391622e3467a","stripe_event_id":"evt_fixture16","product_id":"COM-REPORT-ASTROLOGY-FULL"}
{"component":"commerce","event":"CHECKOUT_CREATED","order_id":"ord_2583c77613154ce89f00d8cd44e1bb28","checkout_session_id":"cs_test_fixture38","product_id":"COM-REPORT-ZIWEI-FULL","amount_minor":5900,"currency":"MYR"}
{"component":"commerce","event":"STRIPE_EVENT_RECEIVED","stripe_event_id":"evt_fixture17"}
{"component":"commerce","event":"ENTITLEMENT_GRANTED","order_id":"ord_2583c77613154ce89f00d8cd44e1bb28","product_id":"COM-REPORT-ZIWEI-FULL"}
{"component":"commerce","event":"PAYMENT_CONFIRMED","order_id":"ord_2583c77613154ce89f00d8cd44e1bb28","stripe_event_id":"evt_fixture17","product_id":"COM-REPORT-ZIWEI-FULL"}
{"component":"commerce","event":"CHECKOUT_CREATED","order_id":"ord_9868423e62c84b50be512f1f1dc3642e","checkout_session_id":"cs_test_fixture40","product_id":"COM-REPORT-BAZI-FULL","amount_minor":5900,"currency":"MYR"}
{"component":"commerce","event":"STRIPE_EVENT_RECEIVED","stripe_event_id":"evt_fixture18"}
{"component":"commerce","event":"ENTITLEMENT_GRANTED","order_id":"ord_9868423e62c84b50be512f1f1dc3642e","product_id":"COM-REPORT-BAZI-FULL"}
{"component":"commerce","event":"PAYMENT_CONFIRMED","order_id":"ord_9868423e62c84b50be512f1f1dc3642e","stripe_event_id":"evt_fixture18","product_id":"COM-REPORT-BAZI-FULL"}
{"component":"commerce","event":"CHECKOUT_CREATED","order_id":"ord_ed0abc646ee64265a6d8169bba22474d","checkout_session_id":"cs_test_fixture42","product_id":"COM-BOOK-06","amount_minor":5900,"currency":"MYR"}
{"component":"commerce","event":"STRIPE_EVENT_RECEIVED","stripe_event_id":"evt_fixture19"}
{"component":"commerce","event":"ENTITLEMENT_GRANTED","order_id":"ord_ed0abc646ee64265a6d8169bba22474d","product_id":"COM-BOOK-06"}
{"component":"commerce","event":"PAYMENT_CONFIRMED","order_id":"ord_ed0abc646ee64265a6d8169bba22474d","stripe_event_id":"evt_fixture19","product_id":"COM-BOOK-06"}
{"component":"commerce","event":"CHECKOUT_CREATED","order_id":"ord_488190328a994307a17a3aeeefce6f35","checkout_session_id":"cs_test_fixture44","product_id":"COM-BOOK-05","amount_minor":10900,"currency":"MYR"}
{"component":"commerce","event":"STRIPE_EVENT_RECEIVED","stripe_event_id":"evt_fixture20"}
{"component":"commerce","event":"ENTITLEMENT_GRANTED","order_id":"ord_488190328a994307a17a3aeeefce6f35","product_id":"COM-BOOK-05"}
{"component":"commerce","event":"PAYMENT_CONFIRMED","order_id":"ord_488190328a994307a17a3aeeefce6f35","stripe_event_id":"evt_fixture20","product_id":"COM-BOOK-05"}
{"component":"commerce","event":"CHECKOUT_CREATED","order_id":"ord_50cae96088304a31b0721200cfdec640","checkout_session_id":"cs_test_fixture46","product_id":"COM-BOOK-04","amount_minor":8900,"currency":"MYR"}
{"component":"commerce","event":"STRIPE_EVENT_RECEIVED","stripe_event_id":"evt_fixture21"}
{"component":"commerce","event":"ENTITLEMENT_GRANTED","order_id":"ord_50cae96088304a31b0721200cfdec640","product_id":"COM-BOOK-04"}
{"component":"commerce","event":"PAYMENT_CONFIRMED","order_id":"ord_50cae96088304a31b0721200cfdec640","stripe_event_id":"evt_fixture21","product_id":"COM-BOOK-04"}
{"component":"commerce","event":"CHECKOUT_CREATED","order_id":"ord_629cbed4d76b419d87e339a3c7acc4e8","checkout_session_id":"cs_test_fixture48","product_id":"COM-BOOK-03","amount_minor":8900,"currency":"MYR"}
{"component":"commerce","event":"STRIPE_EVENT_RECEIVED","stripe_event_id":"evt_fixture22"}
{"component":"commerce","event":"ENTITLEMENT_GRANTED","order_id":"ord_629cbed4d76b419d87e339a3c7acc4e8","product_id":"COM-BOOK-03"}
{"component":"commerce","event":"PAYMENT_CONFIRMED","order_id":"ord_629cbed4d76b419d87e339a3c7acc4e8","stripe_event_id":"evt_fixture22","product_id":"COM-BOOK-03"}
{"component":"commerce","event":"CHECKOUT_CREATED","order_id":"ord_3dc4267778d54662a5b1205c20d7c71e","checkout_session_id":"cs_test_fixture50","product_id":"COM-BOOK-02","amount_minor":8900,"currency":"MYR"}
{"component":"commerce","event":"STRIPE_EVENT_RECEIVED","stripe_event_id":"evt_fixture23"}
{"component":"commerce","event":"ENTITLEMENT_GRANTED","order_id":"ord_3dc4267778d54662a5b1205c20d7c71e","product_id":"COM-BOOK-02"}
{"component":"commerce","event":"PAYMENT_CONFIRMED","order_id":"ord_3dc4267778d54662a5b1205c20d7c71e","stripe_event_id":"evt_fixture23","product_id":"COM-BOOK-02"}
{"component":"commerce","event":"CHECKOUT_CREATED","order_id":"ord_03467bec811e4723a2ce19508f2d1e6a","checkout_session_id":"cs_test_fixture52","product_id":"COM-BOOK-01","amount_minor":8900,"currency":"MYR"}
{"component":"commerce","event":"STRIPE_EVENT_RECEIVED","stripe_event_id":"evt_fixture24"}
{"component":"commerce","event":"ENTITLEMENT_GRANTED","order_id":"ord_03467bec811e4723a2ce19508f2d1e6a","product_id":"COM-BOOK-01"}
{"component":"commerce","event":"PAYMENT_CONFIRMED","order_id":"ord_03467bec811e4723a2ce19508f2d1e6a","stripe_event_id":"evt_fixture24","product_id":"COM-BOOK-01"}
{"component":"commerce","event":"CHECKOUT_CREATED","order_id":"ord_d009053df5a949fc95dc9871fb14581f","checkout_session_id":"cs_test_fixture54","product_id":"COM-READING-TAROT-FULL","amount_minor":1900,"currency":"MYR"}
{"component":"commerce","event":"STRIPE_EVENT_RECEIVED","stripe_event_id":"evt_fixture25"}
{"component":"commerce","event":"ENTITLEMENT_GRANTED","order_id":"ord_d009053df5a949fc95dc9871fb14581f","product_id":"COM-READING-TAROT-FULL"}
{"component":"commerce","event":"PAYMENT_CONFIRMED","order_id":"ord_d009053df5a949fc95dc9871fb14581f","stripe_event_id":"evt_fixture25","product_id":"COM-READING-TAROT-FULL"}
{"component":"commerce","event":"CHECKOUT_CREATED","order_id":"ord_37bd360900e44406ac463f873cbd8246","checkout_session_id":"cs_test_fixture56","product_id":"COM-READING-ICHING-FULL","amount_minor":3900,"currency":"MYR"}
{"component":"commerce","event":"STRIPE_EVENT_RECEIVED","stripe_event_id":"evt_fixture26"}
{"component":"commerce","event":"ENTITLEMENT_GRANTED","order_id":"ord_37bd360900e44406ac463f873cbd8246","product_id":"COM-READING-ICHING-FULL"}
{"component":"commerce","event":"PAYMENT_CONFIRMED","order_id":"ord_37bd360900e44406ac463f873cbd8246","stripe_event_id":"evt_fixture26","product_id":"COM-READING-ICHING-FULL"}
{"component":"commerce","event":"CHECKOUT_CREATED","order_id":"ord_6d8cc8a8786e45f99556d004de93fa04","checkout_session_id":"cs_test_fixture58","product_id":"COM-BOOK-CONFIGURATION","amount_minor":10900,"currency":"MYR"}
{"component":"commerce","event":"STRIPE_EVENT_RECEIVED","stripe_event_id":"evt_fixture27"}
{"component":"commerce","event":"ENTITLEMENT_GRANTED","order_id":"ord_6d8cc8a8786e45f99556d004de93fa04","product_id":"COM-BOOK-CONFIGURATION"}
{"component":"commerce","event":"PAYMENT_CONFIRMED","order_id":"ord_6d8cc8a8786e45f99556d004de93fa04","stripe_event_id":"evt_fixture27","product_id":"COM-BOOK-CONFIGURATION"}
{"component":"commerce","event":"STRIPE_EVENT_RECEIVED","stripe_event_id":"evt_fixture28"}
{"component":"commerce","event":"SUBSCRIPTION_UPDATED","order_id":"ord_1d0574d5e0e54696bce975793f85ce11","stripe_event_id":"evt_fixture28","status":"active"}
{"component":"commerce","event":"STRIPE_EVENT_RECEIVED","stripe_event_id":"evt_fixture29"}
{"component":"commerce","event":"SUBSCRIPTION_UPDATED","order_id":"ord_1d0574d5e0e54696bce975793f85ce11","stripe_event_id":"evt_fixture29","status":"active"}
{"component":"commerce","event":"STRIPE_EVENT_RECEIVED","stripe_event_id":"evt_fixture30"}
{"component":"commerce","event":"SUBSCRIPTION_UPDATED","order_id":"ord_1d0574d5e0e54696bce975793f85ce11","stripe_event_id":"evt_fixture30","status":"past_due"}
{"component":"commerce","event":"STRIPE_EVENT_RECEIVED","stripe_event_id":"evt_fixture31"}
{"component":"commerce","event":"SUBSCRIPTION_UPDATED","order_id":"ord_1d0574d5e0e54696bce975793f85ce11","stripe_event_id":"evt_fixture31","status":"unpaid"}
{"component":"commerce","event":"STRIPE_EVENT_RECEIVED","stripe_event_id":"evt_fixture32"}
{"component":"commerce","event":"SUBSCRIPTION_UPDATED","order_id":"ord_1d0574d5e0e54696bce975793f85ce11","stripe_event_id":"evt_fixture32","status":"canceled"}
{"component":"commerce","event":"STRIPE_EVENT_RECEIVED","stripe_event_id":"evt_fixture33"}
{"component":"commerce","event":"REFUND_RECORDED","order_id":"ord_b9be8022737b4ccb9f86125f51827dae","stripe_event_id":"evt_fixture33"}
{"component":"commerce","event":"STRIPE_EVENT_RECEIVED","stripe_event_id":"evt_fixture34"}
{"component":"commerce","event":"REFUND_RECORDED","order_id":"ord_b9be8022737b4ccb9f86125f51827dae","stripe_event_id":"evt_fixture34"}
{"component":"commerce","event":"CHECKOUT_CREATED","order_id":"ord_497e8d3d34da4e0cb835217973d3aed8","checkout_session_id":"cs_test_fixture60","product_id":"COM-REPORT-BUNDLE-3","amount_minor":14900,"currency":"MYR"}
{"component":"commerce","event":"STRIPE_EVENT_RECEIVED","stripe_event_id":"evt_fixture35"}
{"component":"commerce","event":"CHECKOUT_CREATED","order_id":"ord_ffc36c7df54a4c05b37b8daf1d4af30b","checkout_session_id":"cs_test_fixture63","product_id":"COM-REPORT-HD-FULL","amount_minor":12900,"currency":"MYR"}
{"component":"commerce","event":"STRIPE_EVENT_RECEIVED","stripe_event_id":"evt_retrydb"}
{"component":"commerce","event":"STRIPE_EVENT_RECEIVED","stripe_event_id":"evt_retrydb"}
{"component":"commerce","event":"ENTITLEMENT_GRANTED","order_id":"ord_ffc36c7df54a4c05b37b8daf1d4af30b","product_id":"COM-REPORT-HD-FULL"}
{"component":"commerce","event":"PAYMENT_CONFIRMED","order_id":"ord_ffc36c7df54a4c05b37b8daf1d4af30b","stripe_event_id":"evt_retrydb","product_id":"COM-REPORT-HD-FULL"}
{"component":"commerce","event":"CHECKOUT_CREATED","order_id":"ord_269b23dc0dcb471f92d98432012a9794","checkout_session_id":"cs_test_fixture65","product_id":"COM-REPORT-ECR-FULL","amount_minor":12900,"currency":"MYR"}
{"component":"commerce","event":"STRIPE_EVENT_RECEIVED","stripe_event_id":"evt_fixture36"}
{"component":"commerce","event":"STRIPE_EVENT_RECEIVED","stripe_event_id":"evt_fixture37"}
{"component":"commerce","event":"PAYMENT_FAILED","order_id":"ord_269b23dc0dcb471f92d98432012a9794","status":"PAYMENT_FAILED"}
{"component":"commerce","event":"STRIPE_EVENT_RECEIVED","stripe_event_id":"evt_fixture38"}
{"component":"commerce","event":"CHECKOUT_CREATED","order_id":"ord_2a30cc354ce443f7ad9fd049d87fc868","checkout_session_id":"cs_test_fixture69","product_id":"COM-REPORT-BUNDLE-2","amount_minor":10900,"currency":"MYR"}
{"component":"commerce","event":"STRIPE_EVENT_RECEIVED","stripe_event_id":"evt_fixture39"}
{"component":"commerce","event":"ENTITLEMENT_GRANTED","order_id":"ord_2a30cc354ce443f7ad9fd049d87fc868","product_id":"COM-REPORT-BUNDLE-2"}
{"component":"commerce","event":"PAYMENT_CONFIRMED","order_id":"ord_2a30cc354ce443f7ad9fd049d87fc868","stripe_event_id":"evt_fixture39","product_id":"COM-REPORT-BUNDLE-2"}
{"component":"commerce","event":"CHECKOUT_CREATED","order_id":"ord_599cf2cc18f2438eb35131da5dafe7a9","checkout_session_id":"cs_test_fixture71","product_id":"COM-REPORT-BUNDLE-3","amount_minor":15900,"currency":"MYR"}
{"component":"commerce","event":"STRIPE_EVENT_RECEIVED","stripe_event_id":"evt_fixture40"}
{"component":"commerce","event":"ENTITLEMENT_GRANTED","order_id":"ord_599cf2cc18f2438eb35131da5dafe7a9","product_id":"COM-REPORT-BUNDLE-3"}
{"component":"commerce","event":"PAYMENT_CONFIRMED","order_id":"ord_599cf2cc18f2438eb35131da5dafe7a9","stripe_event_id":"evt_fixture40","product_id":"COM-REPORT-BUNDLE-3"}
{"component":"commerce","event":"CHECKOUT_CREATED","order_id":"ord_b3286d00b5ae49d184d91f06728d98d1","checkout_session_id":"cs_test_fixture73","product_id":"COM-REPORT-HD-FULL","amount_minor":13900,"currency":"MYR"}
{"component":"commerce","event":"STRIPE_EVENT_RECEIVED","stripe_event_id":"evt_fixture41"}
{"component":"commerce","event":"CHECKOUT_CREATED","order_id":"ord_70aad9ba28cb4b20912b63c714729a99","checkout_session_id":"cs_test_fixture75","product_id":"COM-REPORT-BUNDLE-2","amount_minor":9900,"currency":"MYR"}
{"component":"commerce","event":"CHECKOUT_CREATED","order_id":"ord_ba03d54827764109935e3254e4d8b2ba","checkout_session_id":"cs_test_fixture77","product_id":"COM-REPORT-BUNDLE-2","amount_minor":10900,"currency":"MYR"}
{"component":"commerce","event":"CHECKOUT_CREATED","order_id":"ord_90b58763d2f64e758f9ff7cd631156f6","checkout_session_id":"cs_test_fixture79","product_id":"COM-REPORT-BUNDLE-3","amount_minor":14900,"currency":"MYR"}
{"component":"commerce","event":"CHECKOUT_CREATED","order_id":"ord_0c948d7a99c441eabd87fef5f311c310","checkout_session_id":"cs_test_fixture81","product_id":"COM-REPORT-BUNDLE-3","amount_minor":15900,"currency":"MYR"}
COM-STRIPE-R1: 17 machine groups PASS (local fixtures; provider E2E NOT_RUN).
npm warn Unknown env config "http-proxy". This will stop working in the next major version of npm.
