
> check:stage16
> node scripts/run-zero-cost-regression.mjs check:stage16


> check:client-intent-router
> node scripts/run-zero-cost-regression.mjs check:client-intent-router


node:internal/modules/run_main:107
    triggerUncaughtException(
    ^

AssertionError [ERR_ASSERTION]: The expression evaluated to a falsy value:

  assert.ok(index.includes('data-cir-root'))

    at file:///C:/phios/scripts/check-stage16-client-intent-router.mjs:19:39
    at ModuleJob.run (node:internal/modules/esm/module_job:439:25)
    at async node:internal/modules/esm/loader:643:26
    at async asyncRunEntryPointWithESMLoader (node:internal/modules/run_main:101:5) {
  generatedMessage: true,
  code: 'ERR_ASSERTION',
  actual: false,
  expected: true,
  operator: '==',
  diff: 'simple'
}

Node.js v24.18.0
