
> check:kap
> node scripts/run-zero-cost-regression.mjs check:kap


> check:kap-reconciliation
> node scripts/run-zero-cost-regression.mjs check:kap-reconciliation

✓ KAP Phase 1 authority artifact reconciliation passed.

> check:kap-foundation
> node scripts/run-zero-cost-regression.mjs check:kap-foundation

✓ KAP-W0 Existing Runtime Capability Audit passed.
✓ KAP-W1 Knowledge / Answer / Publication / Reality Reading Authority Boundary passed.
✓ KAP-W2 QuestionScopedKnowledgeAnswer foundation contract passed.
✓ KAP-W3 Client Answer Level Registry passed.
✓ KAP Phase 1 W0-W3 Authority Foundation accepted and frozen.
  Knowledge / Answer / Publication / Reality Reading boundaries remain frozen; KAP-W0-W3 themselves create no MCD, AI, Guided Reading or client-surface authority.

> check:kap-grounding
> node scripts/run-zero-cost-regression.mjs check:kap-grounding

✓ KAP-W4 Question Intake passed.
✓ KAP-W5 Question Normalization passed.
✓ KAP-W6 Knowledge Retrieval reuse passed.
✓ KAP-W7 Canonical Node Matching passed.
✓ KAP-W8 Relationship Expansion passed.
✓ KAP-W9 Knowledge Grounding Bundle passed.
✓ KAP-W10 Coverage Evaluation passed.
✓ KAP Phase 2 W4-W10 Knowledge Grounding accepted and frozen.
  ASK_PHIOS now resolves Question → KSAR retrieval → governed node/relationship grounding → coverage; Answer Composition remains deferred to KAP-W11.

> check:kap-answer
> node scripts/run-zero-cost-regression.mjs check:kap-answer

✓ KAP-W11 Deterministic Answer First passed.
✓ KAP-W12 Answer Depth Profiles passed.
✓ KAP-W13 AI Assistance Eligibility passed.
✓ KAP-W14 AI Authority Boundary passed.
✓ KAP-W15 AI Cost Routing passed.
✓ KAP-W16 Answer Source Projection passed.
✓ KAP-W17 Unknown boundary current successor passed after P1 physical delete: Contextual Ask exposes limits while legacy Knowledge Search presentation is absent.
✓ KAP-W11-W17 current answer semantics passed with presentation fingerprint decoupled.
  knowledge-search HTML/CSS may evolve by semantic contract; CKA JS/API runtime fingerprints and authority boundaries remain fail-closed.

> check:kap-guided
> node scripts/run-zero-cost-regression.mjs check:kap-guided

✓ W18 passed.
✓ W18A passed.
✓ W18B passed.
✓ W18C passed.
✓ W18D passed.
✓ W19 passed.
✓ W20 passed.
✓ W21 passed.
✓ W22 passed.
✓ KAP-W18-W22 Guided Reading accepted: limited context, MCD-8 canonical projection handoff, deterministic recomposition and explicit stop conditions are active.

> check:kap-complexity
> node scripts/run-zero-cost-regression.mjs check:kap-complexity

✓ KAP-W23 passed.
✓ KAP-W24 passed.
✓ KAP-W25 passed.
✓ KAP-W23-W25 predecessor Complexity semantics preserved under KAP-W26 Reality Handoff successor; W24 remains the decisive Reality Model requirement test and W25 remains routing aid only.

> check:kap-handoff
> node scripts/run-zero-cost-regression.mjs check:kap-handoff

✓ KAP-W26 passed.
✓ KAP-W27 passed.
✓ KAP-W28 passed.
✓ KAP-W29 passed.
✓ KAP-W26-W29 Reality Journey handoff accepted: client-visible escalation reason, explicit consent, Reality Entry Seed reuse and provenance-separated Knowledge/Method handoff are active without creating a Canonical Case or Reality Model.
