
> check:profile:final
> node scripts/run-zero-cost-regression.mjs check:profile:final


> check:profile:w0-w10f
> node scripts/run-zero-cost-regression.mjs check:profile:w0-w10f


> check:profile:w0-w10
> node scripts/run-zero-cost-regression.mjs check:profile:w0-w10


> check:profile:w0-w6
> node scripts/run-zero-cost-regression.mjs check:profile:w0-w6

✓ PRF-W0 source-class contract + A0 authority reconciliation passed.
✓ PRF-W1 external Profile import preserves provider identity and explicit customer provenance.
✓ PRF-W2 provider capability registry fails closed on testing, scoring and relationship comparison.
✓ PRF-W3 Self-Assessment v2: 6 domains × 5 facets, bilingual and explicitly non-diagnostic.
✓ PRF-W4 scoring requires explicit/sensitive consent and produces bounded self-report indices — no quotient or diagnosis.
✓ PRF-W5 reasoning-task contract is separate, raw-only and closed until an original/admitted production task bank exists.
✓ PRF-W6 canonical ProfileSignalEnvelope passed: 11 fixture signals preserve source class + deterministic lineage.
✓ PRF-W0–W6 Profile foundation machine gate passed. Customer publication remains closed until PRF-W12.

> check:profile:w7-w10
> node scripts/run-zero-cost-regression.mjs check:profile:w7-w10

✓ PRF-W7 Profile × Current Reality correlation passed: explicit customer comparison, open-by-default, date disclosed, no truth conversion.
✓ PRF-W8 Cross-Source Perspective passed: explicit admitted rules, source classes preserved, disagreement/open retained, no scientific-validation conversion.
✓ PRF-W9 Relationship Profile Evidence lane passed: A/B remain distinct, admitted same-lane rules only, no REL-W4 merge, score, mind-reading or outcome prediction.
✓ PRF-W10 Academic Bridge registry passed: IPIP bridge bounded, raw reasoning separate, RIASEC/OECD successors fail closed until separate admission.
✓ PRF-W7–W10 Profile context tranche machine gate passed. Customer publication remains closed until PRF-W12 human admission + freeze.

> check:profile:w10a-w10f
> node scripts/run-zero-cost-regression.mjs check:profile:w10a-w10f

✓ PRF-W10A academic status model passed: availability, norming and scoring provenance remain orthogonal.
✓ PRF-W10B IPIP passed: 50 + 120 item banks, bilingual candidate, keyed scoring, no invented percentile or diagnosis.
✓ PRF-W10C original reasoning bank passed: 25 original items, five families/tier coverage, raw performance renderer only.
✓ PRF-W10D O*NET adapter passed: v2 X-API-Key, 30/60 forms, external RIASEC scoring, attribution and career bridge boundaries.
✓ PRF-W10E OECD/INFE-adapted financial capability passed: CC BY admission, bilingual adaptation, separated knowledge/self-report scoring, no official OECD-score claim.
✓ PRF-W10F unified ProfileSignalEnvelope integration passed: 21 signals, source classes preserved, no master-score flattening.
✓ PRF-W10A–W10F academic bridge full-activation tranche passed; customer cutover remains closed pending PRF-W11/W12.

> check:profile:w11-progressive-profile-ux
> node scripts/run-zero-cost-regression.mjs check:profile:w11-progressive-profile-ux

✓ PRF-W11 customer full-production successor passed: seven optional Profile modes are visible and production-routable.
  IPIP Big Five + Financial Capability + O*NET are now customer-surface consumers; Profile remains optional and source-aware.

> check:profile:w12-machine
> node scripts/run-zero-cost-regression.mjs check:profile:w12-machine

✓ PRF-W12 machine campaign passed 24/24 across source-only, mixed/conflict, stale-date, A/B, relationship and Current Reality coverage.
  The campaign itself remains historical non-publishable evidence; current production authority comes from the separate 24/24 human admission + freeze promotion.

> check:profile:w12-human-review
> node scripts/run-zero-cost-regression.mjs check:profile:w12-human-review

✓ PRF-W12 human review is 24/24 accepted.

> check:profile:w12-production-admission
> node scripts/run-zero-cost-regression.mjs check:profile:w12-production-admission

✓ PRF-W12 production promotion gate passed: 24/24 human acceptance -> 8/8 active freezes -> customer cutover eligible/not executed.
✓ PRF-W12 Production Admission passed: 24/24 human accepted, 8/8 required freezes active, Profile production authority admitted.
  Customer Profile cutover is executed: route is indexable, Perspectives navigation is visible, and seven optional modes are production-routable.

> check:profile:onet-live
> node scripts/run-zero-cost-regression.mjs check:profile:onet-live

✓ PRF-ONET W0 credential authority passed: approved provider, server-only X-API-Key secret, no credential material in repo.
✓ PRF-ONET W1 questions passed: Mini-IP 30 live evidence admitted; Quick 30 + Deeper 60 runtime pagination machine-verified.
✓ PRF-ONET W2 RIASEC passed: external scoring preserved as standardized self-report; synthetic balanced smoke is not interpreted as customer evidence.
✓ PRF-ONET W3 career matching + Job Zones passed: raw provider fit retained; PHI OS labels remain exploration language, not job-fit authority.
✓ PRF-ONET W4 career detail normalization passed: occupational content preserved without employment recommendation authority.
✓ PRF-ONET W5 ProfileSignalEnvelope passed: six RIASEC signals preserve source class, provider provenance and career-interest boundaries.
✓ PRF-ONET W6 customer UX passed: optional Career Interests mode, Quick 30 / Deeper 60, source-aware results and no client credential exposure.
✓ PRF-ONET W7 Current Reality + Cross-Source passed: explicit contradiction stays open evidence, source classes remain separate, no proof transfer.
✓ PRF-ONET W8 live activation freeze passed: user-observed provider evidence admitted; production execution remains fail-closed until the Cloudflare secret is bound; Short 60 limitation explicit.
✓ PRF-ONET-LIVE-ACTIVATION W0-W8 passed.

> check:profile:customer-full-production
> node scripts/run-zero-cost-regression.mjs check:profile:customer-full-production

✓ Profile customer full-production campaign passed: 7/7 customer modes, 8 governed runtime result variants (including both IPIP forms).
  Quick/Full self-assessment, reasoning, external import, IPIP 50/120, O*NET RIASEC and Financial Capability all produce source-preserving Profile views.

> check:profile:pfig-authority
> node scripts/run-zero-cost-regression.mjs check:profile:pfig-authority

✓ Profile/PPR all-PFIG visual authority admission passed.
  9/9 PFIG IDs are authority-allowed; PVP remains projection-only and W7 Projection IR is the next gate.
