
> check:kap-phase18
> node scripts/run-zero-cost-regression.mjs check:kap-phase18

✓ KAP-W30 Professional Boundary passed.
✓ KAP-W31 Explanation vs Advice passed.
✓ KAP-W32 Personalization Boundary passed.
✓ KAP-W33 Grounded Acceptance backend gate passed; CKA consumer acceptance remains pending.
✓ KAP-W34 Regression Corpus passed with six bilingual governed cases.
✓ KAP-W35 Locale Regression backend parity gate passed; CKA locale surface acceptance remains pending.
✓ KAP-W36 Retrieval Cache passed; private/personal context is excluded from shared caching.
✓ KAP-W37 Answer Cache passed; personalized answers cannot be simply shared/reused.
✓ KAP-W38 AI Budget passed; budget controls provider eligibility, never Knowledge Authority quality.
✓ KAP-W39 AI Failure Fallback passed; basic deterministic answer remains available.
✓ KAP-W40 Outcome Signals contract passed; production emitters remain CKA-consumer pending and registries start empty.
✓ KAP-W41 Knowledge Gap Signal passed; only aggregated high-frequency PARTIAL/INSUFFICIENT gaps become planning signals.
✓ KAP-W42 No Automatic Mutation passed.
✓ KAP-W43 Free Ask PHI OS backend policy passed; CKA enforcement remains pending.
✓ KAP-W44 Membership Answer backend policy passed; Account consumer enforcement remains pending.
✓ KAP-W45 Method / Journey Entitlement passed; Access cannot manufacture MPA authority and paid HDR remains blocked.
✓ KAP-W30-W45 Phase 18 backend governance accepted and frozen without reopening KAP-W0-W29.
✓ CKA-dependent grounded surface acceptance, locale surface acceptance, analytics emitters, Free/Member client enforcement remain explicitly CONSUMER_PENDING.
✓ Use `npm run check:kap-current` for the current KAP chain; historical `npm run check:kap` remains byte-compatible with the W0-W29 frozen checker contract.
