
> check:visual-report-commerce-binding
> node scripts/run-zero-cost-regression.mjs check:visual-report-commerce-binding

PASS visual-report commerce binding: current primary products use projected prices; legacy-readable reports fall back to the canonical report commerce contract without top-level undefined price access.
Pages static publication: copied=11187, skipped=7154

 ⛅️ wrangler 4.148.0
────────────────────
✨ Compiled Worker successfully
Pages Worker: 15786964 bytes; gzip 2923203 bytes
[31mX [41;31m[[41;97mERROR[41;31m][0m [1mFailed to write to log file Error: EPERM: operation not permitted, open 'C:\Users\Guest Account\AppData\Roaming\xdg.config\.wrangler\logs\wrangler-2026-10-08_02-16-58_793.log'[0m

      at async open (node:internal/fs/promises:640:25)
      at async writeFile (node:internal/fs/promises:1260:14)
      at async C:\phios\node_modules\wrangler\wrangler-dist\cli.js:65089:7
      at async Mutex.runWith (C:\phios\node_modules\miniflare\dist\src\index.js:70213:16)
      at async appendToDebugLogFile (C:\phios\node_modules\wrangler\wrangler-dist\cli.js:65086:3) {
    errno: -4048,
    code: 'EPERM',
    syscall: 'open',
    path: 'C:\\Users\\Guest Account\\AppData\\Roaming\\xdg.config\\.wrangler\\logs\\wrangler-2026-10-08_02-16-58_793.log'
  }


[31mX [41;31m[[41;97mERROR[41;31m][0m [1mWould have written: [0m

  --- 2026-10-08T02:16:59.157Z debug
  🪵  Writing logs to "C:\Users\Guest Account\AppData\Roaming\xdg.config\.wrangler\logs\wrangler-2026-10-08_02-16-58_793.log"
  ---
  


🪵  Logs were written to "C:\Users\Guest Account\AppData\Roaming\xdg.config\.wrangler\logs\wrangler-2026-10-08_02-16-58_793.log"
file:///C:/phios/scripts/check-pages-static-assets.mjs:85
  throw new Error(
        ^

Error: Pages publication boundary failed:
output/pdf/CASE-01-bilingual-dossier.pdf: 45.58 MiB
    at file:///C:/phios/scripts/check-pages-static-assets.mjs:85:9
    at ModuleJob.run (node:internal/modules/esm/module_job:439:25)
    at async node:internal/modules/esm/loader:643:26
    at async asyncRunEntryPointWithESMLoader (node:internal/modules/run_main:101:5)

Node.js v24.18.0
file:///C:/phios/scripts/build-cloudflare-pages.mjs:123
    throw new Error(
          ^

Error: C:\Program Files\nodejs\node.exe failed with exit code 1
    at run (file:///C:/phios/scripts/build-cloudflare-pages.mjs:123:11)
    at file:///C:/phios/scripts/build-cloudflare-pages.mjs:332:1

Node.js v24.18.0
