
> check:commerce-stripe
> node scripts/run-zero-cost-regression.mjs check:commerce-stripe

{"component":"commerce","event":"CHECKOUT_CREATED","order_id":"ord_796c9a7407bf4fb4aa924989db7b68d9","checkout_session_id":"cs_test_fixture9","product_id":"COM-REPORT-BUNDLE-2","amount_minor":9900,"currency":"MYR"}
{"component":"commerce","event":"STRIPE_EVENT_RECEIVED","stripe_event_id":"evt_fixture1"}
{"component":"commerce","event":"STRIPE_EVENT_RECEIVED","stripe_event_id":"evt_duplicate"}
{"component":"commerce","event":"ENTITLEMENT_GRANTED","order_id":"ord_796c9a7407bf4fb4aa924989db7b68d9","product_id":"COM-REPORT-BUNDLE-2"}
{"component":"commerce","event":"PAYMENT_CONFIRMED","order_id":"ord_796c9a7407bf4fb4aa924989db7b68d9","stripe_event_id":"evt_duplicate","product_id":"COM-REPORT-BUNDLE-2"}
{"component":"commerce","event":"STRIPE_EVENT_RECEIVED","stripe_event_id":"evt_duplicate"}
{"component":"commerce","event":"ENTITLEMENT_SKIPPED_DUPLICATE","stripe_event_id":"evt_duplicate"}
{"component":"commerce","event":"STRIPE_EVENT_RECEIVED","stripe_event_id":"evt_fixture2"}
{"component":"commerce","event":"ENTITLEMENT_SKIPPED_DUPLICATE","order_id":"ord_796c9a7407bf4fb4aa924989db7b68d9","product_id":"COM-REPORT-BUNDLE-2"}
{"component":"commerce","event":"PAYMENT_CONFIRMED","order_id":"ord_796c9a7407bf4fb4aa924989db7b68d9","stripe_event_id":"evt_fixture2","product_id":"COM-REPORT-BUNDLE-2"}
{"component":"commerce","event":"STRIPE_EVENT_RECEIVED","stripe_event_id":"evt_fixture3"}
{"component":"commerce","event":"ENTITLEMENT_SKIPPED_DUPLICATE","order_id":"ord_796c9a7407bf4fb4aa924989db7b68d9","product_id":"COM-REPORT-BUNDLE-2"}
{"component":"commerce","event":"PAYMENT_CONFIRMED","order_id":"ord_796c9a7407bf4fb4aa924989db7b68d9","stripe_event_id":"evt_fixture3","product_id":"COM-REPORT-BUNDLE-2"}
{"component":"commerce","event":"STRIPE_EVENT_RECEIVED","stripe_event_id":"evt_fixture4"}
{"component":"commerce","event":"STRIPE_EVENT_RECEIVED","stripe_event_id":"evt_received"}
{"component":"commerce","event":"ENTITLEMENT_SKIPPED_DUPLICATE","order_id":"ord_796c9a7407bf4fb4aa924989db7b68d9","product_id":"COM-REPORT-BUNDLE-2"}
{"component":"commerce","event":"PAYMENT_CONFIRMED","order_id":"ord_796c9a7407bf4fb4aa924989db7b68d9","stripe_event_id":"evt_received","product_id":"COM-REPORT-BUNDLE-2"}
{"component":"commerce","event":"CHECKOUT_CREATED","order_id":"ord_0059bc2eb19a4cd9bfd32c7fac2d9635","checkout_session_id":"cs_test_fixture14","product_id":"COM-SERVICE-NATURAL-HEALER","amount_minor":10000,"currency":"MYR"}
{"component":"commerce","event":"STRIPE_EVENT_RECEIVED","stripe_event_id":"evt_fixture5"}
{"component":"commerce","event":"FULFILLMENT_CREATED","order_id":"ord_0059bc2eb19a4cd9bfd32c7fac2d9635","product_id":"COM-SERVICE-NATURAL-HEALER"}
{"component":"commerce","event":"PAYMENT_CONFIRMED","order_id":"ord_0059bc2eb19a4cd9bfd32c7fac2d9635","stripe_event_id":"evt_fixture5","product_id":"COM-SERVICE-NATURAL-HEALER"}
{"component":"commerce","event":"CHECKOUT_CREATED","order_id":"ord_c1f97246fda0446ca4b67bb8b64c5382","checkout_session_id":"cs_test_fixture16","product_id":"COM-SERVICE-CASH-FLOW-GAME","amount_minor":10000,"currency":"MYR"}
{"component":"commerce","event":"STRIPE_EVENT_RECEIVED","stripe_event_id":"evt_fixture6"}
{"component":"commerce","event":"FULFILLMENT_CREATED","order_id":"ord_c1f97246fda0446ca4b67bb8b64c5382","product_id":"COM-SERVICE-CASH-FLOW-GAME"}
{"component":"commerce","event":"PAYMENT_CONFIRMED","order_id":"ord_c1f97246fda0446ca4b67bb8b64c5382","stripe_event_id":"evt_fixture6","product_id":"COM-SERVICE-CASH-FLOW-GAME"}
{"component":"commerce","event":"CHECKOUT_CREATED","order_id":"ord_a06274c336eb4442be8d2b9982f2a118","checkout_session_id":"cs_test_fixture18","product_id":"COM-SERVICE-FINANCIAL-CONSULTATION","amount_minor":10000,"currency":"MYR"}
{"component":"commerce","event":"STRIPE_EVENT_RECEIVED","stripe_event_id":"evt_fixture7"}
{"component":"commerce","event":"FULFILLMENT_CREATED","order_id":"ord_a06274c336eb4442be8d2b9982f2a118","product_id":"COM-SERVICE-FINANCIAL-CONSULTATION"}
{"component":"commerce","event":"PAYMENT_CONFIRMED","order_id":"ord_a06274c336eb4442be8d2b9982f2a118","stripe_event_id":"evt_fixture7","product_id":"COM-SERVICE-FINANCIAL-CONSULTATION"}
{"component":"commerce","event":"CHECKOUT_CREATED","order_id":"ord_b4dfe12d959c4675b1efce13bea97543","checkout_session_id":"cs_test_fixture20","product_id":"COM-SUBSCRIPTION-MONTHLY","amount_minor":1900,"currency":"MYR"}
{"component":"commerce","event":"STRIPE_EVENT_RECEIVED","stripe_event_id":"evt_fixture8"}
{"component":"commerce","event":"PAYMENT_CONFIRMED","order_id":"ord_b4dfe12d959c4675b1efce13bea97543","stripe_event_id":"evt_fixture8","product_id":"COM-SUBSCRIPTION-MONTHLY"}
{"component":"commerce","event":"CHECKOUT_CREATED","order_id":"ord_f43ad62af5044e0b964b1847d5f19379","checkout_session_id":"cs_test_fixture22","product_id":"COM-WILL-WRITING","amount_minor":2900,"currency":"MYR"}
{"component":"commerce","event":"STRIPE_EVENT_RECEIVED","stripe_event_id":"evt_fixture9"}
{"component":"commerce","event":"FULFILLMENT_CREATED","order_id":"ord_f43ad62af5044e0b964b1847d5f19379","product_id":"COM-WILL-WRITING"}
{"component":"commerce","event":"PAYMENT_CONFIRMED","order_id":"ord_f43ad62af5044e0b964b1847d5f19379","stripe_event_id":"evt_fixture9","product_id":"COM-WILL-WRITING"}
{"component":"commerce","event":"CHECKOUT_CREATED","order_id":"ord_bfdc8de690f847cf8e842807e3a993c5","checkout_session_id":"cs_test_fixture24","product_id":"COM-REPORT-FINANCIAL-FULL","amount_minor":15900,"currency":"MYR"}
{"component":"commerce","event":"STRIPE_EVENT_RECEIVED","stripe_event_id":"evt_fixture10"}
{"component":"commerce","event":"FULFILLMENT_CREATED","order_id":"ord_bfdc8de690f847cf8e842807e3a993c5","product_id":"COM-REPORT-FINANCIAL-FULL"}
{"component":"commerce","event":"PAYMENT_CONFIRMED","order_id":"ord_bfdc8de690f847cf8e842807e3a993c5","stripe_event_id":"evt_fixture10","product_id":"COM-REPORT-FINANCIAL-FULL"}
{"component":"commerce","event":"CHECKOUT_CREATED","order_id":"ord_c2f83dd2169b47d2a01587cab9b70328","checkout_session_id":"cs_test_fixture26","product_id":"COM-REPORT-ECR-FULL","amount_minor":12900,"currency":"MYR"}
{"component":"commerce","event":"STRIPE_EVENT_RECEIVED","stripe_event_id":"evt_fixture11"}
{"component":"commerce","event":"ENTITLEMENT_GRANTED","order_id":"ord_c2f83dd2169b47d2a01587cab9b70328","product_id":"COM-REPORT-ECR-FULL"}
{"component":"commerce","event":"PAYMENT_CONFIRMED","order_id":"ord_c2f83dd2169b47d2a01587cab9b70328","stripe_event_id":"evt_fixture11","product_id":"COM-REPORT-ECR-FULL"}
{"component":"commerce","event":"CHECKOUT_CREATED","order_id":"ord_b1052b916c92470980a7177f7574e2b2","checkout_session_id":"cs_test_fixture28","product_id":"COM-REPORT-CROSS-FULL","amount_minor":29900,"currency":"MYR"}
{"component":"commerce","event":"STRIPE_EVENT_RECEIVED","stripe_event_id":"evt_fixture12"}
{"component":"commerce","event":"ENTITLEMENT_GRANTED","order_id":"ord_b1052b916c92470980a7177f7574e2b2","product_id":"COM-REPORT-CROSS-FULL"}
{"component":"commerce","event":"PAYMENT_CONFIRMED","order_id":"ord_b1052b916c92470980a7177f7574e2b2","stripe_event_id":"evt_fixture12","product_id":"COM-REPORT-CROSS-FULL"}
{"component":"commerce","event":"CHECKOUT_CREATED","order_id":"ord_9f8cd7a0d9e84585be0270c53e786ea7","checkout_session_id":"cs_test_fixture30","product_id":"COM-REPORT-HD-FULL","amount_minor":12900,"currency":"MYR"}
{"component":"commerce","event":"STRIPE_EVENT_RECEIVED","stripe_event_id":"evt_fixture13"}
{"component":"commerce","event":"ENTITLEMENT_GRANTED","order_id":"ord_9f8cd7a0d9e84585be0270c53e786ea7","product_id":"COM-REPORT-HD-FULL"}
{"component":"commerce","event":"PAYMENT_CONFIRMED","order_id":"ord_9f8cd7a0d9e84585be0270c53e786ea7","stripe_event_id":"evt_fixture13","product_id":"COM-REPORT-HD-FULL"}
{"component":"commerce","event":"CHECKOUT_CREATED","order_id":"ord_23903cd9e2044f66983697182c755da1","checkout_session_id":"cs_test_fixture32","product_id":"COM-REPORT-PROFILE-FULL","amount_minor":12900,"currency":"MYR"}
{"component":"commerce","event":"STRIPE_EVENT_RECEIVED","stripe_event_id":"evt_fixture14"}
{"component":"commerce","event":"ENTITLEMENT_GRANTED","order_id":"ord_23903cd9e2044f66983697182c755da1","product_id":"COM-REPORT-PROFILE-FULL"}
{"component":"commerce","event":"PAYMENT_CONFIRMED","order_id":"ord_23903cd9e2044f66983697182c755da1","stripe_event_id":"evt_fixture14","product_id":"COM-REPORT-PROFILE-FULL"}
{"component":"commerce","event":"CHECKOUT_CREATED","order_id":"ord_d2e37ed5e0a74ed7a578216e52112e0c","checkout_session_id":"cs_test_fixture34","product_id":"COM-REPORT-NUMEROLOGY-FULL","amount_minor":3900,"currency":"MYR"}
{"component":"commerce","event":"STRIPE_EVENT_RECEIVED","stripe_event_id":"evt_fixture15"}
{"component":"commerce","event":"ENTITLEMENT_GRANTED","order_id":"ord_d2e37ed5e0a74ed7a578216e52112e0c","product_id":"COM-REPORT-NUMEROLOGY-FULL"}
{"component":"commerce","event":"PAYMENT_CONFIRMED","order_id":"ord_d2e37ed5e0a74ed7a578216e52112e0c","stripe_event_id":"evt_fixture15","product_id":"COM-REPORT-NUMEROLOGY-FULL"}
{"component":"commerce","event":"CHECKOUT_CREATED","order_id":"ord_3577372fc419459b86d5a34cc1b51500","checkout_session_id":"cs_test_fixture36","product_id":"COM-REPORT-ASTROLOGY-FULL","amount_minor":5900,"currency":"MYR"}
{"component":"commerce","event":"STRIPE_EVENT_RECEIVED","stripe_event_id":"evt_fixture16"}
{"component":"commerce","event":"ENTITLEMENT_GRANTED","order_id":"ord_3577372fc419459b86d5a34cc1b51500","product_id":"COM-REPORT-ASTROLOGY-FULL"}
{"component":"commerce","event":"PAYMENT_CONFIRMED","order_id":"ord_3577372fc419459b86d5a34cc1b51500","stripe_event_id":"evt_fixture16","product_id":"COM-REPORT-ASTROLOGY-FULL"}
{"component":"commerce","event":"CHECKOUT_CREATED","order_id":"ord_d4f9ccf420b845baa8c1562c6a8816b7","checkout_session_id":"cs_test_fixture38","product_id":"COM-REPORT-ZIWEI-FULL","amount_minor":5900,"currency":"MYR"}
{"component":"commerce","event":"STRIPE_EVENT_RECEIVED","stripe_event_id":"evt_fixture17"}
{"component":"commerce","event":"ENTITLEMENT_GRANTED","order_id":"ord_d4f9ccf420b845baa8c1562c6a8816b7","product_id":"COM-REPORT-ZIWEI-FULL"}
{"component":"commerce","event":"PAYMENT_CONFIRMED","order_id":"ord_d4f9ccf420b845baa8c1562c6a8816b7","stripe_event_id":"evt_fixture17","product_id":"COM-REPORT-ZIWEI-FULL"}
{"component":"commerce","event":"CHECKOUT_CREATED","order_id":"ord_39bff44dcb4d48e1b19af031bb8c1d9e","checkout_session_id":"cs_test_fixture40","product_id":"COM-REPORT-BAZI-FULL","amount_minor":5900,"currency":"MYR"}
{"component":"commerce","event":"STRIPE_EVENT_RECEIVED","stripe_event_id":"evt_fixture18"}
{"component":"commerce","event":"ENTITLEMENT_GRANTED","order_id":"ord_39bff44dcb4d48e1b19af031bb8c1d9e","product_id":"COM-REPORT-BAZI-FULL"}
{"component":"commerce","event":"PAYMENT_CONFIRMED","order_id":"ord_39bff44dcb4d48e1b19af031bb8c1d9e","stripe_event_id":"evt_fixture18","product_id":"COM-REPORT-BAZI-FULL"}
{"component":"commerce","event":"CHECKOUT_CREATED","order_id":"ord_7e631afe13694407b79b4246dbd7741f","checkout_session_id":"cs_test_fixture42","product_id":"COM-BOOK-06","amount_minor":5900,"currency":"MYR"}
{"component":"commerce","event":"STRIPE_EVENT_RECEIVED","stripe_event_id":"evt_fixture19"}
{"component":"commerce","event":"ENTITLEMENT_GRANTED","order_id":"ord_7e631afe13694407b79b4246dbd7741f","product_id":"COM-BOOK-06"}
{"component":"commerce","event":"PAYMENT_CONFIRMED","order_id":"ord_7e631afe13694407b79b4246dbd7741f","stripe_event_id":"evt_fixture19","product_id":"COM-BOOK-06"}
{"component":"commerce","event":"CHECKOUT_CREATED","order_id":"ord_a21f59210d174d108691f2c9183b23ad","checkout_session_id":"cs_test_fixture44","product_id":"COM-BOOK-05","amount_minor":10900,"currency":"MYR"}
{"component":"commerce","event":"STRIPE_EVENT_RECEIVED","stripe_event_id":"evt_fixture20"}
{"component":"commerce","event":"ENTITLEMENT_GRANTED","order_id":"ord_a21f59210d174d108691f2c9183b23ad","product_id":"COM-BOOK-05"}
{"component":"commerce","event":"PAYMENT_CONFIRMED","order_id":"ord_a21f59210d174d108691f2c9183b23ad","stripe_event_id":"evt_fixture20","product_id":"COM-BOOK-05"}
{"component":"commerce","event":"CHECKOUT_CREATED","order_id":"ord_1c1d9d31e08d40d3b38db9388f9d8f17","checkout_session_id":"cs_test_fixture46","product_id":"COM-BOOK-04","amount_minor":8900,"currency":"MYR"}
{"component":"commerce","event":"STRIPE_EVENT_RECEIVED","stripe_event_id":"evt_fixture21"}
{"component":"commerce","event":"ENTITLEMENT_GRANTED","order_id":"ord_1c1d9d31e08d40d3b38db9388f9d8f17","product_id":"COM-BOOK-04"}
{"component":"commerce","event":"PAYMENT_CONFIRMED","order_id":"ord_1c1d9d31e08d40d3b38db9388f9d8f17","stripe_event_id":"evt_fixture21","product_id":"COM-BOOK-04"}
{"component":"commerce","event":"CHECKOUT_CREATED","order_id":"ord_4b0a118085b94648aef34e1122e7ed46","checkout_session_id":"cs_test_fixture48","product_id":"COM-BOOK-03","amount_minor":8900,"currency":"MYR"}
{"component":"commerce","event":"STRIPE_EVENT_RECEIVED","stripe_event_id":"evt_fixture22"}
{"component":"commerce","event":"ENTITLEMENT_GRANTED","order_id":"ord_4b0a118085b94648aef34e1122e7ed46","product_id":"COM-BOOK-03"}
{"component":"commerce","event":"PAYMENT_CONFIRMED","order_id":"ord_4b0a118085b94648aef34e1122e7ed46","stripe_event_id":"evt_fixture22","product_id":"COM-BOOK-03"}
{"component":"commerce","event":"CHECKOUT_CREATED","order_id":"ord_ae912e29c156441d8f497606dfad6fb1","checkout_session_id":"cs_test_fixture50","product_id":"COM-BOOK-02","amount_minor":8900,"currency":"MYR"}
{"component":"commerce","event":"STRIPE_EVENT_RECEIVED","stripe_event_id":"evt_fixture23"}
{"component":"commerce","event":"ENTITLEMENT_GRANTED","order_id":"ord_ae912e29c156441d8f497606dfad6fb1","product_id":"COM-BOOK-02"}
{"component":"commerce","event":"PAYMENT_CONFIRMED","order_id":"ord_ae912e29c156441d8f497606dfad6fb1","stripe_event_id":"evt_fixture23","product_id":"COM-BOOK-02"}
{"component":"commerce","event":"CHECKOUT_CREATED","order_id":"ord_31ef223ec2224fe6b9ed20ab2134ae12","checkout_session_id":"cs_test_fixture52","product_id":"COM-BOOK-01","amount_minor":8900,"currency":"MYR"}
{"component":"commerce","event":"STRIPE_EVENT_RECEIVED","stripe_event_id":"evt_fixture24"}
{"component":"commerce","event":"ENTITLEMENT_GRANTED","order_id":"ord_31ef223ec2224fe6b9ed20ab2134ae12","product_id":"COM-BOOK-01"}
{"component":"commerce","event":"PAYMENT_CONFIRMED","order_id":"ord_31ef223ec2224fe6b9ed20ab2134ae12","stripe_event_id":"evt_fixture24","product_id":"COM-BOOK-01"}
{"component":"commerce","event":"CHECKOUT_CREATED","order_id":"ord_caa6b9d0c65b4eb19303fd694d694fe7","checkout_session_id":"cs_test_fixture54","product_id":"COM-READING-TAROT-FULL","amount_minor":1900,"currency":"MYR"}
{"component":"commerce","event":"STRIPE_EVENT_RECEIVED","stripe_event_id":"evt_fixture25"}
{"component":"commerce","event":"ENTITLEMENT_GRANTED","order_id":"ord_caa6b9d0c65b4eb19303fd694d694fe7","product_id":"COM-READING-TAROT-FULL"}
{"component":"commerce","event":"PAYMENT_CONFIRMED","order_id":"ord_caa6b9d0c65b4eb19303fd694d694fe7","stripe_event_id":"evt_fixture25","product_id":"COM-READING-TAROT-FULL"}
{"component":"commerce","event":"CHECKOUT_CREATED","order_id":"ord_5a503a32bed64e8f989454428efffefa","checkout_session_id":"cs_test_fixture56","product_id":"COM-READING-ICHING-FULL","amount_minor":3900,"currency":"MYR"}
{"component":"commerce","event":"STRIPE_EVENT_RECEIVED","stripe_event_id":"evt_fixture26"}
{"component":"commerce","event":"ENTITLEMENT_GRANTED","order_id":"ord_5a503a32bed64e8f989454428efffefa","product_id":"COM-READING-ICHING-FULL"}
{"component":"commerce","event":"PAYMENT_CONFIRMED","order_id":"ord_5a503a32bed64e8f989454428efffefa","stripe_event_id":"evt_fixture26","product_id":"COM-READING-ICHING-FULL"}
{"component":"commerce","event":"CHECKOUT_CREATED","order_id":"ord_5145cdbf7e6c41f9a1ac2f16e56c45f1","checkout_session_id":"cs_test_fixture58","product_id":"COM-BOOK-CONFIGURATION","amount_minor":10900,"currency":"MYR"}
{"component":"commerce","event":"STRIPE_EVENT_RECEIVED","stripe_event_id":"evt_fixture27"}
{"component":"commerce","event":"ENTITLEMENT_GRANTED","order_id":"ord_5145cdbf7e6c41f9a1ac2f16e56c45f1","product_id":"COM-BOOK-CONFIGURATION"}
{"component":"commerce","event":"PAYMENT_CONFIRMED","order_id":"ord_5145cdbf7e6c41f9a1ac2f16e56c45f1","stripe_event_id":"evt_fixture27","product_id":"COM-BOOK-CONFIGURATION"}
{"component":"commerce","event":"STRIPE_EVENT_RECEIVED","stripe_event_id":"evt_fixture28"}
{"component":"commerce","event":"SUBSCRIPTION_UPDATED","order_id":"ord_b4dfe12d959c4675b1efce13bea97543","stripe_event_id":"evt_fixture28","status":"active"}
{"component":"commerce","event":"STRIPE_EVENT_RECEIVED","stripe_event_id":"evt_fixture29"}
{"component":"commerce","event":"SUBSCRIPTION_UPDATED","order_id":"ord_b4dfe12d959c4675b1efce13bea97543","stripe_event_id":"evt_fixture29","status":"active"}
{"component":"commerce","event":"STRIPE_EVENT_RECEIVED","stripe_event_id":"evt_fixture30"}
{"component":"commerce","event":"SUBSCRIPTION_UPDATED","order_id":"ord_b4dfe12d959c4675b1efce13bea97543","stripe_event_id":"evt_fixture30","status":"past_due"}
{"component":"commerce","event":"STRIPE_EVENT_RECEIVED","stripe_event_id":"evt_fixture31"}
{"component":"commerce","event":"SUBSCRIPTION_UPDATED","order_id":"ord_b4dfe12d959c4675b1efce13bea97543","stripe_event_id":"evt_fixture31","status":"unpaid"}
{"component":"commerce","event":"STRIPE_EVENT_RECEIVED","stripe_event_id":"evt_fixture32"}
{"component":"commerce","event":"SUBSCRIPTION_UPDATED","order_id":"ord_b4dfe12d959c4675b1efce13bea97543","stripe_event_id":"evt_fixture32","status":"canceled"}
{"component":"commerce","event":"STRIPE_EVENT_RECEIVED","stripe_event_id":"evt_fixture33"}
{"component":"commerce","event":"REFUND_RECORDED","order_id":"ord_796c9a7407bf4fb4aa924989db7b68d9","stripe_event_id":"evt_fixture33"}
{"component":"commerce","event":"STRIPE_EVENT_RECEIVED","stripe_event_id":"evt_fixture34"}
{"component":"commerce","event":"REFUND_RECORDED","order_id":"ord_796c9a7407bf4fb4aa924989db7b68d9","stripe_event_id":"evt_fixture34"}
{"component":"commerce","event":"CHECKOUT_CREATED","order_id":"ord_f2a7483cd702410b8ea5249550d568ab","checkout_session_id":"cs_test_fixture60","product_id":"COM-REPORT-BUNDLE-3","amount_minor":14900,"currency":"MYR"}
{"component":"commerce","event":"STRIPE_EVENT_RECEIVED","stripe_event_id":"evt_fixture35"}
{"component":"commerce","event":"CHECKOUT_CREATED","order_id":"ord_0d5cd34edcab43e5a83d637db738bdec","checkout_session_id":"cs_test_fixture63","product_id":"COM-REPORT-HD-FULL","amount_minor":12900,"currency":"MYR"}
{"component":"commerce","event":"STRIPE_EVENT_RECEIVED","stripe_event_id":"evt_retrydb"}
{"component":"commerce","event":"STRIPE_EVENT_RECEIVED","stripe_event_id":"evt_retrydb"}
{"component":"commerce","event":"ENTITLEMENT_GRANTED","order_id":"ord_0d5cd34edcab43e5a83d637db738bdec","product_id":"COM-REPORT-HD-FULL"}
{"component":"commerce","event":"PAYMENT_CONFIRMED","order_id":"ord_0d5cd34edcab43e5a83d637db738bdec","stripe_event_id":"evt_retrydb","product_id":"COM-REPORT-HD-FULL"}
{"component":"commerce","event":"CHECKOUT_CREATED","order_id":"ord_2edf7e3cdf5f419d83b64415b0ef241c","checkout_session_id":"cs_test_fixture65","product_id":"COM-REPORT-ECR-FULL","amount_minor":12900,"currency":"MYR"}
{"component":"commerce","event":"STRIPE_EVENT_RECEIVED","stripe_event_id":"evt_fixture36"}
{"component":"commerce","event":"STRIPE_EVENT_RECEIVED","stripe_event_id":"evt_fixture37"}
{"component":"commerce","event":"PAYMENT_FAILED","order_id":"ord_2edf7e3cdf5f419d83b64415b0ef241c","status":"PAYMENT_FAILED"}
{"component":"commerce","event":"STRIPE_EVENT_RECEIVED","stripe_event_id":"evt_fixture38"}
{"component":"commerce","event":"CHECKOUT_CREATED","order_id":"ord_b870ff26567d4d0cace21508283e4a27","checkout_session_id":"cs_test_fixture69","product_id":"COM-REPORT-BUNDLE-2","amount_minor":10900,"currency":"MYR"}
{"component":"commerce","event":"STRIPE_EVENT_RECEIVED","stripe_event_id":"evt_fixture39"}
{"component":"commerce","event":"ENTITLEMENT_GRANTED","order_id":"ord_b870ff26567d4d0cace21508283e4a27","product_id":"COM-REPORT-BUNDLE-2"}
{"component":"commerce","event":"PAYMENT_CONFIRMED","order_id":"ord_b870ff26567d4d0cace21508283e4a27","stripe_event_id":"evt_fixture39","product_id":"COM-REPORT-BUNDLE-2"}
{"component":"commerce","event":"CHECKOUT_CREATED","order_id":"ord_a3943a6ab8004950a17dba15f88b583e","checkout_session_id":"cs_test_fixture71","product_id":"COM-REPORT-BUNDLE-3","amount_minor":15900,"currency":"MYR"}
{"component":"commerce","event":"STRIPE_EVENT_RECEIVED","stripe_event_id":"evt_fixture40"}
{"component":"commerce","event":"ENTITLEMENT_GRANTED","order_id":"ord_a3943a6ab8004950a17dba15f88b583e","product_id":"COM-REPORT-BUNDLE-3"}
{"component":"commerce","event":"PAYMENT_CONFIRMED","order_id":"ord_a3943a6ab8004950a17dba15f88b583e","stripe_event_id":"evt_fixture40","product_id":"COM-REPORT-BUNDLE-3"}
{"component":"commerce","event":"CHECKOUT_CREATED","order_id":"ord_52ff5443349948028ebae267230a3944","checkout_session_id":"cs_test_fixture73","product_id":"COM-REPORT-HD-FULL","amount_minor":13900,"currency":"MYR"}
{"component":"commerce","event":"STRIPE_EVENT_RECEIVED","stripe_event_id":"evt_fixture41"}
{"component":"commerce","event":"CHECKOUT_CREATED","order_id":"ord_cc653cb60a65458ba836d11e829bf047","checkout_session_id":"cs_test_fixture75","product_id":"COM-REPORT-BUNDLE-2","amount_minor":9900,"currency":"MYR"}
{"component":"commerce","event":"CHECKOUT_CREATED","order_id":"ord_d7d5674ad4cc4525b842dbb18df789d0","checkout_session_id":"cs_test_fixture77","product_id":"COM-REPORT-BUNDLE-2","amount_minor":10900,"currency":"MYR"}
{"component":"commerce","event":"CHECKOUT_CREATED","order_id":"ord_8f4c313ab0bb4882be752693c3f05340","checkout_session_id":"cs_test_fixture79","product_id":"COM-REPORT-BUNDLE-3","amount_minor":14900,"currency":"MYR"}
{"component":"commerce","event":"CHECKOUT_CREATED","order_id":"ord_8b2ec3652f5e46d2bd5f6b9de9d1c381","checkout_session_id":"cs_test_fixture81","product_id":"COM-REPORT-BUNDLE-3","amount_minor":15900,"currency":"MYR"}
COM-STRIPE-R1: 17 machine groups PASS (local fixtures; provider E2E NOT_RUN).
