
> check:ecr-human-runtime-v4-1
> node scripts/generate-ecr-v41-authority-bundle.mjs --check && node scripts/check-ecr-human-runtime-v4-1-w1-authority.mjs && node scripts/check-ecr-human-runtime-v4-1-w2-p64-adapter.mjs && node scripts/check-ecr-human-runtime-v4-1-w3-initialization.mjs && node scripts/check-ecr-human-runtime-v4-1-w4-p64-h64-bridge.mjs && node scripts/check-ecr-human-runtime-v4-1-w5-driver-field.mjs && node scripts/check-ecr-human-runtime-v4-1-w6-semantic-owner.mjs && node scripts/check-ecr-human-runtime-v4-1-w7-figure-runtime-authority.mjs && node scripts/check-ecr-human-runtime-v4-1-w8-carrier.mjs && node scripts/check-ecr-human-runtime-v4-1-w9-conscious-runtime.mjs && node scripts/check-ecr-human-runtime-v4-1-w10-reality-feedback.mjs && node scripts/check-ecr-human-runtime-v4-1-w11-ir.mjs && node scripts/check-ecr-human-runtime-v4-1-w12-report.mjs && node scripts/check-ecr-human-runtime-v4-1-w13-phi-card.mjs && node scripts/check-ecr-human-runtime-v4-1-w14-visuals.mjs && node scripts/check-ecr-human-runtime-v4-1-w15-product-route.mjs && node scripts/check-ecr-human-runtime-v4-1-w16-governance.mjs && node scripts/check-ecr-human-runtime-v4-1-w17-acceptance.mjs

PASS V4.1 W1: audited ownership and nonparallel authority freeze.
PASS V4.1 W2: 64 sectors, 384 exact line starts, 512 A8 boundaries and wrap.
PASS V4.1 W3: 12 synthetic fixtures replay shared AST/88°; 26 calculated activations including deterministic Personality/Design Earth; no operational Chiron.
PASS V4.1 W4: reproducible 64/64 semantic bridge; 302° -> 41 -> H48 -> M6/M8.
PASS V4.1 W5: D1-D12 calculated with D11 Earth opposition binding; no fabricated current priority.
PASS V4.1 W6: granular semantic owners; 64/384 source identity retained without invented personal mappings.
PASS V4.1 W7: ten figure contracts, precise owners and explicit personal/current evidence requirements.
PASS V4.1 W8: Carrier Architecture -> C1 -> continuity; no personal taxonomy invented.
PASS V4.1 W9: sequential C1 -> C2 -> C3 -> C4 -> C5 and exact internal stages.
PASS V4.1 W10: no evidence -> no claim; self-report, counterevidence, recovery/drift and OPEN remain distinct.
PASS V4.1 W11: schema, deterministic lineage, baseline/current isolation and legacy compatibility.
PASS V4.1 W12: versioned 14-section bilingual report; server entitlement and human admission fail closed.
PASS V4.1 W13: six deterministic governed slots; admitted cards use W8 tags/priority and unresolved ties fail closed to UNKNOWN.
PASS orientation: rendered 64-sector CCW traversal, 384 Line starts, 512 independent A8 transform positions; Birth/Design marker alignment and wrap. A8 ticks are not displayed.
PASS V4.1 W14: 64-sector Mandala with 26 calculated markers including Personality/Design Earth, shared aligned rings and separate runtime/continuity views.
PASS V4.1 W15: existing ECR product route and renderer consume successor only behind server admission.
PASS V4.1 W16: 17 governed checker aliases; predecessor mechanics and meanings remain byte-identical.
PASS V4.1 W17: bilingual owner admission, deterministic Earth D11, honest Current Reality UNKNOWN and separate production gate.
