DIAGNOSTIC_START node scripts/generate-ecr-v41-authority-bundle.mjs --check
DIAGNOSTIC_START node scripts/check-ecr-human-runtime-v4-1-w1-authority.mjs
PASS V4.1 W1: audited ownership and nonparallel authority freeze.
DIAGNOSTIC_START node scripts/check-ecr-human-runtime-v4-1-w2-p64-adapter.mjs
PASS V4.1 W2: 64 sectors, 384 exact line starts, 512 A8 boundaries and wrap.
DIAGNOSTIC_START node scripts/check-ecr-human-runtime-v4-1-w3-initialization.mjs
node:internal/modules/run_main:107
    triggerUncaughtException(
    ^

AssertionError [ERR_ASSERTION]: Expected values to be strictly equal:

26 !== 28

    at file:///C:/phios/scripts/check-ecr-human-runtime-v4-1-w3-initialization.mjs:6:9 {
  generatedMessage: true,
  code: 'ERR_ASSERTION',
  actual: 26,
  expected: 28,
  operator: 'strictEqual',
  diff: 'simple'
}

Node.js v24.18.0
DIAGNOSTIC_START node scripts/check-ecr-human-runtime-v4-1-w4-p64-h64-bridge.mjs
PASS V4.1 W4: reproducible 64/64 semantic bridge; 302° -> 41 -> H48 -> M6/M8.
DIAGNOSTIC_START node scripts/check-ecr-human-runtime-v4-1-w5-driver-field.mjs
PASS V4.1 W5: D1-D12 calculated with D11 Earth opposition binding; no fabricated current priority.
DIAGNOSTIC_START node scripts/check-ecr-human-runtime-v4-1-w6-semantic-owner.mjs
PASS V4.1 W6: granular semantic owners; 64/384 source identity retained without invented personal mappings.
DIAGNOSTIC_START node scripts/check-ecr-human-runtime-v4-1-w7-figure-runtime-authority.mjs
PASS V4.1 W7: ten figure contracts, precise owners and explicit personal/current evidence requirements.
DIAGNOSTIC_START node scripts/check-ecr-human-runtime-v4-1-w8-carrier.mjs
PASS V4.1 W8: Carrier Architecture -> C1 -> continuity; no personal taxonomy invented.
DIAGNOSTIC_START node scripts/check-ecr-human-runtime-v4-1-w9-conscious-runtime.mjs
PASS V4.1 W9: sequential C1 -> C2 -> C3 -> C4 -> C5 and exact internal stages.
DIAGNOSTIC_START node scripts/check-ecr-human-runtime-v4-1-w10-reality-feedback.mjs
PASS V4.1 W10: no evidence -> no claim; self-report, counterevidence, recovery/drift and OPEN remain distinct.
DIAGNOSTIC_START node scripts/check-ecr-human-runtime-v4-1-w11-ir.mjs
PASS V4.1 W11: schema, deterministic lineage, baseline/current isolation and legacy compatibility.
DIAGNOSTIC_START node scripts/check-ecr-human-runtime-v4-1-w12-report.mjs
PASS V4.1 W12: versioned 14-section bilingual report; server entitlement and human admission fail closed.
DIAGNOSTIC_START node scripts/check-ecr-human-runtime-v4-1-w13-phi-card.mjs
PASS V4.1 W13: six deterministic governed slots; admitted cards use W8 tags/priority and unresolved ties fail closed to UNKNOWN.
DIAGNOSTIC_START node scripts/check-ecr-human-runtime-v4-1-w14-visuals.mjs
PASS orientation: rendered 64-sector CCW traversal, 384 Line starts, 512 independent A8 transform positions; Birth/Design marker alignment and wrap. A8 ticks are not displayed.
node:internal/modules/run_main:107
    triggerUncaughtException(
    ^

AssertionError [ERR_ASSERTION]: Expected values to be strictly equal:

26 !== 28

    at file:///C:/phios/scripts/check-ecr-human-runtime-v4-1-w14-visuals.mjs:7:42 {
  generatedMessage: true,
  code: 'ERR_ASSERTION',
  actual: 26,
  expected: 28,
  operator: 'strictEqual',
  diff: 'simple'
}

Node.js v24.18.0
DIAGNOSTIC_START node scripts/check-ecr-human-runtime-v4-1-w15-product-route.mjs
PASS V4.1 W15: existing ECR product route and renderer consume successor only behind server admission.
DIAGNOSTIC_START node scripts/check-ecr-human-runtime-v4-1-w16-governance.mjs
node:internal/modules/run_main:107
    triggerUncaughtException(
    ^

AssertionError [ERR_ASSERTION]: ECR-V4.1-W3
+ actual - expected

+ 'ba971ceabffd0c9f2ba811596cffea00a18817fecf603cd3fa39a696a1c813a2'
- '17cd9dfb086a8980b128387795a560cc60969cc9c9e320954f67fe8e09f84cd7'

    at file:///C:/phios/scripts/check-ecr-human-runtime-v4-1-w16-governance.mjs:6:30
    at ModuleJob.run (node:internal/modules/esm/module_job:439:25)
    at async node:internal/modules/esm/loader:643:26
    at async asyncRunEntryPointWithESMLoader (node:internal/modules/run_main:101:5) {
  generatedMessage: false,
  code: 'ERR_ASSERTION',
  actual: 'ba971ceabffd0c9f2ba811596cffea00a18817fecf603cd3fa39a696a1c813a2',
  expected: '17cd9dfb086a8980b128387795a560cc60969cc9c9e320954f67fe8e09f84cd7',
  operator: 'strictEqual',
  diff: 'simple'
}

Node.js v24.18.0
DIAGNOSTIC_START node scripts/check-ecr-human-runtime-v4-1-w17-acceptance.mjs
PASS V4.1 W17: bilingual owner admission, deterministic Earth D11, honest Current Reality UNKNOWN and separate production gate.
DIAGNOSTIC_START node scripts/check-ecr-v41a-admission-workspace.mjs
node:internal/modules/run_main:107
    triggerUncaughtException(
    ^

AssertionError [ERR_ASSERTION]: Expected values to be strictly equal:

12 !== 0

    at file:///C:/phios/scripts/check-ecr-v41a-admission-workspace.mjs:14:129 {
  generatedMessage: true,
  code: 'ERR_ASSERTION',
  actual: 12,
  expected: 0,
  operator: 'strictEqual',
  diff: 'simple'
}

Node.js v24.18.0
DIAGNOSTIC_START node scripts/check-ecr-v41-chiron-driver.mjs
node:internal/modules/run_main:107
    triggerUncaughtException(
    ^

AssertionError [ERR_ASSERTION]: Expected values to be strictly equal:

26 !== 28

    at file:///C:/phios/scripts/check-ecr-v41-chiron-driver.mjs:9:8 {
  generatedMessage: true,
  code: 'ERR_ASSERTION',
  actual: 26,
  expected: 28,
  operator: 'strictEqual',
  diff: 'simple'
}

Node.js v24.18.0
[{"command":"node scripts/generate-ecr-v41-authority-bundle.mjs --check","exitCode":0,"error":null},{"command":"node scripts/check-ecr-human-runtime-v4-1-w1-authority.mjs","exitCode":0,"error":null},{"command":"node scripts/check-ecr-human-runtime-v4-1-w2-p64-adapter.mjs","exitCode":0,"error":null},{"command":"node scripts/check-ecr-human-runtime-v4-1-w3-initialization.mjs","exitCode":1,"error":null},{"command":"node scripts/check-ecr-human-runtime-v4-1-w4-p64-h64-bridge.mjs","exitCode":0,"error":null},{"command":"node scripts/check-ecr-human-runtime-v4-1-w5-driver-field.mjs","exitCode":0,"error":null},{"command":"node scripts/check-ecr-human-runtime-v4-1-w6-semantic-owner.mjs","exitCode":0,"error":null},{"command":"node scripts/check-ecr-human-runtime-v4-1-w7-figure-runtime-authority.mjs","exitCode":0,"error":null},{"command":"node scripts/check-ecr-human-runtime-v4-1-w8-carrier.mjs","exitCode":0,"error":null},{"command":"node scripts/check-ecr-human-runtime-v4-1-w9-conscious-runtime.mjs","exitCode":0,"error":null},{"command":"node scripts/check-ecr-human-runtime-v4-1-w10-reality-feedback.mjs","exitCode":0,"error":null},{"command":"node scripts/check-ecr-human-runtime-v4-1-w11-ir.mjs","exitCode":0,"error":null},{"command":"node scripts/check-ecr-human-runtime-v4-1-w12-report.mjs","exitCode":0,"error":null},{"command":"node scripts/check-ecr-human-runtime-v4-1-w13-phi-card.mjs","exitCode":0,"error":null},{"command":"node scripts/check-ecr-human-runtime-v4-1-w14-visuals.mjs","exitCode":1,"error":null},{"command":"node scripts/check-ecr-human-runtime-v4-1-w15-product-route.mjs","exitCode":0,"error":null},{"command":"node scripts/check-ecr-human-runtime-v4-1-w16-governance.mjs","exitCode":1,"error":null},{"command":"node scripts/check-ecr-human-runtime-v4-1-w17-acceptance.mjs","exitCode":0,"error":null},{"command":"node scripts/check-ecr-v41a-admission-workspace.mjs","exitCode":1,"error":null},{"command":"node scripts/check-ecr-v41-chiron-driver.mjs","exitCode":1,"error":null}]
