
> check:book-v-atlas:r1:m1:current
> npm run check:book-v-atlas:r1:w13 && node scripts/check-book-v-civ-atlas-r1-w16-production-freeze.mjs && npm run check:book-v-atlas:r1:m1:w5-w6


> check:book-v-atlas:r1:w13
> node scripts/check-book-v-civ-atlas-r1-w13-contextual-ask.mjs

✓ BOOK-V-CIV-ATLAS-R1-W13 Contextual Ask Binding passed.
  Atlas context is carried as bounded public BOOK-5 knowledge context into the existing /knowledge/ask/ runtime; Context ≠ Answer.
CIV-ATLAS-FR4 visual utilization PASS: 392/392 assets have semantic presentation paths, generic gallery UI is removed, and L6 now uses the structured reader without a customer template poster.
CIV-ATLAS-FR5 core case semantic gate PASS: 120/120 cases have bilingual case-specific core dossier semantics across 8 fields.
CIV-ATLAS-FR5 gate PASS: 120 case summaries are customer-distinct and L6 empty selection is a real 16-trajectory overview.
CIV-ATLAS-FR5-F PASS: five depth shards cover 120/120 cases and all remaining 11 dossier fields are bilingual, case-specific, and merged into the runtime registry.
CIV-ATLAS-FR5-J PASS: L2/L6 template bases are removed from customer runtime; structured HTML/SVG readers are the only active presentation owners.
B6-FR3 PASS: dossier semantic depth, structural derivation, pressures, reconfiguration axes, signals, unknown containment, lived-reality transmission, optional current overlay, bilingual projection, and representative Southeast Asia review target are wired.
✓ BOOK-V-CIV-ATLAS-R1-W16 historical freeze and current engineering successor passed; new production acceptance is not granted.
  W15 human acceptance is explicit; 20/120/6/15/16/32/24 registry surface admitted.
  29 authority/runtime/customer files are digest-frozen.
  Authorized maintenance successor: BOOK-V-CIV-ATLAS-R1-M1 · SOURCE_COMPLETE_W0_W6_EXTERNAL_ACCEPTANCE_PENDING.
  Book VI shared data-loader extensions are reconciled through v4 chained NEW_ATLAS_RELEASE_SUCCESSOR records.
  Book VI shared state + URL-state extensions are reconciled through a versioned successor; Book V predecessor bytes remain frozen.
  Future substantive changes require a versioned successor / maintenance record.

> check:book-v-atlas:r1:m1:w5-w6
> node scripts/check-book-v-civ-atlas-r1-m1-w5-w6-ask.mjs

✓ BOOK-V CIV-ATLAS R1 M1 W5–W6 ASK routing, structured scope, Atlas chain, and relevance gate passed.
  Production-language regression cases 20; question text remains isolated from retrieval scope.

> check:ptrc:w1-w7-readiness
> node scripts/check-ptrc-w1-w7-readiness.mjs

✓ PTRC-W1–W7 machine/readiness checks passed.
  W1 approved R2 logo selection + favicon/app manifest binding: passed (raster byte derivatives explicitly evidence-blocked, not fabricated).
  W2 structured question/scope separation: passed.
  W3 Atlas → evidence → Part 12 → broader Knowledge trace/policy: passed.
  W4 relevance/sufficiency/abstention five-way gate: passed.
  W5 offline production-shaped regression: 20/20 passed; live canary remains post-deploy.
  W6 full-bleed responsive state contract: passed source-level machine acceptance.
  W7 human acceptance harness: ready; final two-reviewer acceptance is intentionally still pending.

> check:ptrc:w8-financial-runtime
> node scripts/check-ptrc-w8-financial-runtime.mjs

✓ PTRC-W8 Financial runtime completion passed.
  11/11 promised calculator families are implemented deterministically; PARTIAL=0; tax rules remain explicitly unavailable and automatic product recommendation prohibited.
  Golden, boundary, property-style, and cross-calculator reconciliation fixtures passed; assumptions/formula/as-of/non-advice/provenance are present on every calculated result.

> check:pis-r1
> node scripts/check-pis-r1-foundation.mjs && node scripts/check-pis-r1-presentation.mjs

node:internal/modules/run_main:107
    triggerUncaughtException(
    ^

AssertionError [ERR_ASSERTION]: PIS must not silently change route authority
+ actual - expected

+ '9f997b8788d5dcc7321be85c15505ac8db8f7003a44a9653fd0d05202add14e5'
- 'e14bc333376b41dd5266909812aa732ea3b16ed7cf24a9973a230fa9b340904c'

    at file:///C:/phios/scripts/check-pis-r1-foundation.mjs:11:57
    at ModuleJob.run (node:internal/modules/esm/module_job:439:25)
    at async node:internal/modules/esm/loader:643:26
    at async asyncRunEntryPointWithESMLoader (node:internal/modules/run_main:101:5) {
  generatedMessage: false,
  code: 'ERR_ASSERTION',
  actual: '9f997b8788d5dcc7321be85c15505ac8db8f7003a44a9653fd0d05202add14e5',
  expected: 'e14bc333376b41dd5266909812aa732ea3b16ed7cf24a9973a230fa9b340904c',
  operator: 'strictEqual',
  diff: 'simple'
}

Node.js v24.18.0
