
> check:pis-r1
> node scripts/check-pis-r1-foundation.mjs && node scripts/check-pis-r1-presentation.mjs

PASS PIS foundation and expanded editorial additions: 84 inventoried files, 193 existing asset identities. Browser review, broader pages and production freeze are separate.
PASS PIS presentation: 29 entry pages + eight book orientations; bilingual editorial copy, metadata, 41 verified image dispositions, six home entries, commerce and retired-page boundaries.

> check:ziwei-production-composer-v1
> node scripts/check-ziwei-production-composer-v1.mjs

ZPA-CONTROLLED-01 ZH + EN PASS
ZPA-CONTROLLED-02 ZH + EN PASS
ZPA-CONTROLLED-03 ZH + EN PASS
ZPA-CONTROLLED-04 ZH + EN PASS
ZPA-CONTROLLED-05 ZH + EN PASS
ZPA-CONTROLLED-06 ZH + EN PASS
ZPA-CONTROLLED-07 ZH + EN PASS
ZPA-CONTROLLED-08 ZH + EN PASS
ZPA-CONTROLLED-09 ZH + EN PASS
ZPA-CONTROLLED-10 ZH + EN PASS
ZPA-CONTROLLED-11 ZH + EN PASS
ZPA-CONTROLLED-12 ZH + EN PASS
PASS ZPA: 12/12 real calculations, 24/24 IR and composition; optional evidence and frozen R2 regressions.

> check:ziwei-zpa-access
> node scripts/check-ziwei-zpa-access.mjs

PASS ZPA local owner/consent negatives and immutable birth-input versioning. Deployed canonical person binding not claimed.

> check:ptrc:w9-testamentary-report
> node scripts/check-ptrc-w9-testamentary-report.mjs

✓ PTRC-W9 Will intake and automatic report assembly passed.
  Versioned jurisdiction-aware 15-section intake, explicit unknowns, save/resume/correction, immutable approved snapshots and provenance passed.
  Deterministic outline → HTML/PDF projection passed; complete and partial fixtures preserve gaps/conflicts and never create an executed legal instrument.
  W8 ESTATE_SUMMARY reconciliation, least privilege, encryption/retention policy, audit-safe deletion, redaction and expiring download controls passed.

> check:ptrc:w10-consolidation
> node scripts/check-ptrc-w10-consolidation.mjs

✓ KAP-M3 legacy output exact; five PTRC outcomes retained; registered successor chain verified; approved app icon bound.
✓ PTRC-W10 candidate checks passed: 4 classified paths, 34 preserved generated snapshots.
  Release remains BLOCKED; no deletion, deployment or freeze is attested.
