
> check:cx-r31
> node scripts/check-cx-r31-phase6.mjs

✓ CX-R31-W0 Current Customer Entry Census passed.
✓ CX-R31-W1 Universal Ask Composer passed: one clear question input on / and /knowledge/ask/.
✓ CX-R31-W2 Progressive + Explicit Context passed: Knowledge default, Add context collapsed, no silent account sweep.
✓ CX-R31-W3 Intent Recommendation passed: answer renderer allows at most two governed next steps.
✓ CX-R31-W4/W5 Conversational Handoff + Specialist Direct Route Protection passed.
✓ CX-R31-W6 Paid Upgrade UX passed: no hard dead-end, concrete depth value, Knowledge continuation and account options preserved.
✓ CX-R31-W7 Reality Return passed: governed return exists and remains optional.
✓ CX-R31-W8 responsive machine contract passed for 360 / 768 / 1440 coverage.
✓ CX-R31-W9 Human First-Use acceptance passed.
  TL accepted W9 as a set; no per-question scores were fabricated; Phase 7 Profile is authorized and later phases remain outside this freeze.
✓ PHASE 6 CX-R31 package passed: W0–W8 machine accepted and W9 human accepted.
  Phase 6 is complete and frozen; Phase 7 Profile is the only newly authorized next phase.
✓ Integrated Successor PHASE 6 exit passed.
  Paid Ask W10 and CX-R31 W0–W9 are accepted; Phase 6 is frozen and authorizes Phase 7 Profile only.

> check:pvp-r1:profile-phase7
> node scripts/check-pvp-r1-vis-phase7-profile-w6-w9.mjs

✓ PHASE 7 W6 current Profile/PPR authority passed.
  Current owner successor is verified without reusing the stale historical API SHA snapshot; PVP remains projection-only.
✓ Profile/PPR customer-output successor passed.
  12/12 W6 generic fields have explicit owner decisions; W7 is unblocked for the projection-safe subset only.
✓ Profile/PPR all-PFIG visual authority admission passed.
  9/9 PFIG IDs are authority-allowed; PVP remains projection-only and W7 Projection IR is the next gate.
✓ PVP-R1-VIS-W7 Profile Projection IR passed.
  profile-customer-visual-projection-v1 is frozen; PFIG-001–009 all have authority-safe visual IR contracts.
  Synthetic builder regression preserves unknown/fail-closed behavior and creates no Profile meaning authority.
✓ PHASE 7 W8 current Profile Visual MVP integration passed.
  The historical direct MVP mount is correctly superseded by the W9 Free/Paid wrapper, which still consumes the governed W8 renderer.
✓ PVP-R1-VIS-W9 Profile Free/Paid passed.
  Free Snapshot is current runtime; Deep Profile and Reality Profile are defined but commerce remains fail-closed.
✓ PHASE 7 Profile W6–W9 current verification passed and frozen.
  W6 authority, W7 9/9 IR, W8 current MVP wrapper and W9 Free/Paid depth are verified; Phase 8 ECR is authorized but not executed.
✓ Integrated Successor PHASE 7 passed.
  CX-R31 human acceptance unlocks Profile only; Profile W6–W9 are current-verified and frozen; PHASE 8 ECR is next.

> check:pvp-r1:ecr-phase8
> node scripts/check-pvp-r1-vis-phase8-ecr-w10-w16.mjs

✓ PVP-R1-VIS-W10 ECR Mandala Visual Census passed.
  Existing production renderer reused; 8 layers / 145 addressable visual nodes reconciled.
  Current W11–W16-like capabilities are inventoried only; no duplicate Mandala, calculation authority, or ECR meaning authority was created.
✓ PVP-R1-VIS-W11 Mandala Hierarchy passed.
  Primary story: CC12 → G16 → Q16 → R9; secondary depth: D12 → M8 → H64 → A8.
  D12 ranks 2–3 now resolve as supporting depth (paid) / locked depth (free); ranks 4–12 remain background.
  No ECR calculation, semantic selection, geometry, or meaning authority changed.
✓ PVP-R1-VIS-W12 Selected Configuration Path passed.
  Paid path = 8 governed points; Free Snapshot path = 5 points and withholds personalized M8/H64/A8 depth from the connecting path.
  The path is decorative projection only and does not calculate or create ECR meaning.
✓ PVP-R1-VIS-W13 Semantic Zoom passed.
  Summary → complete 145-node Mandala → focused node detail → governed deeper disclosure is preserved without changing ECR selection or meaning.
  Free locked deep nodes expose generic detail; Paid Depth may reveal only already-governed selected detail.
✓ PVP-R1-VIS-W14 Free / Paid Mandala States passed.
  Default and unknown experience states now fail closed to FREE_SNAPSHOT; explicit PAID_DEPTH remains a presentation state, not Commerce authority.
  Free locks supporting/deep detail; Paid Depth can reveal governed detail only after upstream production authorization.
✓ PVP-R1-VIS-W15 Topic Lens passed.
  Six governed ECR-TOPIC-R1 lenses are reused; production defaults to FREE_PREVIEW with max four selected-owner highlights per topic.
  The renderer only mutes/highlights supplied nodeIds and does not invent topic mapping or Reality evidence.
✓ PVP-R1-VIS-W16 Mobile Fullscreen passed.
  Fullscreen open/close, Escape, focus return, scroll region and mobile viewport rules are present on the same 145-node Mandala.
  Responsive exploration does not create an alternate mobile truth, entitlement, or topic mapping.
✓ PHASE 8 ECR W10–W16 current verification passed and frozen.
  One existing 8-layer / 145-node Mandala is reused; W12–W16 are accepted; Phase 9 Zi Wei is authorized but not executed.
✓ Integrated Successor PHASE 8 passed.
  Phase 7 authorizes ECR only; current ECR W10–W16 are verified and frozen; PHASE 9 ZV-R3 / PVP W17–W24 is next.

> check:pvp-r1:ziwei-phase9
> node scripts/check-pvp-r1-vis-phase9-ziwei-w17-w24.mjs

✓ PVP W17 Zi Wei customer density audit passed: 24/24 cases, first insight 1.76% into surface vs 43.54% predecessor; professional 12-palace detail preserved.
✓ PVP W18 Zi Wei authority scope admission passed: MFIG v1/MCD v2 preserved; v2 adds ZIWEI MFIG-051–058; MCD v3 binds projection only with productionGrant=false.
✓ PVP W19 Zi Wei 12-palace dynamic chart passed: 12/12 source-derived palaces in zh-Hans/en, existing interactive chart preserved, no synthetic score.
✓ PVP W20 Zi Wei Priority Map passed: 5 governed priorities, source rank preserved, technicalScore absent from Phase9 projection/UI.
✓ PVP W21 Zi Wei Four Transformation Flow passed: NATAL / DA_XIAN / LIU_NIAN edges match admitted source density; no good/bad score created.
✓ PVP W22 Zi Wei Timing Timeline passed: 6 governed years projected from professional timing; eventPrediction=false.
✓ PVP W23 Zi Wei Topic Map passed: 8/8 governed topics with valid palace refs; PVP selection does not create topic meaning.
✓ PVP W24 Zi Wei experience states passed: FREE useful by default; Topic governed; Deep server-entitlement locked; Reality optional; no hardcoded price/credits.
✓ PHASE 9 ZV-R3 / PVP W17–W24 current verification passed and frozen.
  Existing Zi Wei truth is reused; MFIG-051–058 carry projection identity only; Phase 10 AST/BZR/NUM is authorized but not executed.
✓ Integrated Successor PHASE 9 passed.
  Phase 8 authorizes Zi Wei only; ZV-R3/PVP W17–W24 is verified and frozen; PHASE 10 AST/BZR/NUM W25–W28 is next.

> check:pvp-r1:method-phase10
> node scripts/check-pvp-r1-vis-phase10-ast-bzr-num-w25-w28.mjs

✓ PVP W25 AST Snapshot passed: admitted AST v3 feeds a compact source-only snapshot before the existing natal-chart workspace; no calculation/meaning/commerce authority is created.
✓ PVP W26 BZR Snapshot passed: the frozen BaZi production report feeds a four-pillar visual snapshot while the full market-grade reading remains unchanged below it.
✓ PVP W27 NUM Snapshot passed: admitted numerology roles feed a compact number snapshot while the existing chart-first reading remains the semantic owner.
✓ PVP W28 Paid Depth Projection passed: new visual depth fails closed behind server entitlement, while already-admitted AST/BZR/NUM specialist readings remain governed and available; PVP owns no price or commerce truth.
✓ PVP Phase 10 AST/BZR/NUM W25–W28 passed: method-native snapshots are source-only, existing MFIG/MCD authority is reused, paid visual depth fails closed, and Phase 11 is authorized but not executed.
✓ Integrated Phase 10 passed: Phase 9 authorization is consumed, AST/BZR/NUM W25–W28 are frozen, and Relationship Visual Phase 11 is next but not executed.

> check:pvp-r1:relationship-phase11
> node scripts/check-pvp-r1-vis-phase11-relationship.mjs

✓ PVP Phase 11 Relationship Visual passed: 24/24 governed REL-W7 briefs projected; 20 specific + 4 self-pattern; five RFIG identities preserved with no compatibility score or partner hidden-state inference.
✓ PVP Phase 11 Relationship Visual aggregate passed.
✓ Integrated Phase 11 passed: existing REL authority is preserved, RFIG-001–005 Relationship visuals are projection-only, and Phase 12 static production assets are authorized but not executed.

> check:pvp-r1:static-assets:prepare
> npm run check:pvp-r1:static-assets:w29 && npm run check:pvp-r1:static-assets:w30 && node scripts/check-integrated-successor-phase12-preflight.mjs


> check:pvp-r1:static-assets:w29
> node scripts/check-pvp-r1-vis-w29-static-selection.mjs

✓ PVP W29 passed: 12/12 static production assets selected within the 8–12 budget with hero/logo/illustration/icon/background coverage.

> check:pvp-r1:static-assets:w30
> node scripts/check-pvp-r1-vis-w30-static-registry.mjs

✓ PVP W30 passed: owner-reported R2 assets are bound to the existing authority model; all 8 backgrounds are consumer-bound but remain fail-closed pending W31.
✓ Integrated Phase 12 preflight passed: W29–W31 are complete, live remote verification is frozen, and Phase 13 is authorized but not executed by this preflight.

> check:book-v-atlas:r1:m1:current
> npm run check:book-v-atlas:r1:w13 && node scripts/check-book-v-civ-atlas-r1-w16-production-freeze.mjs && npm run check:book-v-atlas:r1:m1:w5-w6


> check:book-v-atlas:r1:w13
> node scripts/check-book-v-civ-atlas-r1-w13-contextual-ask.mjs

node:internal/modules/run_main:107
    triggerUncaughtException(
    ^

AssertionError [ERR_ASSERTION]: The input did not match the regular expression /CA-T09-01/. Input:

'Compare · Song China · World c. 1000 · Commercial-Network Civilizations · 1000 CE'

    at file:///C:/phios/scripts/check-book-v-civ-atlas-r1-w13-contextual-ask.mjs:9:93
    at ModuleJob.run (node:internal/modules/esm/module_job:439:25)
    at async node:internal/modules/esm/loader:643:26
    at async asyncRunEntryPointWithESMLoader (node:internal/modules/run_main:101:5) {
  generatedMessage: true,
  code: 'ERR_ASSERTION',
  actual: 'Compare · Song China · World c. 1000 · Commercial-Network Civilizations · 1000 CE',
  expected: /CA-T09-01/,
  operator: 'match',
  diff: 'simple'
}

Node.js v24.18.0
