
> check:book-v-atlas:r1:m1:current
> npm run check:book-v-atlas:r1:w13 && node scripts/check-book-v-civ-atlas-r1-w16-production-freeze.mjs && npm run check:book-v-atlas:r1:m1:w5-w6


> check:book-v-atlas:r1:w13
> node scripts/check-book-v-civ-atlas-r1-w13-contextual-ask.mjs

✓ BOOK-V-CIV-ATLAS-R1-W13 Contextual Ask Binding passed.
  Atlas context is carried as bounded public BOOK-5 knowledge context into the existing /knowledge/ask/ runtime; Context ≠ Answer.
node:internal/modules/run_main:107
    triggerUncaughtException(
    ^

AssertionError [ERR_ASSERTION]: owner successor content drift: assets/js/pages/civilization-atlas/atlas-static-visual.js
+ actual - expected

+ '4f368fffc2e77e343417e508a0ea833c01718a305cc9416efde5de038567915d'
- '2e76442aba68266b623394fe13406b1f128b7ac532ac637b4bca06eea46519c4'

    at file:///C:/phios/scripts/check-book-v-civ-atlas-r1-w16-production-freeze.mjs:83:9
    at ModuleJob.run (node:internal/modules/esm/module_job:439:25)
    at async node:internal/modules/esm/loader:643:26
    at async asyncRunEntryPointWithESMLoader (node:internal/modules/run_main:101:5) {
  generatedMessage: false,
  code: 'ERR_ASSERTION',
  actual: '4f368fffc2e77e343417e508a0ea833c01718a305cc9416efde5de038567915d',
  expected: '2e76442aba68266b623394fe13406b1f128b7ac532ac637b4bca06eea46519c4',
  operator: 'strictEqual',
  diff: 'simple'
}

Node.js v24.18.0
