
> check:ppr-r2-final
> node scripts/check-ppr-r2-final.mjs


> check:ppr-r2:w67-unified-final-pack
> node scripts/check-ppr-r2-w67-unified-final-pack.mjs

✓ W67 Unified Final Checker Pack registered 29 required domains.
  check:ppr-r2-final is wired into npm run check and includes Profile, Relationship, Narrative, Customer Surface, Privacy, ownership, stability and E2E successors.

> check:mfp-r
> npm run check:mfp-r:w0-gap-harvest && npm run check:mfp-r:w1-gap-owner-map && npm run check:mfp-r:ast-001-machine && npm run check:mfp-r:w2-selective-fp-closure && npm run check:mfp-r:w3-r2-regeneration && npm run check:mfp-r:pre-current-reality-freeze


> check:mfp-r:w0-gap-harvest
> node scripts/check-mfp-r-w0-gap-harvest.mjs

✓ MFP-R-W0 gap harvest passed: 17 benchmark tickets reconciled to current products; 1 MATERIAL method gap admitted, 16 stale/non-product-blocking tickets retired, 0 speculative gaps.

> check:mfp-r:w1-gap-owner-map
> node scripts/check-mfp-r-w1-gap-owner-map.mjs

✓ MFP-R-W1 owner map passed: every admitted gap returns to its method Full Production owner; PPR/SMR/Cross/renderer compensation is forbidden.

> check:mfp-r:ast-001-machine
> node scripts/build-mfp-r-ast-001-machine-review.mjs && node scripts/check-mfp-r-ast-001-machine.mjs

AST MFP-R machine/review artifacts generated: 240/240 machine PASS; human 24/24 accepted; production admitted=true.
✓ MFP-R-AST-001 production successor passed: 240/240 deterministic machine cases + 24/24 human accepted + production admission; base machine candidates remain non-customer, while the method-owned admitted wrapper enables runtime use without renderer meaning.

> check:mfp-r:w2-selective-fp-closure
> node scripts/check-mfp-r-w2-selective-fp-closure.mjs

✓ MFP-R-W2 selective Full Production closure passed: AST-001 is 240/240 machine verified, 24/24 human accepted, PRODUCTION_ADMITTED and CLOSED; 16 stale benchmark tickets remain CLOSED_NOT_PRODUCT_BLOCKING.

> check:mfp-r:w3-r2-regeneration
> node scripts/build-mfp-r-w3-r2-regeneration.mjs && node scripts/check-mfp-r-w3-r2-regeneration.mjs

✓ MFP-R-W3 regeneration built: AST claims 3→6; semantic owners 2→5; 3 Planet×Sign explanations add information gain; first-screen priority stable; 0 repeated paragraphs.
✓ MFP-R-W3 R2 regeneration passed: AST before→after is IMPROVED through the existing Envelope→Claim→Theme→Dedup→Information Gain→Narrative→Customer Reading chain; priority, contradiction, timing and renderer boundaries do not regress.

> check:mfp-r:pre-current-reality-freeze
> node scripts/check-mfp-r-w4-pre-current-reality-freeze.mjs

✓ MFP-R-W4 Pre-Current-Reality Freeze passed: AST/BZR/ZWR/NUM/ECR + Cross are customer-publishable, AST recovery is 24/24 human-accepted + production-admitted + R2-regeneration IMPROVED, no BLOCKING/MATERIAL gap remains, currentRealityEntryAllowed=true.

> check:ppr-r5
> node scripts/check-ppr-r5-editorial-successor.mjs

✓ PPR-R5 editorial successor passed.
  Reality Compression → Many Interfaces → Method Taxonomy → PHI OS Governance is present before the existing product selector.
  8 interface cards are explicit; Human Design remains customer-supplied context; I Ching and Tarot remain separate question experiences.
  PPR-R5 editorial authority remains historical and intact; current shared files follow the admitted PPR-R4 v2 → HD-PRO-R2 → HD CUSTOMER_PUBLISHED successor chain.

> check:ppr-r2:w47-w66
> npm run check:ppr-r2:w47-w54 && npm run check:ppr-narrative:w54n0-brief-contract && npm run check:ppr-narrative:w54n1-w54n8 && npm run check:relationship:w0-w8 && npm run check:ppr-r2:w55-w66


> check:ppr-r2:w47-w54
> node scripts/check-ppr-r2-w47-w54.mjs

✓ W47 section registry v2 passed: 32 candidate sections across 7 governed groups; no filler and no hard section count.
✓ W48 section evidence contract passed: Profile/Assessment, Cross, Current Reality and whyThisAppears lineage are explicit.
✓ W49 governed composer passed 24/24 deterministic cases: profile 12, cross 20, Current Reality 16, HD 8.
✓ W50 governed synthesis quality passed: six content units plus deterministic Narrative Brief input arrays; no paid-writer paragraph constraint.
✓ W51 report IR v2 passed: one semantic IR for Web/Print/PDF with 6 method refs.
✓ W52 executive reading passed: 3–5 core themes, optional Profile signal, current/tension/support/open fields, opening seed and 3 curiosity questions.
✓ W53 evidence-aware factual verification passed across method, cross, Reality, Profile, reasoning and mixed-source classes.
✓ W54 unsupported factual claim guard passed: diagnosis/future/unsupported life-event/relationship fact/hidden-state/compatibility/destiny/scientific-validation claims fail closed.
✓ PPR-R2 W47–W54 Governed Personal Reading aggregate passed.

> check:ppr-narrative:w54n0-brief-contract
> node scripts/check-ppr-narrative-w54n0-brief-contract.mjs

✓ W54N0 Generic Narrative Brief passed 24/24; deterministic replay PASS_24_OF_24.
  Profile 12/12; Reality 16/8; Cross 20; customer-context 6; method coverage 1–6.
  Raw registries/calculation bypass, source-class erasure, unsupported fact expansion and provider/model inputs remain fail-closed.

> check:ppr-narrative:w54n1-w54n8
> node scripts/check-ppr-narrative-w54n1-n8.mjs ALL

✓ W54N1–W54N8 shared AI Narrative infrastructure passed (ALL).
  24/24 generation cases; personal 12, relationship 12; repair cases 15; cache 24/24; Ask 12/12.
  Writer remains narrative-only; W53/W54 verifier is factual authority; targeted repair is local; Web/Print/PDF reuse one stored NarrativeReadingIR.
  Commerce requires server-verified payment; client success page has no payment authority; Ask quota remains entitlement-driven.

> check:relationship:w0-w8
> npm run check:relationship:w0-w6 && npm run check:relationship:w7-narrative-brief && npm run check:ppr-narrative:w54n1-w54n8 && npm run check:relationship:w8-paid-narrative


> check:relationship:w0-w6
> node scripts/check-rel-w0-w6-foundation.mjs

✓ REL-W0 Relationship Intent Contract passed: explicit self/specific modes, 1–3 focus areas, explicit purpose/consent, and no inferred relationship type/outcome/compatibility authority.
✓ REL-W1 Shared Person-B Input passed: one shared birth record, explicit precision, no fabricated noon, derived timezone lineage, NUM/HD extensions, and third-party no-account/no-hidden-persistence boundary.
✓ REL-W2 Method Capability Matrix passed after REL-W4 current-authority reconciliation: AST structural relation + NUM D8 multi-factor relationship structure supported; BZR/ZWR remain contextual partial; ECR authority-pending; HD dual-chart is a machine-verified PARTIAL candidate with Human admission still pending; Person-B input never auto-grants relationship composition.
✓ REL-W3 A/B Independent Reading Freeze passed: accepted envelopes remain participant-scoped; AST and current-admitted NUM are relationship-eligible from reconciled REL-W2; partial/pending/missing pairs fail closed; deterministic freeze creates zero relationship meaning.
✓ REL-W0–W3 foundation aggregate passed. REL-W4 relationship meaning remains a separate successor gate.
{
  "status": "PASS",
  "work": "REL-W4",
  "ast": {
    "cases": 24,
    "acceptedOutcomes": 24,
    "composed": 16,
    "suppressedPrecision": 7,
    "noRuleHit": 1,
    "claims": 1056
  },
  "num": {
    "cases": 24,
    "acceptedOutcomes": 24,
    "composed": 24,
    "claims": 91,
    "connectionClaims": 19,
    "openClaims": 72
  },
  "suppressed": {
    "BZR": "CONTEXT_ONLY",
    "ZWR": "CONTEXT_ONLY",
    "ECR": "AUTHORITY_PENDING"
  },
  "customerPublicationAllowed": false,
  "humanAdmission": "PENDING"
}
✓ REL-W4 Human admission passed: 48/48 ACCEPT; AST + NUM method-level W4 wording admitted; full relationship product remains closed.
✓ REL BZR/ZWR/ECR Human admission passed: 72/72 accepted; method scopes promoted without HD or compatibility authority drift.
✓ REL-W4 all-method current reconciliation passed: AST/NUM/BZR/ZWR/ECR/HD are 144/144 Human-admitted; REL-W5 is unblocked but the full relationship product is not yet customer-published.
✓ REL-W4 all-method current freeze passed: 12 current artifacts match digests; 144/144 Human acceptance frozen before REL-W5.
✓ REL-W5 Relationship Current Reality passed.
  Current authority universe: AST, BZR, ECR, HD, NUM, ZWR (six methods Human-admitted); actual cases may omit unavailable/precision-blocked methods.
  24/24 machine cases passed; Current Reality remains customer-controlled and cannot prove/disprove a method.
✓ REL-W6 Cross-Evidence Relationship Synthesis passed.
  24/24 complete relationship cases passed across 2 / 3 / 4+ methods, Profile optionality, unavailable methods, Person-B time uncertainty, Reality support/contradiction/open/no-Reality.
  Symbolic, Profile/Assessment, and Current Reality lanes remain separate; no lane proves another and true disagreement remains NON_CONVERGENCE.
✓ REL-W0–W6 relationship foundation aggregate passed.

> check:relationship:w7-narrative-brief
> node scripts/check-rel-w7-relationship-narrative-brief.mjs

✓ REL-W7 Relationship Narrative Brief passed.
  24/24 deterministic briefs passed: 20 specific-person + 4 self-relationship-pattern cases; methods 2–6; Profile source classes preserved; Reality support/partial/contradiction/open/no-comparison covered.
  A/B remain distinct, Person B is never invented, non-convergence/counter-evidence/precision remain visible, and the brief extends W54N0 without creating a second Writer/provider authority.

> check:ppr-narrative:w54n1-w54n8
> node scripts/check-ppr-narrative-w54n1-n8.mjs ALL

✓ W54N1–W54N8 shared AI Narrative infrastructure passed (ALL).
  24/24 generation cases; personal 12, relationship 12; repair cases 15; cache 24/24; Ask 12/12.
  Writer remains narrative-only; W53/W54 verifier is factual authority; targeted repair is local; Web/Print/PDF reuse one stored NarrativeReadingIR.
  Commerce requires server-verified payment; client success page has no payment authority; Ask quota remains entitlement-driven.

> check:relationship:w8-paid-narrative
> node scripts/check-rel-w8-paid-relationship-narrative.mjs

✓ REL-W8 Paid Relationship Narrative passed 24/24.
  Specific-person 20; self-pattern 4; cache 24/24; reopen/print/PDF/reload 96/96; Ask 12/12.
  REL-W8 reuses W54N1–W54N8 Writer/Verifier/Repair/IR/Preview/Commerce/Cache/Ask; no second provider, verifier, Stripe/payment, entitlement, or cache authority.

> check:ppr-r2:w55-w66
> node scripts/check-ppr-r2-w55-w66.mjs

✓ W55–W66 Customer Experience / Boundary / Precision passed 24/24.
  Profile 12; Relationship 16; Cross 19; HD 6; low-precision cases 1.
  One semantic IR across Web/Print/PDF, explicit My Reality handoff, sensitive consent and narrative precision boundaries are fail-closed.

> check:cross-final-production-admission
> node scripts/check-cross-final-production-admission.mjs

✓ R2-W21/W21A Cross input freeze passed: 5/5 CUSTOMER_PUBLISHABLE methods; XPF confirmed context optional; HDR internal-only; SMR prose backfeed rejected.
✓ R2-W22 Cross semantic foundation passed: 16 shared dimensions; 20/20 current CUSTOMER_PUBLISHABLE claims mapped; XPF context stays contextual; currentRealityRefs remain empty.
✓ R2-W23 Cross composition passed: 10 governed cross claims; support types {"COMMON":1,"COMPLEMENTARY":4,"TENSION":0,"CONTEXT_DEPENDENT":5,"OPEN":0}; every claim has >=2 distinct CUSTOMER_PUBLISHABLE method refs; no voting/percentage/proof language.
✓ R2-W21–W23 Cross-pre + semantic foundation + governed composition aggregate passed; customer Cross cutover remains closed.
✓ R2-W24 Cross machine campaign passed: 64/64; 8 canonical inputs × 8 method sets; reading digests 64/64 unique; unmapped claims 0.
✓ R2-W25 Cross human admission passed: 36/36 accepted, 0 rejected, 0 pending; explicit founder declaration recorded and machine acceptance cannot substitute for it.
✓ R2-W26 Cross final production gate passed: W24 64/64 machine + W25 36/36 human; 2–5 method production builder deterministic; customer combinedReading API + governed renderer cutover active; Current Reality remains separately gated.
✓ PPR Successor W42–W46 Current Reality passed.
  W42 explicit opt-in/purpose/minimal collection + separate sensitive consent enforced.
  W43 progressive 8-question entry; no long questionnaire.
  W44 customer observations remain CUSTOMER / SELF_REPORTED and never become diagnosis/fact.
  W45/W46 explicit customer comparison uses four governed states; agreement never becomes proof.

> check:profile:final
> npm run check:profile:w0-w10f && npm run check:profile:w11-progressive-profile-ux && npm run check:profile:w12-machine && npm run check:profile:w12-human-review && npm run check:profile:w12-production-admission && node scripts/check-profile-prf-final.mjs


> check:profile:w0-w10f
> npm run check:profile:w0-w10 && npm run check:profile:w10a-w10f


> check:profile:w0-w10
> npm run check:profile:w0-w6 && npm run check:profile:w7-w10


> check:profile:w0-w6
> node scripts/check-profile-prf-w0-w6.mjs ALL

✓ PRF-W0 source-class contract + A0 authority reconciliation passed.
✓ PRF-W1 external Profile import preserves provider identity and explicit customer provenance.
✓ PRF-W2 provider capability registry fails closed on testing, scoring and relationship comparison.
✓ PRF-W3 Self-Assessment v2: 6 domains × 5 facets, bilingual and explicitly non-diagnostic.
✓ PRF-W4 scoring requires explicit/sensitive consent and produces bounded self-report indices — no quotient or diagnosis.
✓ PRF-W5 reasoning-task contract is separate, raw-only and closed until an original/admitted production task bank exists.
✓ PRF-W6 canonical ProfileSignalEnvelope passed: 11 fixture signals preserve source class + deterministic lineage.
✓ PRF-W0–W6 Profile foundation machine gate passed. Customer publication remains closed until PRF-W12.

> check:profile:w7-w10
> node scripts/check-profile-prf-w7-w10.mjs ALL

✓ PRF-W7 Profile × Current Reality correlation passed: explicit customer comparison, open-by-default, date disclosed, no truth conversion.
✓ PRF-W8 Cross-Source Perspective passed: explicit admitted rules, source classes preserved, disagreement/open retained, no scientific-validation conversion.
✓ PRF-W9 Relationship Profile Evidence lane passed: A/B remain distinct, admitted same-lane rules only, no REL-W4 merge, score, mind-reading or outcome prediction.
✓ PRF-W10 Academic Bridge registry passed: IPIP bridge bounded, raw reasoning separate, RIASEC/OECD successors fail closed until separate admission.
✓ PRF-W7–W10 Profile context tranche machine gate passed. Customer publication remains closed until PRF-W12 human admission + freeze.

> check:profile:w10a-w10f
> node scripts/check-profile-prf-w10a-w10f.mjs ALL

✓ PRF-W10A academic status model passed: availability, norming and scoring provenance remain orthogonal.
✓ PRF-W10B IPIP passed: 50 + 120 item banks, bilingual candidate, keyed scoring, no invented percentile or diagnosis.
✓ PRF-W10C original reasoning bank passed: 25 original items, five families/tier coverage, raw performance renderer only.
✓ PRF-W10D O*NET adapter passed: v2 X-API-Key, 30/60 forms, external RIASEC scoring, attribution and career bridge boundaries.
✓ PRF-W10E OECD/INFE-adapted financial capability passed: CC BY admission, bilingual adaptation, separated knowledge/self-report scoring, no official OECD-score claim.
✓ PRF-W10F unified ProfileSignalEnvelope integration passed: 21 signals, source classes preserved, no master-score flattening.
✓ PRF-W10A–W10F academic bridge full-activation tranche passed; customer cutover remains closed pending PRF-W11/W12.

> check:profile:w11-progressive-profile-ux
> node scripts/check-profile-prf-w11.mjs

✓ PRF-W11 customer full-production successor passed: seven optional Profile modes are visible and production-routable.
  IPIP Big Five + Financial Capability + O*NET are now customer-surface consumers; Profile remains optional and source-aware.

> check:profile:w12-machine
> node scripts/check-profile-prf-w12-machine.mjs

✓ PRF-W12 machine campaign passed 24/24 across source-only, mixed/conflict, stale-date, A/B, relationship and Current Reality coverage.
  The campaign itself remains historical non-publishable evidence; current production authority comes from the separate 24/24 human admission + freeze promotion.

> check:profile:w12-human-review
> node scripts/check-profile-prf-w12-human-review.mjs

✓ PRF-W12 human review is 24/24 accepted.

> check:profile:w12-production-admission
> node scripts/check-profile-prf-w12-production-admission.mjs

✓ PRF-W12 production promotion gate passed: 24/24 human acceptance -> 8/8 active freezes -> customer cutover eligible/not executed.
✓ PRF-W12 Production Admission passed: 24/24 human accepted, 8/8 required freezes active, Profile production authority admitted.
  Customer Profile cutover is executed: route is indexable, Perspectives navigation is visible, and seven optional modes are production-routable.

> check:relationship:w0-w8
> npm run check:relationship:w0-w6 && npm run check:relationship:w7-narrative-brief && npm run check:ppr-narrative:w54n1-w54n8 && npm run check:relationship:w8-paid-narrative


> check:relationship:w0-w6
> node scripts/check-rel-w0-w6-foundation.mjs

✓ REL-W0 Relationship Intent Contract passed: explicit self/specific modes, 1–3 focus areas, explicit purpose/consent, and no inferred relationship type/outcome/compatibility authority.
✓ REL-W1 Shared Person-B Input passed: one shared birth record, explicit precision, no fabricated noon, derived timezone lineage, NUM/HD extensions, and third-party no-account/no-hidden-persistence boundary.
✓ REL-W2 Method Capability Matrix passed after REL-W4 current-authority reconciliation: AST structural relation + NUM D8 multi-factor relationship structure supported; BZR/ZWR remain contextual partial; ECR authority-pending; HD dual-chart is a machine-verified PARTIAL candidate with Human admission still pending; Person-B input never auto-grants relationship composition.
✓ REL-W3 A/B Independent Reading Freeze passed: accepted envelopes remain participant-scoped; AST and current-admitted NUM are relationship-eligible from reconciled REL-W2; partial/pending/missing pairs fail closed; deterministic freeze creates zero relationship meaning.
✓ REL-W0–W3 foundation aggregate passed. REL-W4 relationship meaning remains a separate successor gate.
{
  "status": "PASS",
  "work": "REL-W4",
  "ast": {
    "cases": 24,
    "acceptedOutcomes": 24,
    "composed": 16,
    "suppressedPrecision": 7,
    "noRuleHit": 1,
    "claims": 1056
  },
  "num": {
    "cases": 24,
    "acceptedOutcomes": 24,
    "composed": 24,
    "claims": 91,
    "connectionClaims": 19,
    "openClaims": 72
  },
  "suppressed": {
    "BZR": "CONTEXT_ONLY",
    "ZWR": "CONTEXT_ONLY",
    "ECR": "AUTHORITY_PENDING"
  },
  "customerPublicationAllowed": false,
  "humanAdmission": "PENDING"
}
✓ REL-W4 Human admission passed: 48/48 ACCEPT; AST + NUM method-level W4 wording admitted; full relationship product remains closed.
✓ REL BZR/ZWR/ECR Human admission passed: 72/72 accepted; method scopes promoted without HD or compatibility authority drift.
✓ REL-W4 all-method current reconciliation passed: AST/NUM/BZR/ZWR/ECR/HD are 144/144 Human-admitted; REL-W5 is unblocked but the full relationship product is not yet customer-published.
✓ REL-W4 all-method current freeze passed: 12 current artifacts match digests; 144/144 Human acceptance frozen before REL-W5.
✓ REL-W5 Relationship Current Reality passed.
  Current authority universe: AST, BZR, ECR, HD, NUM, ZWR (six methods Human-admitted); actual cases may omit unavailable/precision-blocked methods.
  24/24 machine cases passed; Current Reality remains customer-controlled and cannot prove/disprove a method.
✓ REL-W6 Cross-Evidence Relationship Synthesis passed.
  24/24 complete relationship cases passed across 2 / 3 / 4+ methods, Profile optionality, unavailable methods, Person-B time uncertainty, Reality support/contradiction/open/no-Reality.
  Symbolic, Profile/Assessment, and Current Reality lanes remain separate; no lane proves another and true disagreement remains NON_CONVERGENCE.
✓ REL-W0–W6 relationship foundation aggregate passed.

> check:relationship:w7-narrative-brief
> node scripts/check-rel-w7-relationship-narrative-brief.mjs

✓ REL-W7 Relationship Narrative Brief passed.
  24/24 deterministic briefs passed: 20 specific-person + 4 self-relationship-pattern cases; methods 2–6; Profile source classes preserved; Reality support/partial/contradiction/open/no-comparison covered.
  A/B remain distinct, Person B is never invented, non-convergence/counter-evidence/precision remain visible, and the brief extends W54N0 without creating a second Writer/provider authority.

> check:ppr-narrative:w54n1-w54n8
> node scripts/check-ppr-narrative-w54n1-n8.mjs ALL

✓ W54N1–W54N8 shared AI Narrative infrastructure passed (ALL).
  24/24 generation cases; personal 12, relationship 12; repair cases 15; cache 24/24; Ask 12/12.
  Writer remains narrative-only; W53/W54 verifier is factual authority; targeted repair is local; Web/Print/PDF reuse one stored NarrativeReadingIR.
  Commerce requires server-verified payment; client success page has no payment authority; Ask quota remains entitlement-driven.

> check:relationship:w8-paid-narrative
> node scripts/check-rel-w8-paid-relationship-narrative.mjs

✓ REL-W8 Paid Relationship Narrative passed 24/24.
  Specific-person 20; self-pattern 4; cache 24/24; reopen/print/PDF/reload 96/96; Ask 12/12.
  REL-W8 reuses W54N1–W54N8 Writer/Verifier/Repair/IR/Preview/Commerce/Cache/Ask; no second provider, verifier, Stripe/payment, entitlement, or cache authority.

> check:runtime-security-privacy
> node --no-warnings scripts/check-runtime-security-privacy.mjs

✓ M2-W8 Runtime classification, privacy logging, deletion/export, Professional Access, and Research Consent Boundary checks passed.

> check:ppr-r2-shared-ownership
> node scripts/check-ppr-r2-shared-file-ownership.mjs

✓ PPR-R2-W1 shared-file ownership authority passed: Personal Reality owns the three convergence files; method production roots do not directly reference them.

> check:ppr-current-shared-owner
> node scripts/check-ppr-current-shared-owner.mjs

✓ PPR current shared-owner registry 19/19 passed.
  Historical freezes remain audit evidence; current runtime bytes are owned and checked once, with semantic and forbidden-behaviour gates.

> check:ppr-r2:w68-shared-ownership-no-legacy-leak
> node scripts/check-ppr-r2-w68-shared-ownership-no-legacy-leak.mjs

✓ W68 Shared-file Ownership + No Legacy Leak passed.
  3/3 convergence files remain owned by PERSONAL_REALITY_PRODUCT_ORCHESTRATION; historical W68 bytes remain recognized predecessors while the current byte registry owns the active successor.
  Narrative provider/raw-method/customer-authority/payment-success leaks rejected; Profile and shared Person-B alternate owners rejected.

> check:ppr-r2:w69-deterministic-generative-stability
> node scripts/check-ppr-r2-w69-deterministic-generative-stability.mjs

✓ W69 Deterministic Replay + Generative Stability passed 24/24.
  Governed Personal/Relationship briefs replay byte-stably; fresh AI wording may differ while factual support/prohibitions remain stable.
  Stored NarrativeReadingIR reopens with the same narrativeId/content and zero writer regeneration.

> check:ppr-r2:w70-paid-narrative-e2e
> node scripts/check-ppr-r2-w70-paid-narrative-e2e.mjs

✓ W70 Customer Product E2E passed 72/72 complete paid flows.
  Cohorts: ordinary 24/24; Profile/Assessment 24/24; Relationship 24/24. Each reaches stored NarrativeReadingIR and reopens across Web/Print/PDF without provider regeneration.
  Targeted repair exercised in 47/72 successful flows; Profile source classes 4/4; relationship modes both covered.
  Failure coverage passed: timeout, refusal, invalid provider output, verification failure, repair failure, paid-generation failure, retry, no duplicate charge/narrative, reopen/PDF without provider call.
✓ W67–W70 unified final machine pack passed 14/14 executable steps.

> check:ppr-r2:post-machine-human-gate
> npm run check:ppr-r2:w71-w73-human-acceptance && npm run check:ppr-r2:w74-shadow-precutover && npm run check:ppr-r2:w75-production-like-smoke && npm run check:ppr-r2:w76-w78-production-cutover && npm run check:continuity:w79-w85 && npm run check:continuity:w86-machine && npm run check:continuity:w87-review-readiness && npm run check:continuity:w88-cutover-gate


> check:ppr-r2:w71-w73-human-acceptance
> node scripts/check-ppr-r2-w71-w73-human-acceptance.mjs

✓ W71-W73 Human acceptance passed: all three campaigns are 24/24 accepted with 0 revised/rejected/pending.

> check:ppr-r2:w74-shadow-precutover
> node scripts/check-ppr-r2-w74-shadow-precutover.mjs

✓ W74 shadow pre-cutover evidence current: 24/24 machine shadow observations; Human gate is accepted; W76 is eligible.

> check:ppr-r2:w75-production-like-smoke
> node scripts/check-ppr-r2-w75-production-like-smoke.mjs

✓ W75 production-like smoke evidence current; no live external provider/payment/storage claim is fabricated.

> check:ppr-r2:w76-w78-production-cutover
> node scripts/check-ppr-r2-w76-w78-production-cutover.mjs

✓ W76-W78 cutover / retirement / production freeze passed: Human 72/72 accepted, successor-only authority active, live external services remain explicitly unclaimed and fail-closed.

> check:continuity:w79-w85
> node scripts/check-continuity-w79-w85.mjs

✓ W79-W85 Continuity authority passed: subscription remains separately configured, recurring commerce is card-only, entitlement/server quota, explicit context selection, delta-not-regeneration, retention boundaries.

> check:continuity:w86-machine
> node scripts/check-continuity-w86-machine.mjs

✓ W86 Continuity machine acceptance passed: 24/24 scenarios.

> check:continuity:w87-review-readiness
> node scripts/check-continuity-w87-review-readiness.mjs

✓ W87 Human review readiness passed: 24 unique delta cases; Human decision remains 0/24 accepted and 24 pending.

> check:continuity:w88-cutover-gate
> node scripts/check-continuity-w88-cutover-gate.mjs

✓ W88 correctly BLOCKED: W87 Human acceptance and commercial/live recurring configuration are not complete.

> check:integrated-phase0
> node scripts/check-integrated-successor-phase0.mjs

✓ Integrated Successor PHASE 0 passed.
  Current main 552f6d973dcaa32aa72f7f1d676ec2bc74434729 is reconciled; three source masters are byte-preserved and migrated under one cross-program successor order.
  Current CX/P1/KAP presentation authority is honored without restoring retired Stage16/CIR DOM; ECR topic runtime remains Cloudflare-safe.
  PHASE 0 acceptance/freeze is active; archive-only .git/AJV limits are recorded without weakening production checkers or fabricating a full npm-check PASS.

> check:integrated-phase1
> npm run check:cx-rebuild && node scripts/check-integrated-successor-phase1.mjs


> check:cx-rebuild
> npm run check:cx-r9-r2 && node scripts/check-cx-r10-r30-current.mjs ALL


> check:cx-r9-r2
> npm run check:cx-r13 && node scripts/check-cx-r9-r2-contextual-ask.mjs && node scripts/check-cx-r9-r2-customer-cutover.mjs


> check:cx-r13
> npm run check:cx-r12r && node scripts/check-cx-r13-financial-reality.mjs


> check:cx-r12r
> npm run check:cx-r12 && npm run check:cx-location-resolution && npm run check:cx-location-input-humanization && npm run check:cx-human-language && node scripts/check-cx-r12r-personal-reality-recovery.mjs


> check:cx-r12
> npm run check:cx-r10 && node scripts/check-cx-r12-personal-reality.mjs


> check:cx-r10
> npm run check:cx-r20 && node scripts/check-cx-r10-my-reality.mjs


> check:cx-r20
> npm run check:cx-foundation && node scripts/check-cx-r20-runtime-projection-adapters.mjs


> check:cx-foundation
> npm run check:cx-r5


> check:cx-r5
> npm run check:cx-r4 && node scripts/check-cx-r5-global-shell.mjs


> check:cx-r4
> npm run check:cx-r3 && node scripts/check-cx-r4-visual-assets.mjs


> check:cx-r3
> npm run check:cx-r2 && node scripts/check-cx-r3-customer-design-system.mjs && npm run check:cx-no-legacy-css && npm run check:cx-no-legacy-selectors && npm run check:cx-no-old-component-copy


> check:cx-r2
> npm run check:cx-r1a && node scripts/check-cx-r2-information-architecture.mjs


> check:cx-r1a
> npm run check:cx-r1 && node scripts/check-cx-r1a-hard-cutover-preparation.mjs && npm run check:cx-no-legacy-route-reference


> check:cx-r1
> npm run check:cx-r0 && npm run check:cx-r1-quarantine && npm run check:cx-no-legacy-css && npm run check:cx-no-legacy-selectors && npm run check:cx-no-old-component-copy


> check:cx-r0
> node scripts/check-cx-r0-baseline.mjs

✓ CX-R0 historical freeze passed at f6d31da: 134 frozen customer HTML surfaces, 86 frozen stylesheet consumers, 77 frozen script consumers.
✓ CX-R0 checker no longer regenerates the R0 census from a later R3/R4 working tree; live R1 guards remain separate.
✓ CX-R0 ACCEPTED: CURRENT_SURFACE_INVENTORY_COMPLETE · LEGACY_DEPENDENCIES_MAPPED · NO_SECOND_AUTHORITY · READY_FOR_QUARANTINE

> check:cx-r1-quarantine
> node scripts/check-cx-r1-quarantine.mjs

✓ CX-R1 current quarantine passed: 124 legacy/predecessor presentations frozen; 10 existing CX surfaces explicitly require successor reconciliation.
✓ CX-R1 ACCEPTED: LEGACY_PRESENTATION_QUARANTINED · NEW_CUSTOMER_SURFACES_CLEAN_ROOM_READY

> check:cx-no-legacy-css
> node scripts/check-cx-no-legacy-css.mjs

✓ CX-R1-W2 legacy CSS import guard passed: 1414 CX HTML surfaces + customer-ui sources contain 0 frozen legacy stylesheet imports.

> check:cx-no-legacy-selectors
> node scripts/check-cx-no-legacy-selectors.mjs

node:internal/modules/run_main:107
    triggerUncaughtException(
    ^

AssertionError [ERR_ASSERTION]: CX legacy namespace guard failed:
articles/book5-american-conquests.html: public-
articles/book5-black-death-and-reorganization.html: public-
articles/book5-bronze-age-networks.html: public-
articles/book5-byzantine-succession.html: public-
articles/book5-civilization-continuity.html: public-
articles/book5-civilization-scales.html: public-
articles/book5-civilizations-and-states.html: public-
articles/book5-classical-worlds.html: public-
articles/book5-colonial-order.html: public-
articles/book5-columbian-exchange.html: public-
articles/book5-comparing-civilizations.html: public-
articles/book5-complexity-beyond-unity.html: public-
articles/book5-continental-networks.html: public-
articles/book5-contingency-and-paths.html: public-
articles/book5-distance-language-memory.html: public-
articles/book5-early-civilization-paths.html: public-
articles/book5-energy-population-disease.html: public-
articles/book5-geography-water-food.html: public-
articles/book5-greek-world.html: public-
articles/book5-industrial-divergence.html: public-
articles/book5-industrial-organization.html: public-
articles/book5-industrial-threshold.html: public-
articles/book5-influence-beyond-territory.html: public-
articles/book5-iron-and-empires.html: public-
articles/book5-modern-states-and-empires.html: public-
articles/book5-mongol-connections.html: public-
articles/book5-multiple-modernities.html: public-
articles/book5-ocean-and-desert-networks.html: public-
articles/book5-oceanic-connections.html: public-
articles/book5-paths-of-reform.html: public-
articles/book5-qin-han-coordination.html: public-
articles/book5-religious-continuity.html: public-
articles/book5-religious-networks.html: public-
articles/book5-river-civilizations.html: public-
articles/book5-roman-expansion.html: public-
articles/book5-settlement-and-cities.html: public-
articles/book5-silver-and-global-connections.html: public-
articles/book5-song-china.html: public-
articles/book5-sumerian-cities.html: public-
articles/book5-tang-and-abbasid.html: public-
articles/book5-translation-and-knowledge.html: public-
articles/book5-unequal-modernities.html: public-
articles/book6-africa-latin-america-nonalignment.html: public-
articles/book6-borders-revolution-soviet-runtime.html: public-
articles/book6-carrier-migration-projection-thresholds.html: public-
articles/book6-connection-mobility-future-capacity.html: public-
articles/book6-decolonization-borders-india.html: public-
articles/book6-developmentalism-industrialization-outcomes.html: public-
articles/book6-environment-work-income.html: public-
articles/book6-expansion-future-atlas.html: public-
articles/book6-finance-multinationals-computers.html: public-
articles/book6-globalization-containerization-oil.html: public-
articles/book6-health-happiness-security.html: public-
articles/book6-housing-time-work-pressure.html: public-
articles/book6-internet-supply-chains-global-cities.html: public-
articles/book6-interwar-economy-crisis-mobilization.html: public-
articles/book6-japan-east-asia-cold-war.html: public-
articles/book6-migration-platforms-systemic-risk.html: public-
articles/book6-network-platform-ai-infrastructure.html: public-
articles/book6-south-asia-southeast-asia-middle-east.html: public-
articles/book6-soviet-bloc-and-china.html: public-
articles/book6-speed-cost-threshold.html: public-
articles/book6-stage-capacity-alignment-resilience.html: public-
articles/book6-succession-reform-revolution.html: public-
articles/book6-un-reconstruction-european-integration.html: public-
articles/book6-us-system-bretton-woods-dollar.html: public-
articles/book6-war-crisis-external-pressure.html: public-
articles/book6-what-is-reconfiguration.html: public-
articles/book6-world-war-one-and-empires.html: public-
articles/book6-world-war-two-genocide-nuclear-age.html: public-
+ actual - expected

+ [
+   {
+     file: 'articles/book5-american-conquests.html',
+     prefix: 'public-'
+   },
+   {
+     file: 'articles/book5-black-death-and-reorganization.html',
+     prefix: 'public-'
+   },
+   {
+     file: 'articles/book5-bronze-age-networks.html',
+     prefix: 'public-'
+   },
+   {
+     file: 'articles/book5-byzantine-succession.html',
+     prefix: 'public-'
+   },
+   {
+     file: 'articles/book5-civilization-continuity.html',
+     prefix: 'public-'
+   },
+   {
+     file: 'articles/book5-civilization-scales.html',
+     prefix: 'public-'
+   },
+   {
+     file: 'articles/book5-civilizations-and-states.html',
+     prefix: 'public-'
+   },
+   {
+     file: 'articles/book5-classical-worlds.html',
+     prefix: 'public-'
+   },
+   {
+     file: 'articles/book5-colonial-order.html',
+     prefix: 'public-'
+   },
+   {
+     file: 'articles/book5-columbian-exchange.html',
+     prefix: 'public-'
+   },
+   {
+     file: 'articles/book5-comparing-civilizations.html',
+     prefix: 'public-'
+   },
+   {
+     file: 'articles/book5-complexity-beyond-unity.html',
+     prefix: 'public-'
+   },
+   {
+     file: 'articles/book5-continental-networks.html',
+     prefix: 'public-'
+   },
+   {
+     file: 'articles/book5-contingency-and-paths.html',
+     prefix: 'public-'
+   },
+   {
+     file: 'articles/book5-distance-language-memory.html',
+     prefix: 'public-'
+   },
+   {
+     file: 'articles/book5-early-civilization-paths.html',
+     prefix: 'public-'
+   },
+   {
+     file: 'articles/book5-energy-population-disease.html',
+     prefix: 'public-'
+   },
+   {
+     file: 'articles/book5-geography-water-food.html',
+     prefix: 'public-'
+   },
+   {
+     file: 'articles/book5-greek-world.html',
+     prefix: 'public-'
+   },
+   {
+     file: 'articles/book5-industrial-divergence.html',
+     prefix: 'public-'
+   },
+   {
+     file: 'articles/book5-industrial-organization.html',
+     prefix: 'public-'
+   },
+   {
+     file: 'articles/book5-industrial-threshold.html',
+     prefix: 'public-'
+   },
+   {
+     file: 'articles/book5-influence-beyond-territory.html',
+     prefix: 'public-'
+   },
+   {
+     file: 'articles/book5-iron-and-empires.html',
+     prefix: 'public-'
+   },
+   {
+     file: 'articles/book5-modern-states-and-empires.html',
+     prefix: 'public-'
+   },
+   {
+     file: 'articles/book5-mongol-connections.html',
+     prefix: 'public-'
+   },
+   {
+     file: 'articles/book5-multiple-modernities.html',
+     prefix: 'public-'
+   },
+   {
+     file: 'articles/book5-ocean-and-desert-networks.html',
+     prefix: 'public-'
+   },
+   {
+     file: 'articles/book5-oceanic-connections.html',
+     prefix: 'public-'
+   },
+   {
+     file: 'articles/book5-paths-of-reform.html',
+     prefix: 'public-'
+   },
+   {
+     file: 'articles/book5-qin-han-coordination.html',
+     prefix: 'public-'
+   },
+   {
+     file: 'articles/book5-religious-continuity.html',
+     prefix: 'public-'
+   },
+   {
+     file: 'articles/book5-religious-networks.html',
+     prefix: 'public-'
+   },
+   {
+     file: 'articles/book5-river-civilizations.html',
+     prefix: 'public-'
+   },
+   {
+     file: 'articles/book5-roman-expansion.html',
+     prefix: 'public-'
+   },
+   {
+     file: 'articles/book5-settlement-and-cities.html',
+     prefix: 'public-'
+   },
+   {
+     file: 'articles/book5-silver-and-global-connections.html',
+     prefix: 'public-'
+   },
+   {
+     file: 'articles/book5-song-china.html',
+     prefix: 'public-'
+   },
+   {
+     file: 'articles/book5-sumerian-cities.html',
+     prefix: 'public-'
+   },
+   {
+     file: 'articles/book5-tang-and-abbasid.html',
+     prefix: 'public-'
+   },
+   {
+     file: 'articles/book5-translation-and-knowledge.html',
+     prefix: 'public-'
+   },
+   {
+     file: 'articles/book5-unequal-modernities.html',
+     prefix: 'public-'
+   },
+   {
+     file: 'articles/book6-africa-latin-america-nonalignment.html',
+     prefix: 'public-'
+   },
+   {
+     file: 'articles/book6-borders-revolution-soviet-runtime.html',
+     prefix: 'public-'
+   },
+   {
+     file: 'articles/book6-carrier-migration-projection-thresholds.html',
+     prefix: 'public-'
+   },
+   {
+     file: 'articles/book6-connection-mobility-future-capacity.html',
+     prefix: 'public-'
+   },
+   {
+     file: 'articles/book6-decolonization-borders-india.html',
+     prefix: 'public-'
+   },
+   {
+     file: 'articles/book6-developmentalism-industrialization-outcomes.html',
+     prefix: 'public-'
+   },
+   {
+     file: 'articles/book6-environment-work-income.html',
+     prefix: 'public-'
+   },
+   {
+     file: 'articles/book6-expansion-future-atlas.html',
+     prefix: 'public-'
+   },
+   {
+     file: 'articles/book6-finance-multinationals-computers.html',
+     prefix: 'public-'
+   },
+   {
+     file: 'articles/book6-globalization-containerization-oil.html',
+     prefix: 'public-'
+   },
+   {
+     file: 'articles/book6-health-happiness-security.html',
+     prefix: 'public-'
+   },
+   {
+     file: 'articles/book6-housing-time-work-pressure.html',
+     prefix: 'public-'
+   },
+   {
+     file: 'articles/book6-internet-supply-chains-global-cities.html',
+     prefix: 'public-'
+   },
+   {
+     file: 'articles/book6-interwar-economy-crisis-mobilization.html',
+     prefix: 'public-'
+   },
+   {
+     file: 'articles/book6-japan-east-asia-cold-war.html',
+     prefix: 'public-'
+   },
+   {
+     file: 'articles/book6-migration-platforms-systemic-risk.html',
+     prefix: 'public-'
+   },
+   {
+     file: 'articles/book6-network-platform-ai-infrastructure.html',
+     prefix: 'public-'
+   },
+   {
+     file: 'articles/book6-south-asia-southeast-asia-middle-east.html',
+     prefix: 'public-'
+   },
+   {
+     file: 'articles/book6-soviet-bloc-and-china.html',
+     prefix: 'public-'
+   },
+   {
+     file: 'articles/book6-speed-cost-threshold.html',
+     prefix: 'public-'
+   },
+   {
+     file: 'articles/book6-stage-capacity-alignment-resilience.html',
+     prefix: 'public-'
+   },
+   {
+     file: 'articles/book6-succession-reform-revolution.html',
+     prefix: 'public-'
+   },
+   {
+     file: 'articles/book6-un-reconstruction-european-integration.html',
+     prefix: 'public-'
+   },
+   {
+     file: 'articles/book6-us-system-bretton-woods-dollar.html',
+     prefix: 'public-'
+   },
+   {
+     file: 'articles/book6-war-crisis-external-pressure.html',
+     prefix: 'public-'
+   },
+   {
+     file: 'articles/book6-what-is-reconfiguration.html',
+     prefix: 'public-'
+   },
+   {
+     file: 'articles/book6-world-war-one-and-empires.html',
+     prefix: 'public-'
+   },
+   {
+     file: 'articles/book6-world-war-two-genocide-nuclear-age.html',
+     prefix: 'public-'
+   }
+ ]
- []

    at file:///C:/phios/scripts/check-cx-no-legacy-selectors.mjs:23:8
    at ModuleJob.run (node:internal/modules/esm/module_job:439:25)
    at async node:internal/modules/esm/loader:643:26
    at async asyncRunEntryPointWithESMLoader (node:internal/modules/run_main:101:5) {
  generatedMessage: false,
  code: 'ERR_ASSERTION',
  actual: [
    {
      file: 'articles/book5-american-conquests.html',
      prefix: 'public-'
    },
    {
      file: 'articles/book5-black-death-and-reorganization.html',
      prefix: 'public-'
    },
    {
      file: 'articles/book5-bronze-age-networks.html',
      prefix: 'public-'
    },
    {
      file: 'articles/book5-byzantine-succession.html',
      prefix: 'public-'
    },
    {
      file: 'articles/book5-civilization-continuity.html',
      prefix: 'public-'
    },
    {
      file: 'articles/book5-civilization-scales.html',
      prefix: 'public-'
    },
    {
      file: 'articles/book5-civilizations-and-states.html',
      prefix: 'public-'
    },
    { file: 'articles/book5-classical-worlds.html', prefix: 'public-' },
    { file: 'articles/book5-colonial-order.html', prefix: 'public-' },
    {
      file: 'articles/book5-columbian-exchange.html',
      prefix: 'public-'
    },
    {
      file: 'articles/book5-comparing-civilizations.html',
      prefix: 'public-'
    },
    {
      file: 'articles/book5-complexity-beyond-unity.html',
      prefix: 'public-'
    },
    {
      file: 'articles/book5-continental-networks.html',
      prefix: 'public-'
    },
    {
      file: 'articles/book5-contingency-and-paths.html',
      prefix: 'public-'
    },
    {
      file: 'articles/book5-distance-language-memory.html',
      prefix: 'public-'
    },
    {
      file: 'articles/book5-early-civilization-paths.html',
      prefix: 'public-'
    },
    {
      file: 'articles/book5-energy-population-disease.html',
      prefix: 'public-'
    },
    {
      file: 'articles/book5-geography-water-food.html',
      prefix: 'public-'
    },
    { file: 'articles/book5-greek-world.html', prefix: 'public-' },
    {
      file: 'articles/book5-industrial-divergence.html',
      prefix: 'public-'
    },
    {
      file: 'articles/book5-industrial-organization.html',
      prefix: 'public-'
    },
    {
      file: 'articles/book5-industrial-threshold.html',
      prefix: 'public-'
    },
    {
      file: 'articles/book5-influence-beyond-territory.html',
      prefix: 'public-'
    },
    { file: 'articles/book5-iron-and-empires.html', prefix: 'public-' },
    {
      file: 'articles/book5-modern-states-and-empires.html',
      prefix: 'public-'
    },
    {
      file: 'articles/book5-mongol-connections.html',
      prefix: 'public-'
    },
    {
      file: 'articles/book5-multiple-modernities.html',
      prefix: 'public-'
    },
    {
      file: 'articles/book5-ocean-and-desert-networks.html',
      prefix: 'public-'
    },
    {
      file: 'articles/book5-oceanic-connections.html',
      prefix: 'public-'
    },
    { file: 'articles/book5-paths-of-reform.html', prefix: 'public-' },
    {
      file: 'articles/book5-qin-han-coordination.html',
      prefix: 'public-'
    },
    {
      file: 'articles/book5-religious-continuity.html',
      prefix: 'public-'
    },
    {
      file: 'articles/book5-religious-networks.html',
      prefix: 'public-'
    },
    {
      file: 'articles/book5-river-civilizations.html',
      prefix: 'public-'
    },
    { file: 'articles/book5-roman-expansion.html', prefix: 'public-' },
    {
      file: 'articles/book5-settlement-and-cities.html',
      prefix: 'public-'
    },
    {
      file: 'articles/book5-silver-and-global-connections.html',
      prefix: 'public-'
    },
    { file: 'articles/book5-song-china.html', prefix: 'public-' },
    { file: 'articles/book5-sumerian-cities.html', prefix: 'public-' },
    { file: 'articles/book5-tang-and-abbasid.html', prefix: 'public-' },
    {
      file: 'articles/book5-translation-and-knowledge.html',
      prefix: 'public-'
    },
    {
      file: 'articles/book5-unequal-modernities.html',
      prefix: 'public-'
    },
    {
      file: 'articles/book6-africa-latin-america-nonalignment.html',
      prefix: 'public-'
    },
    {
      file: 'articles/book6-borders-revolution-soviet-runtime.html',
      prefix: 'public-'
    },
    {
      file: 'articles/book6-carrier-migration-projection-thresholds.html',
      prefix: 'public-'
    },
    {
      file: 'articles/book6-connection-mobility-future-capacity.html',
      prefix: 'public-'
    },
    {
      file: 'articles/book6-decolonization-borders-india.html',
      prefix: 'public-'
    },
    {
      file: 'articles/book6-developmentalism-industrialization-outcomes.html',
      prefix: 'public-'
    },
    {
      file: 'articles/book6-environment-work-income.html',
      prefix: 'public-'
    },
    {
      file: 'articles/book6-expansion-future-atlas.html',
      prefix: 'public-'
    },
    {
      file: 'articles/book6-finance-multinationals-computers.html',
      prefix: 'public-'
    },
    {
      file: 'articles/book6-globalization-containerization-oil.html',
      prefix: 'public-'
    },
    {
      file: 'articles/book6-health-happiness-security.html',
      prefix: 'public-'
    },
    {
      file: 'articles/book6-housing-time-work-pressure.html',
      prefix: 'public-'
    },
    {
      file: 'articles/book6-internet-supply-chains-global-cities.html',
      prefix: 'public-'
    },
    {
      file: 'articles/book6-interwar-economy-crisis-mobilization.html',
      prefix: 'public-'
    },
    {
      file: 'articles/book6-japan-east-asia-cold-war.html',
      prefix: 'public-'
    },
    {
      file: 'articles/book6-migration-platforms-systemic-risk.html',
      prefix: 'public-'
    },
    {
      file: 'articles/book6-network-platform-ai-infrastructure.html',
      prefix: 'public-'
    },
    {
      file: 'articles/book6-south-asia-southeast-asia-middle-east.html',
      prefix: 'public-'
    },
    {
      file: 'articles/book6-soviet-bloc-and-china.html',
      prefix: 'public-'
    },
    {
      file: 'articles/book6-speed-cost-threshold.html',
      prefix: 'public-'
    },
    {
      file: 'articles/book6-stage-capacity-alignment-resilience.html',
      prefix: 'public-'
    },
    {
      file: 'articles/book6-succession-reform-revolution.html',
      prefix: 'public-'
    },
    {
      file: 'articles/book6-un-reconstruction-european-integration.html',
      prefix: 'public-'
    },
    {
      file: 'articles/book6-us-system-bretton-woods-dollar.html',
      prefix: 'public-'
    },
    {
      file: 'articles/book6-war-crisis-external-pressure.html',
      prefix: 'public-'
    },
    {
      file: 'articles/book6-what-is-reconfiguration.html',
      prefix: 'public-'
    },
    {
      file: 'articles/book6-world-war-one-and-empires.html',
      prefix: 'public-'
    },
    {
      file: 'articles/book6-world-war-two-genocide-nuclear-age.html',
      prefix: 'public-'
    }
  ],
  expected: [],
  operator: 'deepStrictEqual',
  diff: 'simple'
}

Node.js v24.18.0
