DIAGNOSTIC_START npm run check:web-production-runtime

> check:web-production-runtime
> npm run check:book-w1-web-production-runtime


> check:book-w1-web-production-runtime
> node scripts/check-book-w1f-wpr-successor-current.mjs

node:internal/modules/run_main:107
    triggerUncaughtException(
    ^

AssertionError [ERR_ASSERTION]: Expected values to be strictly equal:
+ actual - expected

+ '4b3a01e259b4df39a45d56d1f9d0d9162fa9d7d8d31a59ab2488670a471a4d13'
- 'a0065e8092d51781606f1ba4296f1773bfc97a9e3b4a314e55314817b0c366d4'

    at file:///C:/phios/scripts/check-book-w1f-wpr-successor-current.mjs:42:8
    at ModuleJob.run (node:internal/modules/esm/module_job:439:25)
    at async node:internal/modules/esm/loader:643:26
    at async asyncRunEntryPointWithESMLoader (node:internal/modules/run_main:101:5) {
  generatedMessage: true,
  code: 'ERR_ASSERTION',
  actual: '4b3a01e259b4df39a45d56d1f9d0d9162fa9d7d8d31a59ab2488670a471a4d13',
  expected: 'a0065e8092d51781606f1ba4296f1773bfc97a9e3b4a314e55314817b0c366d4',
  operator: 'strictEqual',
  diff: 'simple'
}

Node.js v24.18.0
DIAGNOSTIC_START npm run check:cx-priority

> check:cx-priority
> npm run check:cx-p1


> check:cx-p1
> npm run check:cx-r9-r2 && npm run check:cx-no-legacy-route-reference && npm run check:cx-no-legacy-css && npm run check:cx-no-legacy-selectors && npm run check:cx-no-old-component-copy && npm run check:cx-p1-browser-current && npm run check:cx-p1-physical-delete


> check:cx-r9-r2
> npm run check:cx-r13 && node scripts/check-cx-r9-r2-contextual-ask.mjs && node scripts/check-cx-r9-r2-customer-cutover.mjs


> check:cx-r13
> npm run check:cx-r12r && node scripts/check-cx-r13-financial-reality.mjs


> check:cx-r12r
> npm run check:cx-r12 && npm run check:cx-location-resolution && npm run check:cx-location-input-humanization && npm run check:cx-human-language && node scripts/check-cx-r12r-personal-reality-recovery.mjs


> check:cx-r12
> npm run check:cx-r10 && node scripts/check-cx-r12-personal-reality.mjs


> check:cx-r10
> npm run check:cx-r20 && node scripts/check-cx-r10-my-reality.mjs


> check:cx-r20
> npm run check:cx-foundation && node scripts/check-cx-r20-runtime-projection-adapters.mjs


> check:cx-foundation
> npm run check:cx-r5


> check:cx-r5
> npm run check:cx-r4 && node scripts/check-cx-r5-global-shell.mjs


> check:cx-r4
> npm run check:cx-r3 && node scripts/check-cx-r4-visual-assets.mjs


> check:cx-r3
> npm run check:cx-r2 && node scripts/check-cx-r3-customer-design-system.mjs && npm run check:cx-no-legacy-css && npm run check:cx-no-legacy-selectors && npm run check:cx-no-old-component-copy


> check:cx-r2
> npm run check:cx-r1a && node scripts/check-cx-r2-information-architecture.mjs


> check:cx-r1a
> npm run check:cx-r1 && node scripts/check-cx-r1a-hard-cutover-preparation.mjs && npm run check:cx-no-legacy-route-reference


> check:cx-r1
> npm run check:cx-r0 && npm run check:cx-r1-quarantine && npm run check:cx-no-legacy-css && npm run check:cx-no-legacy-selectors && npm run check:cx-no-old-component-copy


> check:cx-r0
> node scripts/check-cx-r0-baseline.mjs

✓ CX-R0 historical freeze passed at f6d31da: 134 frozen customer HTML surfaces, 86 frozen stylesheet consumers, 77 frozen script consumers.
✓ CX-R0 checker no longer regenerates the R0 census from a later R3/R4 working tree; live R1 guards remain separate.
✓ CX-R0 ACCEPTED: CURRENT_SURFACE_INVENTORY_COMPLETE · LEGACY_DEPENDENCIES_MAPPED · NO_SECOND_AUTHORITY · READY_FOR_QUARANTINE

> check:cx-r1-quarantine
> node scripts/check-cx-r1-quarantine.mjs

✓ CX-R1 current quarantine passed: 124 legacy/predecessor presentations frozen; 10 existing CX surfaces explicitly require successor reconciliation.
✓ CX-R1 ACCEPTED: LEGACY_PRESENTATION_QUARANTINED · NEW_CUSTOMER_SURFACES_CLEAN_ROOM_READY

> check:cx-no-legacy-css
> node scripts/check-cx-no-legacy-css.mjs

✓ CX-R1-W2 legacy CSS import guard passed: 1414 CX HTML surfaces + customer-ui sources contain 0 frozen legacy stylesheet imports.

> check:cx-no-legacy-selectors
> node scripts/check-cx-no-legacy-selectors.mjs

✓ CX-R1-W3 legacy namespace guard passed: 0 puxr-/public-/rs-/pr-/px2-/wpr-/phi-public- references in CX implementation.

> check:cx-no-old-component-copy
> node scripts/check-cx-no-old-component-copy.mjs

✓ CX-R1-W4 old component signature guard passed: 10 frozen legacy composition signatures cannot enter CX implementation.
✓ CX-R1A hard-cutover preparation passed: canonical Ask target is /knowledge/ask/; 3 current cutover blockers are explicitly recorded, not hidden.
✓ CX-R1A ACCEPTED: preparation complete, no premature route cutover or physical legacy deletion performed.

> check:cx-no-legacy-route-reference
> node scripts/check-cx-no-legacy-route-reference.mjs

✓ CX legacy-route guard passed across 169 clean-room customer source files.
✓ CX-R2 Customer IA / Route Authority passed at f6d31da: 8-step internal spine, 3 primary intents, 5 primary navigation domains, 40 canonical route targets, 15 customer surface authorities.
✓ CX-R2 ACCEPTED: CUSTOMER_MAIN_CHAIN_FROZEN · GLOBAL_IA_FROZEN · REALITY_JOURNEY_DEMOTED
✓ No route cutover, legacy physical deletion, design-system creation, backend authority creation or hard-coded method availability was performed by CX-R2.
✓ CX-R3 Customer Design System passed at 2cffbc9: 7 retained clean-room CSS layers, 13 semantic color roles, 10 type roles, 12 spacing steps, 6 button roles, 9 card roles, 7 statuses, 7 result primitives and 8 workspace primitives.
✓ CX-R3 ACCEPTED: CUSTOMER_UI_SYSTEM_READY · NO_PAGE_SPECIFIC_DESIGN_AUTHORITY
✓ R3 did not perform R4 visual-asset authority, R5 shell activation, production route cutover, legacy physical deletion or backend-authority creation.

> check:cx-no-legacy-css
> node scripts/check-cx-no-legacy-css.mjs

✓ CX-R1-W2 legacy CSS import guard passed: 1414 CX HTML surfaces + customer-ui sources contain 0 frozen legacy stylesheet imports.

> check:cx-no-legacy-selectors
> node scripts/check-cx-no-legacy-selectors.mjs

✓ CX-R1-W3 legacy namespace guard passed: 0 puxr-/public-/rs-/pr-/px2-/wpr-/phi-public- references in CX implementation.

> check:cx-no-old-component-copy
> node scripts/check-cx-no-old-component-copy.mjs

✓ CX-R1-W4 old component signature guard passed: 10 frozen legacy composition signatures cannot enter CX implementation.
✓ CX-R4 Canonical Visual Assets passed at d35486b: 182 customer projections, 182 available, 7 hero roles, 5 book covers, 10 semantic illustration roles and 39 live CX visual bindings fail-closed.
✓ Product/CX visual reconciliation passed: PPR-owned Personal asset identity stays frozen; new Financial CX uses semantic-role resolution.
✓ CX-R0 freeze checker repair passed: historical R0 inventory is no longer regenerated from the R3/R4 working tree; live R1 guards remain active.
✓ CX-R4 ACCEPTED: CANONICAL_VISUAL_ASSET_SYSTEM_READY · FIVE_BOOK_COVERS_BOUND · ILLUSTRATION_ROLES_RECONCILED · BROKEN_IMAGE_GATE_ACTIVE · READY_FOR_CX_R5
✓ R4 did not perform R5 shell authority, production route cutover, legacy physical deletion or backend-authority creation.
✓ CX-R5 Single Customer Shell passed at e7a0e05: 1414 clean-room shell consumers share one header, primary navigation authority, mobile drawer, Search entry, Ask entry, account presentation, locale implementation and footer.
✓ Search and Ask remain handoffs to governed surfaces; current Ask destination is /knowledge/ask/; account state is presentation-only and shell still creates no backend or answer authority.
✓ CX-R5 ACCEPTED: ONE_GLOBAL_CUSTOMER_SHELL · READY_FOR_CX_R6_HOMEPAGE
✓ CX-R20 Current-Main Reconciliation passed at 3eed6a2: 9 consume-only adapters preserve upstream authority, Unknown, provenance and conservative state across the priority customer tranche.
✓ Historical R20 v1 and R0/R2 projection maps remain byte-identical; current v4 restores explicit Financial Reality coverage and future gates without creating a second authority.
✓ Truth guards passed: missing readout state remains UNKNOWN, missing financial currency remains null, JR remains continuity/progress, and professional recommendations can only pass through PR/PFR authority.
✓ CX-R20 ACCEPTED: CUSTOMER_RUNTIME_PROJECTION_BOUNDARY_FROZEN · PRIORITY_PRODUCT_TRANCHE_READY · NO_ROUTE_CUTOVER
✓ CX-R10 My Reality successor passed at 9840757: one R20-projected workspace now covers overview, canonical Reality, perspectives, reading, directions, confirmed actions, session observation, review, history, reports and continuity.
  Possible directions are never promoted to actions; unconfirmed actions are hidden; observation stays session-only; Journey remains progression; no backend, Reality, Navigation, Report or persistence authority is created.
  Legacy Reality Dashboard UI authority is retired and the physical presentation has been deleted after P1 browser acceptance.
✓ CX-R12 Personal Reality current-main successor passed at 74fba1c: five-stage customer input, customer-first overview, five method-hidden result tabs, returned-perspective disclosure and explicit My Reality handoff are active.
  PPR/method meaning remains upstream; profile scoring is not recreated; method availability is not hard-coded; missing overview areas remain open rather than inferred.
  Legacy Personal Runtime presentation files are physically deleted after browser acceptance; compatibility routes remain redirects to canonical Personal Reality.
✓ CX-R12 shared-surface successor: Personal Reality now uses a 3-priority customer overview, one-method-at-a-time detail, nested technical provenance and explicit Reality return without changing method/commerce truth.
✓ CX-R12 ACCEPTED: PERSONAL_REALITY_REPLACEMENT_READY_FOR_PRIORITY_TRANCHE · READY_FOR_CX_R13 · NO_NEW_P1_ROUTE_CUTOVER

> check:cx-location-resolution
> node scripts/check-cx-location-resolution.mjs

✓ CX birth-place resolution passed: mixed-script Seremban → 芙蓉/Seremban candidate → confirmed coordinates → Asia/Kuala_Lumpur, while Taiping regression remains intact.

> check:cx-location-input-humanization
> node scripts/check-cx-r12r-location-input-humanization.mjs

✓ CX-R12R location input humanization passed: English/Chinese place-name search is bilingual, suggestions stay next to the field, placeholders localize, and internal location-explainer copy is removed.

> check:cx-human-language
> node scripts/check-cx-human-language.mjs

✓ CX human-language gate passed: Personal Reality visible copy is written for people, not internal system operators.
✓ CX-R12R recovery passed: correct hero binding, simple intake, confirmed place resolution, conditional Zi Wei input, partial results, human copy and mobile repair are present.
✓ CX-R13 Financial Reality current-main successor passed at 5c6594b: nine-stage intake, evidence states, four-question overview, calculation drilldown, customer-readable findings, fail-closed planning, professional authority layers and released-report gating are active.
  FDR/FCR/FAR/HFP/PFR/RR remain upstream; CX creates no calculation, planning priority, professional recommendation, report lifecycle state, persistence, route cutover or physical legacy deletion.
✓ CX-R13 ACCEPTED: FINANCIAL_REALITY_REPLACEMENT_READY_FOR_PRIORITY_TRANCHE · READY_FOR_CX_R9_R2 · NO_NEW_P1_ROUTE_CUTOVER
✓ CX-R9-R2 Contextual Ask successor passed: 32/32 machine policy scenarios cover all required W15 families across EN and zh-Hans.
  /knowledge/ask/ is replacement-ready with explicit context selection, source-class grouping, freshness/provenance disclosure and fail-closed protected contexts.
  P1 is active: /knowledge/ask/ is canonical and /ask is compatibility-only; R9-R2 itself still created no route, entitlement, relationship, profile or professional authority.
✓ CX-R9-R2 customer cutover reconciliation passed.
  /knowledge/ask/ is the accepted current route via P1; historical W0-W15 evidence remains byte-preserved and is not rewritten after the fact.
  Customer copy is humanized, public Knowledge context remains direct, and protected Reading / Relationship / Profile context remains server-resolved and fail-closed.

> check:cx-no-legacy-route-reference
> node scripts/check-cx-no-legacy-route-reference.mjs

✓ CX legacy-route guard passed across 169 clean-room customer source files.

> check:cx-no-legacy-css
> node scripts/check-cx-no-legacy-css.mjs

✓ CX-R1-W2 legacy CSS import guard passed: 1414 CX HTML surfaces + customer-ui sources contain 0 frozen legacy stylesheet imports.

> check:cx-no-legacy-selectors
> node scripts/check-cx-no-legacy-selectors.mjs

✓ CX-R1-W3 legacy namespace guard passed: 0 puxr-/public-/rs-/pr-/px2-/wpr-/phi-public- references in CX implementation.

> check:cx-no-old-component-copy
> node scripts/check-cx-no-old-component-copy.mjs

✓ CX-R1-W4 old component signature guard passed: 10 frozen legacy composition signatures cannot enter CX implementation.

> check:cx-p1-browser-current
> node scripts/check-p1-browser-acceptance-current.mjs

✓ P1 production browser acceptance current gate passed: the user-confirmed browser phase transition is recorded without inventing per-matrix observations.
  Browser R1 repairs remain intact; current P1 route authority records HUMAN_ACCEPTED and permits the completed physical legacy deletion.

> check:cx-p1-physical-delete
> node scripts/check-cx-p1-physical-legacy-delete.mjs

✓ P1 PHYSICAL LEGACY DELETE passed: 7 retired public presentation files are physically absent while all compatibility routes remain direct 308 redirects to the four canonical P1 surfaces.
  Production browser acceptance is recorded from the user-confirmed phase transition; backend/runtime/Knowledge/Financial/Reality/Report authorities remain intact.
✓ P1 EXIT: PHYSICAL_LEGACY_DELETE_COMPLETE · READY_FOR_POST_CUTOVER_HUMAN_PRODUCTION_TEST
DIAGNOSTIC_START npm run check:cx-r12r3b-pass2c

> check:cx-r12r3b-pass2c
> npm run check:cx-r12r3b-pass2b && node scripts/check-cx-r12r3b-pass2c.mjs


> check:cx-r12r3b-pass2b
> npm run check:cx-r12r3b-pass2a && node scripts/check-cx-r12r3b-pass2b.mjs


> check:cx-r12r3b-pass2a
> npm run check:cx-r12r3b-pass2 && node scripts/check-cx-r12r3b-pass2a.mjs


> check:cx-r12r3b-pass2
> npm run check:cx-r12r3b && node scripts/check-cx-r12r3b-pass2.mjs


> check:cx-r12r3b
> node scripts/check-cx-r12r3b-method-interpretation-layer.mjs

✓ CX-R12R3B W0–W60 shared Method Interpretation Layer passed.
  AST, NUM, BZR and ZWR remain independent calculation/projection perspectives and consume one shared composition, graph, validation and handoff successor.
  96 fixed human-review cases are prepared; HUMAN_REVIEWED, CUSTOMER_PUBLISHABLE, LIVE_BROWSER_ACCEPTED and FULL_PRODUCTION remain false without external evidence.
✓ CX-R12R3B Pass 2 audit/preflight passed.
  W0–W60 DEVELOPMENT_ACCEPTED is preserved.
  96 case identities are preserved, but 0/96 are review-eligible because case-specific candidate/graph snapshots are not materialized and composition/customer-language blockers remain.
  HUMAN_ACCEPTED, LIVE_BROWSER_ACCEPTED, CONTROLLED_PRODUCTION and FULL_PRODUCTION remain fail-closed.
✓ CX-R12R3B PASS2A passed: selector remediation + customer-language projection + 96/96 materialized review cases.
  External dual human review remains required; 0/96 are human accepted and no production authority is promoted.
✓ CX-R12R3B PASS2B human acceptance passed: 96/96 dual accepted, all four interpretation methods are customer-publishable at the interpretation layer.
  Production remains fail-closed until post-human machine reacceptance, exact deployment, live browser and ordinary-reader evidence complete.
✓ CX-R12R3B PASS2C post-human machine reacceptance passed.
  Exact deployment + live browser + 5-minute ordinary-reader evidence remain required before production promotion/freeze.
DIAGNOSTIC_START npm run check:ecr-human-runtime-v4-1

> check:ecr-human-runtime-v4-1
> node scripts/generate-ecr-v41-authority-bundle.mjs --check && node scripts/check-ecr-human-runtime-v4-1-w1-authority.mjs && node scripts/check-ecr-human-runtime-v4-1-w2-p64-adapter.mjs && node scripts/check-ecr-human-runtime-v4-1-w3-initialization.mjs && node scripts/check-ecr-human-runtime-v4-1-w4-p64-h64-bridge.mjs && node scripts/check-ecr-human-runtime-v4-1-w5-driver-field.mjs && node scripts/check-ecr-human-runtime-v4-1-w6-semantic-owner.mjs && node scripts/check-ecr-human-runtime-v4-1-w7-figure-runtime-authority.mjs && node scripts/check-ecr-human-runtime-v4-1-w8-carrier.mjs && node scripts/check-ecr-human-runtime-v4-1-w9-conscious-runtime.mjs && node scripts/check-ecr-human-runtime-v4-1-w10-reality-feedback.mjs && node scripts/check-ecr-human-runtime-v4-1-w11-ir.mjs && node scripts/check-ecr-human-runtime-v4-1-w12-report.mjs && node scripts/check-ecr-human-runtime-v4-1-w13-phi-card.mjs && node scripts/check-ecr-human-runtime-v4-1-w14-visuals.mjs && node scripts/check-ecr-human-runtime-v4-1-w15-product-route.mjs && node scripts/check-ecr-human-runtime-v4-1-w16-governance.mjs && node scripts/check-ecr-human-runtime-v4-1-w17-acceptance.mjs

node:internal/modules/run_main:107
    triggerUncaughtException(
    ^

AssertionError [ERR_ASSERTION]: Expected values to be strictly equal:
+ actual - expected

  '// Generated from registered JSON authorities; never edit by hand.\n' +
    'import {deepFreeze} from "../interpretation-runtime/mir7-utils.js";\n' +
+   'export const ECR_V41_AUTHORITIES=deepFreeze({"content/ecr-phi-card/ecr-phi-card-asset-registry-v1.json":{"schemaVersion":"PHI-OS-ECR-PHI-CARD-ASSET-REGISTRY-v1.0.0","work":"ECR-PC-R1-S6","status":"FROZEN_48_CARD_ASSET_NAMING_AUTHORITY","deckRef":"PHI-OS-ECR-PHI-CARD-DECK-REGISTRY-v2.0.0","assetCount":48,"bucketBinding":{"bucket":"phios-public-assets","baseObjectKey":"images/phi-cards/","networkVerificationRequiredByThisWork":false,"networkVerificationReason":"R2 bucket infrastructure was already verified outside ECR-PC-R1; this work only freezes canonical object keys. Object upload is deployment responsibility."},"namingRule":"phi-card-{cardId-lower}-{english-slug}-v1.webp","assets":[{"assetId":"PHI-CARD-ASSET-C01-V1","cardId":"ECR-PC-C01","groupId":"CORE","nameZhHans":"成形","nameEn":"FORMING","format":"webp","version":"v1","fileName":"phi-card-c01-forming-v1.webp","objectKey":"images/phi-cards/phi-card-c01-forming-v1.webp","illustrationStatus":"COMPLETE","customerPublishableAfterAdmission":true},{"assetId":"PHI-CARD-ASSET-C02-V1","cardId":"ECR-PC-C02","groupId":"CORE","nameZhHans":"聚焦","nameEn":"FOCUS","format":"webp","version":"v1","fileName":"phi-card-c02-focus-v1.webp","objectKey":"images/phi-cards/phi-card-c02-focus-v1.webp","illustrationStatus":"COMPLETE","customerPublishableAfterAdmission":true},{"assetId":"PHI-CARD-ASSET-C03-V1","cardId":"ECR-PC-C03","groupId":"CORE","nameZhHans":"扎根","nameEn":"GROUNDING","format":"webp","version":"v1","fileName":"phi-card-c03-grounding-v1.webp","objectKey":"images/phi-cards/phi-card-c03-grounding-v1.webp","illustrationStatus":"COMPLETE","customerPublishableAfterAdmission":true},{"assetId":"PHI-CARD-ASSET-C04-V1","cardId":"ECR-PC-C04","groupId":"CORE","nameZhHans":"整合","nameEn":"INTEGRATION","format":"webp","version":"v1","fileName":"phi-card-c04-integration-v1.webp","objectKey":"images/phi-cards/phi-card-c04-integration-v1.webp","illustrationStatus":"COMPLETE","customerPublishableAfterAdmission":true},{"assetId":"PHI-CARD-ASSET-C05-V1","cardId":"ECR-PC-C05","groupId":"CORE","nameZhHans":"展开","nameEn":"EXPANSION","format":"webp","version":"v1","fileName":"phi-card-c05-expansion-v1.webp","objectKey":"images/phi-cards/phi-card-c05-expansion-v1.webp","illustrationStatus":"COMPLETE","customerPublishableAfterAdmission":true},{"assetId":"PHI-CARD-ASSET-C06-V1","cardId":"ECR-PC-C06","groupId":"CORE","nameZhHans":"重构","nameEn":"RECONFIGURATION","format":"webp","version":"v1","fileName":"phi-card-c06-reconfiguration-v1.webp","objectKey":"images/phi-cards/phi-card-c06-reconfiguration-v1.webp","illustrationStatus":"COMPLETE","customerPublishableAfterAdmission":true},{"assetId":"PHI-CARD-ASSET-C07-V1","cardId":"ECR-PC-C07","groupId":"CORE","nameZhHans":"深化","nameEn":"DEEPENING","format":"webp","version":"v1","fileName":"phi-card-c07-deepening-v1.webp","objectKey":"images/phi-cards/phi-card-c07-deepening-v1.webp","illustrationStatus":"COMPLETE","customerPublishableAfterAdmission":true},{"assetId":"PHI-CARD-ASSET-C08-V1","cardId":"ECR-PC-C08","groupId":"CORE","nameZhHans":"定向","nameEn":"ORIENTATION","format":"webp","version":"v1","fileName":"phi-card-c08-orientation-v1.webp","objectKey":"images/phi-cards/phi-card-c08-orientation-v1.webp","illustrationStatus":"COMPLETE","customerPublishableAfterAdmission":true},{"assetId":"PHI-CARD-ASSET-D01-V1","cardId":"ECR-PC-D01","groupId":"DRIVER","nameZhHans":"寻找","nameEn":"SEEKING","format":"webp","version":"v1","fileName":"phi-card-d01-seeking-v1.webp","objectKey":"images/phi-cards/phi-card-d01-seeking-v1.webp","illustrationStatus":"COMPLETE","customerPublishableAfterAdmission":true},{"assetId":"PHI-CARD-ASSET-D02-V1","cardId":"ECR-PC-D02","groupId":"DRIVER","nameZhHans":"回应","nameEn":"RESPONSE","format":"webp","version":"v1","fileName":"phi-card-d02-response-v1.webp","objectKey":"images/phi-cards/phi-card-d02-response-v1.webp","illustrationStatus":"COMPLETE","customerPublishableAfterAdmission":true},{"assetId":"PHI-CARD-ASSET-D03-V1","cardId":"ECR-PC-D03","groupId":"DRIVER","nameZhHans":"推进","nameEn":"ADVANCE","format":"webp","version":"v1","fileName":"phi-card-d03-advance-v1.webp","objectKey":"images/phi-cards/phi-card-d03-advance-v1.webp","illustrationStatus":"COMPLETE","customerPublishableAfterAdmission":true},{"assetId":"PHI-CARD-ASSET-D04-V1","cardId":"ECR-PC-D04","groupId":"DRIVER","nameZhHans":"修正","nameEn":"CORRECTION","format":"webp","version":"v1","fileName":"phi-card-d04-correction-v1.webp","objectKey":"images/phi-cards/phi-card-d04-correction-v1.webp","illustrationStatus":"COMPLETE","customerPublishableAfterAdmission":true},{"assetId":"PHI-CARD-ASSET-D05-V1","cardId":"ECR-PC-D05","groupId":"DRIVER","nameZhHans":"完成","nameEn":"COMPLETION","format":"webp","version":"v1","fileName":"phi-card-d05-completion-v1.webp","objectKey":"images/phi-cards/phi-card-d05-completion-v1.webp","illustrationStatus":"COMPLETE","customerPublishableAfterAdmission":true},{"assetId":"PHI-CARD-ASSET-D06-V1","cardId":"ECR-PC-D06","groupId":"DRIVER","nameZhHans":"突破","nameEn":"BREAKTHROUGH","format":"webp","version":"v1","fileName":"phi-card-d06-breakthrough-v1.webp","objectKey":"images/phi-cards/phi-card-d06-breakthrough-v1.webp","illustrationStatus":"COMPLETE","customerPublishableAfterAdmission":true},{"assetId":"PHI-CARD-ASSET-D07-V1","cardId":"ECR-PC-D07","groupId":"DRIVER","nameZhHans":"承担","nameEn":"STEWARDSHIP","format":"webp","version":"v1","fileName":"phi-card-d07-stewardship-v1.webp","objectKey":"images/phi-cards/phi-card-d07-stewardship-v1.webp","illustrationStatus":"COMPLETE","customerPublishableAfterAdmission":true},{"assetId":"PHI-CARD-ASSET-D08-V1","cardId":"ECR-PC-D08","groupId":"DRIVER","nameZhHans":"召唤","nameEn":"CALLING","format":"webp","version":"v1","fileName":"phi-card-d08-calling-v1.webp","objectKey":"images/phi-cards/phi-card-d08-calling-v1.webp","illustrationStatus":"COMPLETE","customerPublishableAfterAdmission":true},{"assetId":"PHI-CARD-ASSET-G01-V1","cardId":"ECR-PC-G01","groupId":"GIFT","nameZhHans":"组织","nameEn":"ORGANIZE","format":"webp","version":"v1","fileName":"phi-card-g01-organize-v1.webp","objectKey":"images/phi-cards/phi-card-g01-organize-v1.webp","illustrationStatus":"COMPLETE","customerPublishableAfterAdmission":true},{"assetId":"PHI-CARD-ASSET-G02-V1","cardId":"ECR-PC-G02","groupId":"GIFT","nameZhHans":"洞察","nameEn":"DISCERN","format":"webp","version":"v1","fileName":"phi-card-g02-discern-v1.webp","objectKey":"images/phi-cards/phi-card-g02-discern-v1.webp","illustrationStatus":"COMPLETE","customerPublishableAfterAdmission":true},{"assetId":"PHI-CARD-ASSET-G03-V1","cardId":"ECR-PC-G03","groupId":"GIFT","nameZhHans":"连接","nameEn":"CONNECT","format":"webp","version":"v1","fileName":"phi-card-g03-connect-v1.webp","objectKey":"images/phi-cards/phi-card-g03-connect-v1.webp","illustrationStatus":"COMPLETE","customerPublishableAfterAdmission":true},{"assetId":"PHI-CARD-ASSET-G04-V1","cardId":"ECR-PC-G04","groupId":"GIFT","nameZhHans":"表达","nameEn":"EXPRESS","format":"webp","version":"v1","fileName":"phi-card-g04-express-v1.webp","objectKey":"images/phi-cards/phi-card-g04-express-v1.webp","illustrationStatus":"COMPLETE","customerPublishableAfterAdmission":true},{"assetId":"PHI-CARD-ASSET-G05-V1","cardId":"ECR-PC-G05","groupId":"GIFT","nameZhHans":"承载","nameEn":"HOLD","format":"webp","version":"v1","fileName":"phi-card-g05-hold-v1.webp","objectKey":"images/phi-cards/phi-card-g05-hold-v1.webp","illustrationStatus":"COMPLETE","customerPublishableAfterAdmission":true},{"assetId":"PHI-CARD-ASSET-G06-V1","cardId":"ECR-PC-G06","groupId":"GIFT","nameZhHans":"建构","nameEn":"BUILD","format":"webp","version":"v1","fileName":"phi-card-g06-build-v1.webp","objectKey":"images/phi-cards/phi-card-g06-build-v1.webp","illustrationStatus":"COMPLETE","customerPublishableAfterAdmission":true},{"assetId":"PHI-CARD-ASSET-G07-V1","cardId":"ECR-PC-G07","groupId":"GIFT","nameZhHans":"调整","nameEn":"ADAPT","format":"webp","version":"v1","fileName":"phi-card-g07-adapt-v1.webp","objectKey":"images/phi-cards/phi-card-g07-adapt-v1.webp","illustrationStatus":"COMPLETE","customerPublishableAfterAdmission":true},{"assetId":"PHI-CARD-ASSET-G08-V1","cardId":"ECR-PC-G08","groupId":"GIFT","nameZhHans":"转化","nameEn":"TRANSFORM","format":"webp","version":"v1","fileName":"phi-card-g08-transform-v1.webp","objectKey":"images/phi-cards/phi-card-g08-transform-v1.webp","illustrationStatus":"COMPLETE","customerPublishableAfterAdmission":true},{"assetId":"PHI-CARD-ASSET-T01-V1","cardId":"ECR-PC-T01","groupId":"TENSION","nameZhHans":"过载","nameEn":"OVERLOAD","format":"webp","version":"v1","fileName":"phi-card-t01-overload-v1.webp","objectKey":"images/phi-cards/phi-card-t01-overload-v1.webp","illustrationStatus":"COMPLETE","customerPublishableAfterAdmission":true},{"assetId":"PHI-CARD-ASSET-T02-V1","cardId":"ECR-PC-T02","groupId":"TENSION","nameZhHans":"拉扯","nameEn":"PULL","format":"webp","version":"v1","fileName":"phi-card-t02-pull-v1.webp","objectKey":"images/phi-cards/phi-card-t02-pull-v1.webp","illustrationStatus":"COMPLETE","customerPublishableAfterAdmission":true},{"assetId":"PHI-CARD-ASSET-T03-V1","cardId":"ECR-PC-T03","groupId":"TENSION","nameZhHans":"迟滞","nameEn":"STALL","format":"webp","version":"v1","fileName":"phi-card-t03-stall-v1.webp","objectKey":"images/phi-cards/phi-card-t03-stall-v1.webp","illustrationStatus":"COMPLETE","customerPublishableAfterAdmission":true},{"assetId":"PHI-CARD-ASSET-T04-V1","cardId":"ECR-PC-T04","groupId":"TENSION","nameZhHans":"分散","nameEn":"DISPERSION","format":"webp","version":"v1","fileName":"phi-card-t04-dispersion-v1.webp","objectKey":"images/phi-cards/phi-card-t04-dispersion-v1.webp","illustrationStatus":"COMPLETE","customerPublishableAfterAdmission":true},{"assetId":"PHI-CARD-ASSET-T05-V1","cardId":"ECR-PC-T05","groupId":"TENSION","nameZhHans":"压缩","nameEn":"COMPRESSION","format":"webp","version":"v1'... 793843 more characters
-   'export const ECR_V41_AUTHORITIES=deepFreeze({"content/ecr-phi-card/ecr-phi-card-asset-registry-v1.json":{"schemaVersion":"PHI-OS-ECR-PHI-CARD-ASSET-REGISTRY-v1.0.0","work":"ECR-PC-R1-S6","status":"FROZEN_48_CARD_ASSET_NAMING_AUTHORITY","deckRef":"PHI-OS-ECR-PHI-CARD-DECK-REGISTRY-v2.0.0","assetCount":48,"bucketBinding":{"bucket":"phios-public-assets","baseObjectKey":"images/phi-cards/","networkVerificationRequiredByThisWork":false,"networkVerificationReason":"R2 bucket infrastructure was already verified outside ECR-PC-R1; this work only freezes canonical object keys. Object upload is deployment responsibility."},"namingRule":"phi-card-{cardId-lower}-{english-slug}-v1.webp","assets":[{"assetId":"PHI-CARD-ASSET-C01-V1","cardId":"ECR-PC-C01","groupId":"CORE","nameZhHans":"成形","nameEn":"FORMING","format":"webp","version":"v1","fileName":"phi-card-c01-forming-v1.webp","objectKey":"images/phi-cards/phi-card-c01-forming-v1.webp","illustrationStatus":"COMPLETE","customerPublishableAfterAdmission":true},{"assetId":"PHI-CARD-ASSET-C02-V1","cardId":"ECR-PC-C02","groupId":"CORE","nameZhHans":"聚焦","nameEn":"FOCUS","format":"webp","version":"v1","fileName":"phi-card-c02-focus-v1.webp","objectKey":"images/phi-cards/phi-card-c02-focus-v1.webp","illustrationStatus":"COMPLETE","customerPublishableAfterAdmission":true},{"assetId":"PHI-CARD-ASSET-C03-V1","cardId":"ECR-PC-C03","groupId":"CORE","nameZhHans":"扎根","nameEn":"GROUNDING","format":"webp","version":"v1","fileName":"phi-card-c03-grounding-v1.webp","objectKey":"images/phi-cards/phi-card-c03-grounding-v1.webp","illustrationStatus":"COMPLETE","customerPublishableAfterAdmission":true},{"assetId":"PHI-CARD-ASSET-C04-V1","cardId":"ECR-PC-C04","groupId":"CORE","nameZhHans":"整合","nameEn":"INTEGRATION","format":"webp","version":"v1","fileName":"phi-card-c04-integration-v1.webp","objectKey":"images/phi-cards/phi-card-c04-integration-v1.webp","illustrationStatus":"COMPLETE","customerPublishableAfterAdmission":true},{"assetId":"PHI-CARD-ASSET-C05-V1","cardId":"ECR-PC-C05","groupId":"CORE","nameZhHans":"展开","nameEn":"EXPANSION","format":"webp","version":"v1","fileName":"phi-card-c05-expansion-v1.webp","objectKey":"images/phi-cards/phi-card-c05-expansion-v1.webp","illustrationStatus":"COMPLETE","customerPublishableAfterAdmission":true},{"assetId":"PHI-CARD-ASSET-C06-V1","cardId":"ECR-PC-C06","groupId":"CORE","nameZhHans":"重构","nameEn":"RECONFIGURATION","format":"webp","version":"v1","fileName":"phi-card-c06-reconfiguration-v1.webp","objectKey":"images/phi-cards/phi-card-c06-reconfiguration-v1.webp","illustrationStatus":"COMPLETE","customerPublishableAfterAdmission":true},{"assetId":"PHI-CARD-ASSET-C07-V1","cardId":"ECR-PC-C07","groupId":"CORE","nameZhHans":"深化","nameEn":"DEEPENING","format":"webp","version":"v1","fileName":"phi-card-c07-deepening-v1.webp","objectKey":"images/phi-cards/phi-card-c07-deepening-v1.webp","illustrationStatus":"COMPLETE","customerPublishableAfterAdmission":true},{"assetId":"PHI-CARD-ASSET-C08-V1","cardId":"ECR-PC-C08","groupId":"CORE","nameZhHans":"定向","nameEn":"ORIENTATION","format":"webp","version":"v1","fileName":"phi-card-c08-orientation-v1.webp","objectKey":"images/phi-cards/phi-card-c08-orientation-v1.webp","illustrationStatus":"COMPLETE","customerPublishableAfterAdmission":true},{"assetId":"PHI-CARD-ASSET-D01-V1","cardId":"ECR-PC-D01","groupId":"DRIVER","nameZhHans":"寻找","nameEn":"SEEKING","format":"webp","version":"v1","fileName":"phi-card-d01-seeking-v1.webp","objectKey":"images/phi-cards/phi-card-d01-seeking-v1.webp","illustrationStatus":"COMPLETE","customerPublishableAfterAdmission":true},{"assetId":"PHI-CARD-ASSET-D02-V1","cardId":"ECR-PC-D02","groupId":"DRIVER","nameZhHans":"回应","nameEn":"RESPONSE","format":"webp","version":"v1","fileName":"phi-card-d02-response-v1.webp","objectKey":"images/phi-cards/phi-card-d02-response-v1.webp","illustrationStatus":"COMPLETE","customerPublishableAfterAdmission":true},{"assetId":"PHI-CARD-ASSET-D03-V1","cardId":"ECR-PC-D03","groupId":"DRIVER","nameZhHans":"推进","nameEn":"ADVANCE","format":"webp","version":"v1","fileName":"phi-card-d03-advance-v1.webp","objectKey":"images/phi-cards/phi-card-d03-advance-v1.webp","illustrationStatus":"COMPLETE","customerPublishableAfterAdmission":true},{"assetId":"PHI-CARD-ASSET-D04-V1","cardId":"ECR-PC-D04","groupId":"DRIVER","nameZhHans":"修正","nameEn":"CORRECTION","format":"webp","version":"v1","fileName":"phi-card-d04-correction-v1.webp","objectKey":"images/phi-cards/phi-card-d04-correction-v1.webp","illustrationStatus":"COMPLETE","customerPublishableAfterAdmission":true},{"assetId":"PHI-CARD-ASSET-D05-V1","cardId":"ECR-PC-D05","groupId":"DRIVER","nameZhHans":"完成","nameEn":"COMPLETION","format":"webp","version":"v1","fileName":"phi-card-d05-completion-v1.webp","objectKey":"images/phi-cards/phi-card-d05-completion-v1.webp","illustrationStatus":"COMPLETE","customerPublishableAfterAdmission":true},{"assetId":"PHI-CARD-ASSET-D06-V1","cardId":"ECR-PC-D06","groupId":"DRIVER","nameZhHans":"突破","nameEn":"BREAKTHROUGH","format":"webp","version":"v1","fileName":"phi-card-d06-breakthrough-v1.webp","objectKey":"images/phi-cards/phi-card-d06-breakthrough-v1.webp","illustrationStatus":"COMPLETE","customerPublishableAfterAdmission":true},{"assetId":"PHI-CARD-ASSET-D07-V1","cardId":"ECR-PC-D07","groupId":"DRIVER","nameZhHans":"承担","nameEn":"STEWARDSHIP","format":"webp","version":"v1","fileName":"phi-card-d07-stewardship-v1.webp","objectKey":"images/phi-cards/phi-card-d07-stewardship-v1.webp","illustrationStatus":"COMPLETE","customerPublishableAfterAdmission":true},{"assetId":"PHI-CARD-ASSET-D08-V1","cardId":"ECR-PC-D08","groupId":"DRIVER","nameZhHans":"召唤","nameEn":"CALLING","format":"webp","version":"v1","fileName":"phi-card-d08-calling-v1.webp","objectKey":"images/phi-cards/phi-card-d08-calling-v1.webp","illustrationStatus":"COMPLETE","customerPublishableAfterAdmission":true},{"assetId":"PHI-CARD-ASSET-G01-V1","cardId":"ECR-PC-G01","groupId":"GIFT","nameZhHans":"组织","nameEn":"ORGANIZE","format":"webp","version":"v1","fileName":"phi-card-g01-organize-v1.webp","objectKey":"images/phi-cards/phi-card-g01-organize-v1.webp","illustrationStatus":"COMPLETE","customerPublishableAfterAdmission":true},{"assetId":"PHI-CARD-ASSET-G02-V1","cardId":"ECR-PC-G02","groupId":"GIFT","nameZhHans":"洞察","nameEn":"DISCERN","format":"webp","version":"v1","fileName":"phi-card-g02-discern-v1.webp","objectKey":"images/phi-cards/phi-card-g02-discern-v1.webp","illustrationStatus":"COMPLETE","customerPublishableAfterAdmission":true},{"assetId":"PHI-CARD-ASSET-G03-V1","cardId":"ECR-PC-G03","groupId":"GIFT","nameZhHans":"连接","nameEn":"CONNECT","format":"webp","version":"v1","fileName":"phi-card-g03-connect-v1.webp","objectKey":"images/phi-cards/phi-card-g03-connect-v1.webp","illustrationStatus":"COMPLETE","customerPublishableAfterAdmission":true},{"assetId":"PHI-CARD-ASSET-G04-V1","cardId":"ECR-PC-G04","groupId":"GIFT","nameZhHans":"表达","nameEn":"EXPRESS","format":"webp","version":"v1","fileName":"phi-card-g04-express-v1.webp","objectKey":"images/phi-cards/phi-card-g04-express-v1.webp","illustrationStatus":"COMPLETE","customerPublishableAfterAdmission":true},{"assetId":"PHI-CARD-ASSET-G05-V1","cardId":"ECR-PC-G05","groupId":"GIFT","nameZhHans":"承载","nameEn":"HOLD","format":"webp","version":"v1","fileName":"phi-card-g05-hold-v1.webp","objectKey":"images/phi-cards/phi-card-g05-hold-v1.webp","illustrationStatus":"COMPLETE","customerPublishableAfterAdmission":true},{"assetId":"PHI-CARD-ASSET-G06-V1","cardId":"ECR-PC-G06","groupId":"GIFT","nameZhHans":"建构","nameEn":"BUILD","format":"webp","version":"v1","fileName":"phi-card-g06-build-v1.webp","objectKey":"images/phi-cards/phi-card-g06-build-v1.webp","illustrationStatus":"COMPLETE","customerPublishableAfterAdmission":true},{"assetId":"PHI-CARD-ASSET-G07-V1","cardId":"ECR-PC-G07","groupId":"GIFT","nameZhHans":"调整","nameEn":"ADAPT","format":"webp","version":"v1","fileName":"phi-card-g07-adapt-v1.webp","objectKey":"images/phi-cards/phi-card-g07-adapt-v1.webp","illustrationStatus":"COMPLETE","customerPublishableAfterAdmission":true},{"assetId":"PHI-CARD-ASSET-G08-V1","cardId":"ECR-PC-G08","groupId":"GIFT","nameZhHans":"转化","nameEn":"TRANSFORM","format":"webp","version":"v1","fileName":"phi-card-g08-transform-v1.webp","objectKey":"images/phi-cards/phi-card-g08-transform-v1.webp","illustrationStatus":"COMPLETE","customerPublishableAfterAdmission":true},{"assetId":"PHI-CARD-ASSET-T01-V1","cardId":"ECR-PC-T01","groupId":"TENSION","nameZhHans":"过载","nameEn":"OVERLOAD","format":"webp","version":"v1","fileName":"phi-card-t01-overload-v1.webp","objectKey":"images/phi-cards/phi-card-t01-overload-v1.webp","illustrationStatus":"COMPLETE","customerPublishableAfterAdmission":true},{"assetId":"PHI-CARD-ASSET-T02-V1","cardId":"ECR-PC-T02","groupId":"TENSION","nameZhHans":"拉扯","nameEn":"PULL","format":"webp","version":"v1","fileName":"phi-card-t02-pull-v1.webp","objectKey":"images/phi-cards/phi-card-t02-pull-v1.webp","illustrationStatus":"COMPLETE","customerPublishableAfterAdmission":true},{"assetId":"PHI-CARD-ASSET-T03-V1","cardId":"ECR-PC-T03","groupId":"TENSION","nameZhHans":"迟滞","nameEn":"STALL","format":"webp","version":"v1","fileName":"phi-card-t03-stall-v1.webp","objectKey":"images/phi-cards/phi-card-t03-stall-v1.webp","illustrationStatus":"COMPLETE","customerPublishableAfterAdmission":true},{"assetId":"PHI-CARD-ASSET-T04-V1","cardId":"ECR-PC-T04","groupId":"TENSION","nameZhHans":"分散","nameEn":"DISPERSION","format":"webp","version":"v1","fileName":"phi-card-t04-dispersion-v1.webp","objectKey":"images/phi-cards/phi-card-t04-dispersion-v1.webp","illustrationStatus":"COMPLETE","customerPublishableAfterAdmission":true},{"assetId":"PHI-CARD-ASSET-T05-V1","cardId":"ECR-PC-T05","groupId":"TENSION","nameZhHans":"压缩","nameEn":"COMPRESSION","format":"webp","version":"v1'... 794198 more characters

    at file:///C:/phios/scripts/generate-ecr-v41-authority-bundle.mjs:6:44
    at ModuleJob.run (node:internal/modules/esm/module_job:439:25)
    at async node:internal/modules/esm/loader:643:26
    at async asyncRunEntryPointWithESMLoader (node:internal/modules/run_main:101:5) {
  generatedMessage: true,
  code: 'ERR_ASSERTION',
  actual: '// Generated from registered JSON authorities; never edit by hand.\n' +
    'import {deepFreeze} from "../interpretation-runtime/mir7-utils.js";\n' +
    'export const ECR_V41_AUTHORITIES=deepFreeze({"content/ecr-phi-card/ecr-phi-card-asset-registry-v1.json":{"schemaVersion":"PHI-OS-ECR-PHI-CARD-ASSET-REGISTRY-v1.0.0","work":"ECR-PC-R1-S6","status":"FROZEN_48_CARD_ASSET_NAMING_AUTHORITY","deckRef":"PHI-OS-ECR-PHI-CARD-DECK-REGISTRY-v2.0.0","assetCount":48,"bucketBinding":{"bucket":"phios-public-assets","baseObjectKey":"images/phi-cards/","networkVerificationRequiredByThisWork":false,"networkVerificationReason":"R2 bucket infrastructure was already verified outside ECR-PC-R1; this work only freezes canonical object keys. Object upload is deployment responsibility."},"namingRule":"phi-card-{cardId-lower}-{english-slug}-v1.webp","assets":[{"assetId":"PHI-CARD-ASSET-C01-V1","cardId":"ECR-PC-C01","groupId":"CORE","nameZhHans":"成形","nameEn":"FORMING","format":"webp","version":"v1","fileName":"phi-card-c01-forming-v1.webp","objectKey":"images/phi-cards/phi-card-c01-forming-v1.webp","illustrationStatus":"COMPLETE","customerPublishableAfterAdmission":true},{"assetId":"PHI-CARD-ASSET-C02-V1","cardId":"ECR-PC-C02","groupId":"CORE","nameZhHans":"聚焦","nameEn":"FOCUS","format":"webp","version":"v1","fileName":"phi-card-c02-focus-v1.webp","objectKey":"images/phi-cards/phi-card-c02-focus-v1.webp","illustrationStatus":"COMPLETE","customerPublishableAfterAdmission":true},{"assetId":"PHI-CARD-ASSET-C03-V1","cardId":"ECR-PC-C03","groupId":"CORE","nameZhHans":"扎根","nameEn":"GROUNDING","format":"webp","version":"v1","fileName":"phi-card-c03-grounding-v1.webp","objectKey":"images/phi-cards/phi-card-c03-grounding-v1.webp","illustrationStatus":"COMPLETE","customerPublishableAfterAdmission":true},{"assetId":"PHI-CARD-ASSET-C04-V1","cardId":"ECR-PC-C04","groupId":"CORE","nameZhHans":"整合","nameEn":"INTEGRATION","format":"webp","version":"v1","fileName":"phi-card-c04-integration-v1.webp","objectKey":"images/phi-cards/phi-card-c04-integration-v1.webp","illustrationStatus":"COMPLETE","customerPublishableAfterAdmission":true},{"assetId":"PHI-CARD-ASSET-C05-V1","cardId":"ECR-PC-C05","groupId":"CORE","nameZhHans":"展开","nameEn":"EXPANSION","format":"webp","version":"v1","fileName":"phi-card-c05-expansion-v1.webp","objectKey":"images/phi-cards/phi-card-c05-expansion-v1.webp","illustrationStatus":"COMPLETE","customerPublishableAfterAdmission":true},{"assetId":"PHI-CARD-ASSET-C06-V1","cardId":"ECR-PC-C06","groupId":"CORE","nameZhHans":"重构","nameEn":"RECONFIGURATION","format":"webp","version":"v1","fileName":"phi-card-c06-reconfiguration-v1.webp","objectKey":"images/phi-cards/phi-card-c06-reconfiguration-v1.webp","illustrationStatus":"COMPLETE","customerPublishableAfterAdmission":true},{"assetId":"PHI-CARD-ASSET-C07-V1","cardId":"ECR-PC-C07","groupId":"CORE","nameZhHans":"深化","nameEn":"DEEPENING","format":"webp","version":"v1","fileName":"phi-card-c07-deepening-v1.webp","objectKey":"images/phi-cards/phi-card-c07-deepening-v1.webp","illustrationStatus":"COMPLETE","customerPublishableAfterAdmission":true},{"assetId":"PHI-CARD-ASSET-C08-V1","cardId":"ECR-PC-C08","groupId":"CORE","nameZhHans":"定向","nameEn":"ORIENTATION","format":"webp","version":"v1","fileName":"phi-card-c08-orientation-v1.webp","objectKey":"images/phi-cards/phi-card-c08-orientation-v1.webp","illustrationStatus":"COMPLETE","customerPublishableAfterAdmission":true},{"assetId":"PHI-CARD-ASSET-D01-V1","cardId":"ECR-PC-D01","groupId":"DRIVER","nameZhHans":"寻找","nameEn":"SEEKING","format":"webp","version":"v1","fileName":"phi-card-d01-seeking-v1.webp","objectKey":"images/phi-cards/phi-card-d01-seeking-v1.webp","illustrationStatus":"COMPLETE","customerPublishableAfterAdmission":true},{"assetId":"PHI-CARD-ASSET-D02-V1","cardId":"ECR-PC-D02","groupId":"DRIVER","nameZhHans":"回应","nameEn":"RESPONSE","format":"webp","version":"v1","fileName":"phi-card-d02-response-v1.webp","objectKey":"images/phi-cards/phi-card-d02-response-v1.webp","illustrationStatus":"COMPLETE","customerPublishableAfterAdmission":true},{"assetId":"PHI-CARD-ASSET-D03-V1","cardId":"ECR-PC-D03","groupId":"DRIVER","nameZhHans":"推进","nameEn":"ADVANCE","format":"webp","version":"v1","fileName":"phi-card-d03-advance-v1.webp","objectKey":"images/phi-cards/phi-card-d03-advance-v1.webp","illustrationStatus":"COMPLETE","customerPublishableAfterAdmission":true},{"assetId":"PHI-CARD-ASSET-D04-V1","cardId":"ECR-PC-D04","groupId":"DRIVER","nameZhHans":"修正","nameEn":"CORRECTION","format":"webp","version":"v1","fileName":"phi-card-d04-correction-v1.webp","objectKey":"images/phi-cards/phi-card-d04-correction-v1.webp","illustrationStatus":"COMPLETE","customerPublishableAfterAdmission":true},{"assetId":"PHI-CARD-ASSET-D05-V1","cardId":"ECR-PC-D05","groupId":"DRIVER","nameZhHans":"完成","nameEn":"COMPLETION","format":"webp","version":"v1","fileName":"phi-card-d05-completion-v1.webp","objectKey":"images/phi-cards/phi-card-d05-completion-v1.webp","illustrationStatus":"COMPLETE","customerPublishableAfterAdmission":true},{"assetId":"PHI-CARD-ASSET-D06-V1","cardId":"ECR-PC-D06","groupId":"DRIVER","nameZhHans":"突破","nameEn":"BREAKTHROUGH","format":"webp","version":"v1","fileName":"phi-card-d06-breakthrough-v1.webp","objectKey":"images/phi-cards/phi-card-d06-breakthrough-v1.webp","illustrationStatus":"COMPLETE","customerPublishableAfterAdmission":true},{"assetId":"PHI-CARD-ASSET-D07-V1","cardId":"ECR-PC-D07","groupId":"DRIVER","nameZhHans":"承担","nameEn":"STEWARDSHIP","format":"webp","version":"v1","fileName":"phi-card-d07-stewardship-v1.webp","objectKey":"images/phi-cards/phi-card-d07-stewardship-v1.webp","illustrationStatus":"COMPLETE","customerPublishableAfterAdmission":true},{"assetId":"PHI-CARD-ASSET-D08-V1","cardId":"ECR-PC-D08","groupId":"DRIVER","nameZhHans":"召唤","nameEn":"CALLING","format":"webp","version":"v1","fileName":"phi-card-d08-calling-v1.webp","objectKey":"images/phi-cards/phi-card-d08-calling-v1.webp","illustrationStatus":"COMPLETE","customerPublishableAfterAdmission":true},{"assetId":"PHI-CARD-ASSET-G01-V1","cardId":"ECR-PC-G01","groupId":"GIFT","nameZhHans":"组织","nameEn":"ORGANIZE","format":"webp","version":"v1","fileName":"phi-card-g01-organize-v1.webp","objectKey":"images/phi-cards/phi-card-g01-organize-v1.webp","illustrationStatus":"COMPLETE","customerPublishableAfterAdmission":true},{"assetId":"PHI-CARD-ASSET-G02-V1","cardId":"ECR-PC-G02","groupId":"GIFT","nameZhHans":"洞察","nameEn":"DISCERN","format":"webp","version":"v1","fileName":"phi-card-g02-discern-v1.webp","objectKey":"images/phi-cards/phi-card-g02-discern-v1.webp","illustrationStatus":"COMPLETE","customerPublishableAfterAdmission":true},{"assetId":"PHI-CARD-ASSET-G03-V1","cardId":"ECR-PC-G03","groupId":"GIFT","nameZhHans":"连接","nameEn":"CONNECT","format":"webp","version":"v1","fileName":"phi-card-g03-connect-v1.webp","objectKey":"images/phi-cards/phi-card-g03-connect-v1.webp","illustrationStatus":"COMPLETE","customerPublishableAfterAdmission":true},{"assetId":"PHI-CARD-ASSET-G04-V1","cardId":"ECR-PC-G04","groupId":"GIFT","nameZhHans":"表达","nameEn":"EXPRESS","format":"webp","version":"v1","fileName":"phi-card-g04-express-v1.webp","objectKey":"images/phi-cards/phi-card-g04-express-v1.webp","illustrationStatus":"COMPLETE","customerPublishableAfterAdmission":true},{"assetId":"PHI-CARD-ASSET-G05-V1","cardId":"ECR-PC-G05","groupId":"GIFT","nameZhHans":"承载","nameEn":"HOLD","format":"webp","version":"v1","fileName":"phi-card-g05-hold-v1.webp","objectKey":"images/phi-cards/phi-card-g05-hold-v1.webp","illustrationStatus":"COMPLETE","customerPublishableAfterAdmission":true},{"assetId":"PHI-CARD-ASSET-G06-V1","cardId":"ECR-PC-G06","groupId":"GIFT","nameZhHans":"建构","nameEn":"BUILD","format":"webp","version":"v1","fileName":"phi-card-g06-build-v1.webp","objectKey":"images/phi-cards/phi-card-g06-build-v1.webp","illustrationStatus":"COMPLETE","customerPublishableAfterAdmission":true},{"assetId":"PHI-CARD-ASSET-G07-V1","cardId":"ECR-PC-G07","groupId":"GIFT","nameZhHans":"调整","nameEn":"ADAPT","format":"webp","version":"v1","fileName":"phi-card-g07-adapt-v1.webp","objectKey":"images/phi-cards/phi-card-g07-adapt-v1.webp","illustrationStatus":"COMPLETE","customerPublishableAfterAdmission":true},{"assetId":"PHI-CARD-ASSET-G08-V1","cardId":"ECR-PC-G08","groupId":"GIFT","nameZhHans":"转化","nameEn":"TRANSFORM","format":"webp","version":"v1","fileName":"phi-card-g08-transform-v1.webp","objectKey":"images/phi-cards/phi-card-g08-transform-v1.webp","illustrationStatus":"COMPLETE","customerPublishableAfterAdmission":true},{"assetId":"PHI-CARD-ASSET-T01-V1","cardId":"ECR-PC-T01","groupId":"TENSION","nameZhHans":"过载","nameEn":"OVERLOAD","format":"webp","version":"v1","fileName":"phi-card-t01-overload-v1.webp","objectKey":"images/phi-cards/phi-card-t01-overload-v1.webp","illustrationStatus":"COMPLETE","customerPublishableAfterAdmission":true},{"assetId":"PHI-CARD-ASSET-T02-V1","cardId":"ECR-PC-T02","groupId":"TENSION","nameZhHans":"拉扯","nameEn":"PULL","format":"webp","version":"v1","fileName":"phi-card-t02-pull-v1.webp","objectKey":"images/phi-cards/phi-card-t02-pull-v1.webp","illustrationStatus":"COMPLETE","customerPublishableAfterAdmission":true},{"assetId":"PHI-CARD-ASSET-T03-V1","cardId":"ECR-PC-T03","groupId":"TENSION","nameZhHans":"迟滞","nameEn":"STALL","format":"webp","version":"v1","fileName":"phi-card-t03-stall-v1.webp","objectKey":"images/phi-cards/phi-card-t03-stall-v1.webp","illustrationStatus":"COMPLETE","customerPublishableAfterAdmission":true},{"assetId":"PHI-CARD-ASSET-T04-V1","cardId":"ECR-PC-T04","groupId":"TENSION","nameZhHans":"分散","nameEn":"DISPERSION","format":"webp","version":"v1","fileName":"phi-card-t04-dispersion-v1.webp","objectKey":"images/phi-cards/phi-card-t04-dispersion-v1.webp","illustrationStatus":"COMPLETE","customerPublishableAfterAdmission":true},{"assetId":"PHI-CARD-ASSET-T05-V1","cardId":"ECR-PC-T05","groupId":"TENSION","nameZhHans":"压缩","nameEn":"COMPRESSION","format":"webp","version":"v1'... 793843 more characters,
  expected: '// Generated from registered JSON authorities; never edit by hand.\n' +
    'import {deepFreeze} from "../interpretation-runtime/mir7-utils.js";\n' +
    'export const ECR_V41_AUTHORITIES=deepFreeze({"content/ecr-phi-card/ecr-phi-card-asset-registry-v1.json":{"schemaVersion":"PHI-OS-ECR-PHI-CARD-ASSET-REGISTRY-v1.0.0","work":"ECR-PC-R1-S6","status":"FROZEN_48_CARD_ASSET_NAMING_AUTHORITY","deckRef":"PHI-OS-ECR-PHI-CARD-DECK-REGISTRY-v2.0.0","assetCount":48,"bucketBinding":{"bucket":"phios-public-assets","baseObjectKey":"images/phi-cards/","networkVerificationRequiredByThisWork":false,"networkVerificationReason":"R2 bucket infrastructure was already verified outside ECR-PC-R1; this work only freezes canonical object keys. Object upload is deployment responsibility."},"namingRule":"phi-card-{cardId-lower}-{english-slug}-v1.webp","assets":[{"assetId":"PHI-CARD-ASSET-C01-V1","cardId":"ECR-PC-C01","groupId":"CORE","nameZhHans":"成形","nameEn":"FORMING","format":"webp","version":"v1","fileName":"phi-card-c01-forming-v1.webp","objectKey":"images/phi-cards/phi-card-c01-forming-v1.webp","illustrationStatus":"COMPLETE","customerPublishableAfterAdmission":true},{"assetId":"PHI-CARD-ASSET-C02-V1","cardId":"ECR-PC-C02","groupId":"CORE","nameZhHans":"聚焦","nameEn":"FOCUS","format":"webp","version":"v1","fileName":"phi-card-c02-focus-v1.webp","objectKey":"images/phi-cards/phi-card-c02-focus-v1.webp","illustrationStatus":"COMPLETE","customerPublishableAfterAdmission":true},{"assetId":"PHI-CARD-ASSET-C03-V1","cardId":"ECR-PC-C03","groupId":"CORE","nameZhHans":"扎根","nameEn":"GROUNDING","format":"webp","version":"v1","fileName":"phi-card-c03-grounding-v1.webp","objectKey":"images/phi-cards/phi-card-c03-grounding-v1.webp","illustrationStatus":"COMPLETE","customerPublishableAfterAdmission":true},{"assetId":"PHI-CARD-ASSET-C04-V1","cardId":"ECR-PC-C04","groupId":"CORE","nameZhHans":"整合","nameEn":"INTEGRATION","format":"webp","version":"v1","fileName":"phi-card-c04-integration-v1.webp","objectKey":"images/phi-cards/phi-card-c04-integration-v1.webp","illustrationStatus":"COMPLETE","customerPublishableAfterAdmission":true},{"assetId":"PHI-CARD-ASSET-C05-V1","cardId":"ECR-PC-C05","groupId":"CORE","nameZhHans":"展开","nameEn":"EXPANSION","format":"webp","version":"v1","fileName":"phi-card-c05-expansion-v1.webp","objectKey":"images/phi-cards/phi-card-c05-expansion-v1.webp","illustrationStatus":"COMPLETE","customerPublishableAfterAdmission":true},{"assetId":"PHI-CARD-ASSET-C06-V1","cardId":"ECR-PC-C06","groupId":"CORE","nameZhHans":"重构","nameEn":"RECONFIGURATION","format":"webp","version":"v1","fileName":"phi-card-c06-reconfiguration-v1.webp","objectKey":"images/phi-cards/phi-card-c06-reconfiguration-v1.webp","illustrationStatus":"COMPLETE","customerPublishableAfterAdmission":true},{"assetId":"PHI-CARD-ASSET-C07-V1","cardId":"ECR-PC-C07","groupId":"CORE","nameZhHans":"深化","nameEn":"DEEPENING","format":"webp","version":"v1","fileName":"phi-card-c07-deepening-v1.webp","objectKey":"images/phi-cards/phi-card-c07-deepening-v1.webp","illustrationStatus":"COMPLETE","customerPublishableAfterAdmission":true},{"assetId":"PHI-CARD-ASSET-C08-V1","cardId":"ECR-PC-C08","groupId":"CORE","nameZhHans":"定向","nameEn":"ORIENTATION","format":"webp","version":"v1","fileName":"phi-card-c08-orientation-v1.webp","objectKey":"images/phi-cards/phi-card-c08-orientation-v1.webp","illustrationStatus":"COMPLETE","customerPublishableAfterAdmission":true},{"assetId":"PHI-CARD-ASSET-D01-V1","cardId":"ECR-PC-D01","groupId":"DRIVER","nameZhHans":"寻找","nameEn":"SEEKING","format":"webp","version":"v1","fileName":"phi-card-d01-seeking-v1.webp","objectKey":"images/phi-cards/phi-card-d01-seeking-v1.webp","illustrationStatus":"COMPLETE","customerPublishableAfterAdmission":true},{"assetId":"PHI-CARD-ASSET-D02-V1","cardId":"ECR-PC-D02","groupId":"DRIVER","nameZhHans":"回应","nameEn":"RESPONSE","format":"webp","version":"v1","fileName":"phi-card-d02-response-v1.webp","objectKey":"images/phi-cards/phi-card-d02-response-v1.webp","illustrationStatus":"COMPLETE","customerPublishableAfterAdmission":true},{"assetId":"PHI-CARD-ASSET-D03-V1","cardId":"ECR-PC-D03","groupId":"DRIVER","nameZhHans":"推进","nameEn":"ADVANCE","format":"webp","version":"v1","fileName":"phi-card-d03-advance-v1.webp","objectKey":"images/phi-cards/phi-card-d03-advance-v1.webp","illustrationStatus":"COMPLETE","customerPublishableAfterAdmission":true},{"assetId":"PHI-CARD-ASSET-D04-V1","cardId":"ECR-PC-D04","groupId":"DRIVER","nameZhHans":"修正","nameEn":"CORRECTION","format":"webp","version":"v1","fileName":"phi-card-d04-correction-v1.webp","objectKey":"images/phi-cards/phi-card-d04-correction-v1.webp","illustrationStatus":"COMPLETE","customerPublishableAfterAdmission":true},{"assetId":"PHI-CARD-ASSET-D05-V1","cardId":"ECR-PC-D05","groupId":"DRIVER","nameZhHans":"完成","nameEn":"COMPLETION","format":"webp","version":"v1","fileName":"phi-card-d05-completion-v1.webp","objectKey":"images/phi-cards/phi-card-d05-completion-v1.webp","illustrationStatus":"COMPLETE","customerPublishableAfterAdmission":true},{"assetId":"PHI-CARD-ASSET-D06-V1","cardId":"ECR-PC-D06","groupId":"DRIVER","nameZhHans":"突破","nameEn":"BREAKTHROUGH","format":"webp","version":"v1","fileName":"phi-card-d06-breakthrough-v1.webp","objectKey":"images/phi-cards/phi-card-d06-breakthrough-v1.webp","illustrationStatus":"COMPLETE","customerPublishableAfterAdmission":true},{"assetId":"PHI-CARD-ASSET-D07-V1","cardId":"ECR-PC-D07","groupId":"DRIVER","nameZhHans":"承担","nameEn":"STEWARDSHIP","format":"webp","version":"v1","fileName":"phi-card-d07-stewardship-v1.webp","objectKey":"images/phi-cards/phi-card-d07-stewardship-v1.webp","illustrationStatus":"COMPLETE","customerPublishableAfterAdmission":true},{"assetId":"PHI-CARD-ASSET-D08-V1","cardId":"ECR-PC-D08","groupId":"DRIVER","nameZhHans":"召唤","nameEn":"CALLING","format":"webp","version":"v1","fileName":"phi-card-d08-calling-v1.webp","objectKey":"images/phi-cards/phi-card-d08-calling-v1.webp","illustrationStatus":"COMPLETE","customerPublishableAfterAdmission":true},{"assetId":"PHI-CARD-ASSET-G01-V1","cardId":"ECR-PC-G01","groupId":"GIFT","nameZhHans":"组织","nameEn":"ORGANIZE","format":"webp","version":"v1","fileName":"phi-card-g01-organize-v1.webp","objectKey":"images/phi-cards/phi-card-g01-organize-v1.webp","illustrationStatus":"COMPLETE","customerPublishableAfterAdmission":true},{"assetId":"PHI-CARD-ASSET-G02-V1","cardId":"ECR-PC-G02","groupId":"GIFT","nameZhHans":"洞察","nameEn":"DISCERN","format":"webp","version":"v1","fileName":"phi-card-g02-discern-v1.webp","objectKey":"images/phi-cards/phi-card-g02-discern-v1.webp","illustrationStatus":"COMPLETE","customerPublishableAfterAdmission":true},{"assetId":"PHI-CARD-ASSET-G03-V1","cardId":"ECR-PC-G03","groupId":"GIFT","nameZhHans":"连接","nameEn":"CONNECT","format":"webp","version":"v1","fileName":"phi-card-g03-connect-v1.webp","objectKey":"images/phi-cards/phi-card-g03-connect-v1.webp","illustrationStatus":"COMPLETE","customerPublishableAfterAdmission":true},{"assetId":"PHI-CARD-ASSET-G04-V1","cardId":"ECR-PC-G04","groupId":"GIFT","nameZhHans":"表达","nameEn":"EXPRESS","format":"webp","version":"v1","fileName":"phi-card-g04-express-v1.webp","objectKey":"images/phi-cards/phi-card-g04-express-v1.webp","illustrationStatus":"COMPLETE","customerPublishableAfterAdmission":true},{"assetId":"PHI-CARD-ASSET-G05-V1","cardId":"ECR-PC-G05","groupId":"GIFT","nameZhHans":"承载","nameEn":"HOLD","format":"webp","version":"v1","fileName":"phi-card-g05-hold-v1.webp","objectKey":"images/phi-cards/phi-card-g05-hold-v1.webp","illustrationStatus":"COMPLETE","customerPublishableAfterAdmission":true},{"assetId":"PHI-CARD-ASSET-G06-V1","cardId":"ECR-PC-G06","groupId":"GIFT","nameZhHans":"建构","nameEn":"BUILD","format":"webp","version":"v1","fileName":"phi-card-g06-build-v1.webp","objectKey":"images/phi-cards/phi-card-g06-build-v1.webp","illustrationStatus":"COMPLETE","customerPublishableAfterAdmission":true},{"assetId":"PHI-CARD-ASSET-G07-V1","cardId":"ECR-PC-G07","groupId":"GIFT","nameZhHans":"调整","nameEn":"ADAPT","format":"webp","version":"v1","fileName":"phi-card-g07-adapt-v1.webp","objectKey":"images/phi-cards/phi-card-g07-adapt-v1.webp","illustrationStatus":"COMPLETE","customerPublishableAfterAdmission":true},{"assetId":"PHI-CARD-ASSET-G08-V1","cardId":"ECR-PC-G08","groupId":"GIFT","nameZhHans":"转化","nameEn":"TRANSFORM","format":"webp","version":"v1","fileName":"phi-card-g08-transform-v1.webp","objectKey":"images/phi-cards/phi-card-g08-transform-v1.webp","illustrationStatus":"COMPLETE","customerPublishableAfterAdmission":true},{"assetId":"PHI-CARD-ASSET-T01-V1","cardId":"ECR-PC-T01","groupId":"TENSION","nameZhHans":"过载","nameEn":"OVERLOAD","format":"webp","version":"v1","fileName":"phi-card-t01-overload-v1.webp","objectKey":"images/phi-cards/phi-card-t01-overload-v1.webp","illustrationStatus":"COMPLETE","customerPublishableAfterAdmission":true},{"assetId":"PHI-CARD-ASSET-T02-V1","cardId":"ECR-PC-T02","groupId":"TENSION","nameZhHans":"拉扯","nameEn":"PULL","format":"webp","version":"v1","fileName":"phi-card-t02-pull-v1.webp","objectKey":"images/phi-cards/phi-card-t02-pull-v1.webp","illustrationStatus":"COMPLETE","customerPublishableAfterAdmission":true},{"assetId":"PHI-CARD-ASSET-T03-V1","cardId":"ECR-PC-T03","groupId":"TENSION","nameZhHans":"迟滞","nameEn":"STALL","format":"webp","version":"v1","fileName":"phi-card-t03-stall-v1.webp","objectKey":"images/phi-cards/phi-card-t03-stall-v1.webp","illustrationStatus":"COMPLETE","customerPublishableAfterAdmission":true},{"assetId":"PHI-CARD-ASSET-T04-V1","cardId":"ECR-PC-T04","groupId":"TENSION","nameZhHans":"分散","nameEn":"DISPERSION","format":"webp","version":"v1","fileName":"phi-card-t04-dispersion-v1.webp","objectKey":"images/phi-cards/phi-card-t04-dispersion-v1.webp","illustrationStatus":"COMPLETE","customerPublishableAfterAdmission":true},{"assetId":"PHI-CARD-ASSET-T05-V1","cardId":"ECR-PC-T05","groupId":"TENSION","nameZhHans":"压缩","nameEn":"COMPRESSION","format":"webp","version":"v1'... 794198 more characters,
  operator: 'strictEqual',
  diff: 'simple'
}

Node.js v24.18.0
DIAGNOSTIC_START npm run check:shared-astronomy:chiron-contract

> check:shared-astronomy:chiron-contract
> node scripts/check-shared-astronomy-chiron-contract.mjs

PASS Chiron contract/status/digest tests with SYNTHETIC adapter only. Real provider selection, independent precision and position freeze NOT_RUN.
DIAGNOSTIC_START npm run check:ecr-v41:admission-workspace

> check:ecr-v41:admission-workspace
> node scripts/check-ecr-v41a-admission-workspace.mjs

node:internal/modules/run_main:107
    triggerUncaughtException(
    ^

AssertionError [ERR_ASSERTION]: Expected values to be strictly equal:

12 !== 0

    at file:///C:/phios/scripts/check-ecr-v41a-admission-workspace.mjs:14:129 {
  generatedMessage: true,
  code: 'ERR_ASSERTION',
  actual: 12,
  expected: 0,
  operator: 'strictEqual',
  diff: 'simple'
}

Node.js v24.18.0
DIAGNOSTIC_START npm run check:ecr-v41:chiron-driver

> check:ecr-v41:chiron-driver
> node scripts/check-ecr-v41-chiron-driver.mjs

node:internal/modules/run_main:107
    triggerUncaughtException(
    ^

AssertionError [ERR_ASSERTION]: Expected values to be strictly equal:

26 !== 28

    at file:///C:/phios/scripts/check-ecr-v41-chiron-driver.mjs:9:8 {
  generatedMessage: true,
  code: 'ERR_ASSERTION',
  actual: 26,
  expected: 28,
  operator: 'strictEqual',
  diff: 'simple'
}

Node.js v24.18.0
DIAGNOSTIC_RESULTS [{"command":"npm run check:web-production-runtime","exitCode":1,"error":null},{"command":"npm run check:cx-priority","exitCode":0,"error":null},{"command":"npm run check:cx-r12r3b-pass2c","exitCode":0,"error":null},{"command":"npm run check:ecr-human-runtime-v4-1","exitCode":1,"error":null},{"command":"npm run check:shared-astronomy:chiron-contract","exitCode":0,"error":null},{"command":"npm run check:ecr-v41:admission-workspace","exitCode":1,"error":null},{"command":"npm run check:ecr-v41:chiron-driver","exitCode":1,"error":null}]
